Archive member included to satisfy reference by file (symbol)

/home/hieutran/game/tools/gcc-arm-none-eabi-10.3-2021.10/arm-none-eabi/lib/thumb/v7-m/nofp/libc.a(lib_a-atof.o)
                              build_ak-base-kit-stm32l151-application/WString.o (atof)
/home/hieutran/game/tools/gcc-arm-none-eabi-10.3-2021.10/arm-none-eabi/lib/thumb/v7-m/nofp/libc.a(lib_a-atol.o)
                              build_ak-base-kit-stm32l151-application/WString.o (atol)
/home/hieutran/game/tools/gcc-arm-none-eabi-10.3-2021.10/arm-none-eabi/lib/thumb/v7-m/nofp/libc.a(lib_a-isspace.o)
                              build_ak-base-kit-stm32l151-application/WString.o (isspace)
/home/hieutran/game/tools/gcc-arm-none-eabi-10.3-2021.10/arm-none-eabi/lib/thumb/v7-m/nofp/libc.a(lib_a-malloc.o)
                              build_ak-base-kit-stm32l151-application/message.o (malloc)
/home/hieutran/game/tools/gcc-arm-none-eabi-10.3-2021.10/arm-none-eabi/lib/thumb/v7-m/nofp/libc.a(lib_a-mallocr.o)
                              /home/hieutran/game/tools/gcc-arm-none-eabi-10.3-2021.10/arm-none-eabi/lib/thumb/v7-m/nofp/libc.a(lib_a-malloc.o) (_malloc_r)
/home/hieutran/game/tools/gcc-arm-none-eabi-10.3-2021.10/arm-none-eabi/lib/thumb/v7-m/nofp/libc.a(lib_a-memcmp.o)
                              build_ak-base-kit-stm32l151-application/mbmfuncfiles.o (memcmp)
/home/hieutran/game/tools/gcc-arm-none-eabi-10.3-2021.10/arm-none-eabi/lib/thumb/v7-m/nofp/libc.a(lib_a-memcpy.o)
                              build_ak-base-kit-stm32l151-application/message.o (memcpy)
/home/hieutran/game/tools/gcc-arm-none-eabi-10.3-2021.10/arm-none-eabi/lib/thumb/v7-m/nofp/libc.a(lib_a-memmove.o)
                              build_ak-base-kit-stm32l151-application/WString.o (memmove)
/home/hieutran/game/tools/gcc-arm-none-eabi-10.3-2021.10/arm-none-eabi/lib/thumb/v7-m/nofp/libc.a(lib_a-memset.o)
                              build_ak-base-kit-stm32l151-application/task.o (memset)
/home/hieutran/game/tools/gcc-arm-none-eabi-10.3-2021.10/arm-none-eabi/lib/thumb/v7-m/nofp/libc.a(lib_a-mlock.o)
                              /home/hieutran/game/tools/gcc-arm-none-eabi-10.3-2021.10/arm-none-eabi/lib/thumb/v7-m/nofp/libc.a(lib_a-mallocr.o) (__malloc_lock)
/home/hieutran/game/tools/gcc-arm-none-eabi-10.3-2021.10/arm-none-eabi/lib/thumb/v7-m/nofp/libc.a(lib_a-rand.o)
                              build_ak-base-kit-stm32l151-application/WMath.o (srand)
/home/hieutran/game/tools/gcc-arm-none-eabi-10.3-2021.10/arm-none-eabi/lib/thumb/v7-m/nofp/libc.a(lib_a-realloc.o)
                              build_ak-base-kit-stm32l151-application/WString.o (realloc)
/home/hieutran/game/tools/gcc-arm-none-eabi-10.3-2021.10/arm-none-eabi/lib/thumb/v7-m/nofp/libc.a(lib_a-reallocr.o)
                              /home/hieutran/game/tools/gcc-arm-none-eabi-10.3-2021.10/arm-none-eabi/lib/thumb/v7-m/nofp/libc.a(lib_a-realloc.o) (_realloc_r)
/home/hieutran/game/tools/gcc-arm-none-eabi-10.3-2021.10/arm-none-eabi/lib/thumb/v7-m/nofp/libc.a(lib_a-sbrkr.o)
                              /home/hieutran/game/tools/gcc-arm-none-eabi-10.3-2021.10/arm-none-eabi/lib/thumb/v7-m/nofp/libc.a(lib_a-mallocr.o) (_sbrk_r)
/home/hieutran/game/tools/gcc-arm-none-eabi-10.3-2021.10/arm-none-eabi/lib/thumb/v7-m/nofp/libc.a(lib_a-strcat.o)
                              build_ak-base-kit-stm32l151-application/dtostrf.o (strcat)
/home/hieutran/game/tools/gcc-arm-none-eabi-10.3-2021.10/arm-none-eabi/lib/thumb/v7-m/nofp/libc.a(lib_a-strchr.o)
                              build_ak-base-kit-stm32l151-application/WString.o (strchr)
/home/hieutran/game/tools/gcc-arm-none-eabi-10.3-2021.10/arm-none-eabi/lib/thumb/v7-m/nofp/libc.a(lib_a-strcmp.o)
                              build_ak-base-kit-stm32l151-application/cmd_line.o (strcmp)
/home/hieutran/game/tools/gcc-arm-none-eabi-10.3-2021.10/arm-none-eabi/lib/thumb/v7-m/nofp/libc.a(lib_a-strcpy.o)
                              build_ak-base-kit-stm32l151-application/sys_dbg.o (strcpy)
/home/hieutran/game/tools/gcc-arm-none-eabi-10.3-2021.10/arm-none-eabi/lib/thumb/v7-m/nofp/libc.a(lib_a-strlen-stub.o)
                              build_ak-base-kit-stm32l151-application/xprintf.o (strlen)
/home/hieutran/game/tools/gcc-arm-none-eabi-10.3-2021.10/arm-none-eabi/lib/thumb/v7-m/nofp/libc.a(lib_a-strncmp.o)
                              build_ak-base-kit-stm32l151-application/WString.o (strncmp)
/home/hieutran/game/tools/gcc-arm-none-eabi-10.3-2021.10/arm-none-eabi/lib/thumb/v7-m/nofp/libc.a(lib_a-strncpy.o)
                              build_ak-base-kit-stm32l151-application/WString.o (strncpy)
/home/hieutran/game/tools/gcc-arm-none-eabi-10.3-2021.10/arm-none-eabi/lib/thumb/v7-m/nofp/libc.a(lib_a-strrchr.o)
                              build_ak-base-kit-stm32l151-application/WString.o (strrchr)
/home/hieutran/game/tools/gcc-arm-none-eabi-10.3-2021.10/arm-none-eabi/lib/thumb/v7-m/nofp/libc.a(lib_a-strstr.o)
[...]
Memory Configuration

Name             Origin             Length             Attributes
BSF              0x0000000008002000 0x0000000000001000 xr
FLASH            0x0000000008003000 0x000000000001d000 xr
SRAM             0x0000000020000000 0x0000000000004000 xrw
*default*        0x0000000000000000 0xffffffffffffffff

Linker script and memory map

                0x0000000000000800                HEAP_SIZE = 0x800

.start_boot_share_data_flash
                0x0000000008002000        0x0
                0x0000000008002000                _start_boot_share_data_flash = .

.start_flash    0x0000000008003000        0x0
                0x0000000008003000                _start_flash = .

.isr_vector     0x0000000008003000       0xf4
                0x0000000008003000                _isr_vector = .
 *(.isr_vector)
 .isr_vector    0x0000000008003000       0xf4 build_ak-base-kit-stm32l151-application/system.o
                0x0000000008003000                isr_vector
                0x00000000080030f4                . = ALIGN (0x4)

.text           0x00000000080030f8     0xf1f8
                0x00000000080030f8                . = ALIGN (0x4)
 *(.text)
 .text          0x00000000080030f8       0xec /home/hieutran/game/tools/gcc-arm-none-eabi-10.3-2021.10/arm-none-eabi/lib/thumb/v7-m/nofp/libc.a(lib_a-memcpy.o)
                0x00000000080030f8                memcpy
 .text          0x00000000080031e4      0x1bc /home/hieutran/game/tools/gcc-arm-none-eabi-10.3-2021.10/arm-none-eabi/lib/thumb/v7-m/nofp/libc.a(lib_a-strcmp.o)
                0x00000000080031e4                strcmp
 .text          0x00000000080033a0      0x378 /home/hieutran/game/tools/gcc-arm-none-eabi-10.3-2021.10/lib/gcc/arm-none-eabi/10.3.1/thumb/v7-m/nofp/libgcc.a(_arm_addsubdf3.o)
                0x00000000080033a0                __aeabi_drsub
                0x00000000080033a8                __aeabi_dsub
                0x00000000080033a8                __subdf3
                0x00000000080033ac                __adddf3
                0x00000000080033ac                __aeabi_dadd
                0x0000000008003624                __aeabi_ui2d
                0x0000000008003624                __floatunsidf
                0x0000000008003644                __floatsidf
                0x0000000008003644                __aeabi_i2d
                0x0000000008003668                __extendsfdf2
                0x0000000008003668                __aeabi_f2d
                0x00000000080036ac                __aeabi_ul2d
                0x00000000080036ac                __floatundidf
                0x00000000080036bc                __floatdidf
                0x00000000080036bc                __aeabi_l2d
 .text          0x0000000008003718      0x424 /home/hieutran/game/tools/gcc-arm-none-eabi-10.3-2021.10/lib/gcc/arm-none-eabi/10.3.1/thumb/v7-m/nofp/libgcc.a(_arm_muldivdf3.o)
                0x0000000008003718                __aeabi_dmul
                0x0000000008003718                __muldf3
                0x000000000800396c                __aeabi_ddiv
                0x000000000800396c                __divdf3
 .text          0x0000000008003b3c      0x110 /home/hieutran/game/tools/gcc-arm-none-eabi-10.3-2021.10/lib/gcc/arm-none-eabi/10.3.1/thumb/v7-m/nofp/libgcc.a(_arm_cmpdf2.o)
                0x0000000008003b3c                __gtdf2
                0x0000000008003b3c                __gedf2
                0x0000000008003b44                __ltdf2
                0x0000000008003b44                __ledf2
                0x0000000008003b4c                __cmpdf2
                0x0000000008003b4c                __eqdf2
                0x0000000008003b4c                __nedf2
                0x0000000008003bc8                __aeabi_cdrcmple
                0x0000000008003bd8                __aeabi_cdcmple
                0x0000000008003bd8                __aeabi_cdcmpeq
                0x0000000008003be8                __aeabi_dcmpeq
                0x0000000008003bfc                __aeabi_dcmplt
                0x0000000008003c10                __aeabi_dcmple
                0x0000000008003c24                __aeabi_dcmpge
                0x0000000008003c38                __aeabi_dcmpgt
 .text          0x0000000008003c4c       0x2c /home/hieutran/game/tools/gcc-arm-none-eabi-10.3-2021.10/lib/gcc/arm-none-eabi/10.3.1/thumb/v7-m/nofp/libgcc.a(_arm_unorddf2.o)
                0x0000000008003c4c                __aeabi_dcmpun
                0x0000000008003c4c                __unorddf2
 .text          0x0000000008003c78       0x50 /home/hieutran/game/tools/gcc-arm-none-eabi-10.3-2021.10/lib/gcc/arm-none-eabi/10.3.1/thumb/v7-m/nofp/libgcc.a(_arm_fixdfsi.o)
                0x0000000008003c78                __fixdfsi
                0x0000000008003c78                __aeabi_d2iz
 .text          0x0000000008003cc8       0x40 /home/hieutran/game/tools/gcc-arm-none-eabi-10.3-2021.10/lib/gcc/arm-none-eabi/10.3.1/thumb/v7-m/nofp/libgcc.a(_arm_fixunsdfsi.o)
                0x0000000008003cc8                __fixunsdfsi
                0x0000000008003cc8                __aeabi_d2uiz
 .text          0x0000000008003d08      0x21c /home/hieutran/game/tools/gcc-arm-none-eabi-10.3-2021.10/lib/gcc/arm-none-eabi/10.3.1/thumb/v7-m/nofp/libgcc.a(_arm_addsubsf3.o)
                0x0000000008003d08                __aeabi_frsub
                0x0000000008003d10                __subsf3
                0x0000000008003d10                __aeabi_fsub
                0x0000000008003d14                __aeabi_fadd
                0x0000000008003d14                __addsf3
                0x0000000008003e74                __aeabi_ui2f
                0x0000000008003e74                __floatunsisf
                0x0000000008003e7c                __aeabi_i2f
                0x0000000008003e7c                __floatsisf
                0x0000000008003e98                __floatundisf
                0x0000000008003e98                __aeabi_ul2f
                0x0000000008003ea8                __floatdisf
                0x0000000008003ea8                __aeabi_l2f
 .text          0x0000000008003f24       0x30 /home/hieutran/game/tools/gcc-arm-none-eabi-10.3-2021.10/lib/gcc/arm-none-eabi/10.3.1/thumb/v7-m/nofp/libgcc.a(_aeabi_uldivmod.o)
                0x0000000008003f24                __aeabi_uldivmod
 .text          0x0000000008003f54      0x2d4 /home/hieutran/game/tools/gcc-arm-none-eabi-10.3-2021.10/lib/gcc/arm-none-eabi/10.3.1/thumb/v7-m/nofp/libgcc.a(_udivmoddi4.o)
                0x0000000008003f54                __udivmoddi4
 .text          0x0000000008004228        0x4 /home/hieutran/game/tools/gcc-arm-none-eabi-10.3-2021.10/lib/gcc/arm-none-eabi/10.3.1/thumb/v7-m/nofp/libgcc.a(_dvmd_tls.o)
                0x0000000008004228                __aeabi_ldiv0
                0x0000000008004228                __aeabi_idiv0
 *(.text*)
 .text.fsm_dispatch
                0x000000000800422c        0x6 build_ak-base-kit-stm32l151-application/fsm.o
                0x000000000800422c                fsm_dispatch
 *fill*         0x0000000008004232        0x2 
 .text.task_create
                0x0000000008004234       0x3c build_ak-base-kit-stm32l151-application/task.o
                0x0000000008004234                task_create
 .text.task_polling_create
                0x0000000008004270       0x34 build_ak-base-kit-stm32l151-application/task.o
                0x0000000008004270                task_polling_create
 .text.task_post
                0x00000000080042a4       0x84 build_ak-base-kit-stm32l151-application/task.o
                0x00000000080042a4                task_post
 .text.task_remove_msg
                0x0000000008004328       0xb4 build_ak-base-kit-stm32l151-application/task.o
                0x0000000008004328                task_remove_msg
 .text.task_post_pure_msg
                0x00000000080043dc       0x18 build_ak-base-kit-stm32l151-application/task.o
                0x00000000080043dc                task_post_pure_msg
 .text.task_post_common_msg
                0x00000000080043f4       0x2a build_ak-base-kit-stm32l151-application/task.o
                0x00000000080043f4                task_post_common_msg
 *fill*         0x000000000800441e        0x2 
 .text.task_entry_interrupt
                0x0000000008004420       0x1c build_ak-base-kit-stm32l151-application/task.o
                0x0000000008004420                task_entry_interrupt
 .text.task_exit_interrupt
                0x000000000800443c       0x24 build_ak-base-kit-stm32l151-application/task.o
                0x000000000800443c                task_exit_interrupt
 .text.task_init
                0x0000000008004460       0x40 build_ak-base-kit-stm32l151-application/task.o
                0x0000000008004460                task_init
 .text.task_polling_run
                0x00000000080044a0       0x34 build_ak-base-kit-stm32l151-application/task.o
                0x00000000080044a0                task_polling_run
 .text.task_run
                0x00000000080044d4      0x138 build_ak-base-kit-stm32l151-application/task.o
                0x00000000080044d4                task_run
 .text.get_current_task_id
                0x000000000800460c        0xc build_ak-base-kit-stm32l151-application/task.o
                0x000000000800460c                get_current_task_id
 .text.get_current_task_info
                0x0000000008004618        0x8 build_ak-base-kit-stm32l151-application/task.o
                0x0000000008004618                get_current_task_info
 .text.get_current_active_object
                0x0000000008004620        0x8 build_ak-base-kit-stm32l151-application/task.o
                0x0000000008004620                get_current_active_object
 .text.timer_remove_msg
                0x0000000008004628       0x64 build_ak-base-kit-stm32l151-application/timer.o
 .text.task_timer_tick
                0x000000000800468c       0x7c build_ak-base-kit-stm32l151-application/timer.o
                0x000000000800468c                task_timer_tick
 .text.timer_init
                0x0000000008004708       0x6c build_ak-base-kit-stm32l151-application/timer.o
                0x0000000008004708                timer_init
 .text.timer_tick
                0x0000000008004774       0x38 build_ak-base-kit-stm32l151-application/timer.o
                0x0000000008004774                timer_tick
 .text.timer_set
                0x00000000080047ac       0x98 build_ak-base-kit-stm32l151-application/timer.o
                0x00000000080047ac                timer_set
 .text.timer_remove_attr
                0x0000000008004844       0x18 build_ak-base-kit-stm32l151-application/timer.o
                0x0000000008004844                timer_remove_attr
 .text.free_common_msg
                0x000000000800485c       0x28 build_ak-base-kit-stm32l151-application/message.o
 .text.free_pure_msg
                0x0000000008004884       0x28 build_ak-base-kit-stm32l151-application/message.o
 .text.free_dynamic_msg
                0x00000000080048ac       0x30 build_ak-base-kit-stm32l151-application/message.o
 .text.msg_init
                0x00000000080048dc      0x100 build_ak-base-kit-stm32l151-application/message.o
                0x00000000080048dc                msg_init
 .text.msg_force_free
                0x00000000080049dc       0x44 build_ak-base-kit-stm32l151-application/message.o
                0x00000000080049dc                msg_force_free
 .text.msg_inc_ref_count
                0x0000000008004a20       0x2c build_ak-base-kit-stm32l151-application/message.o
                0x0000000008004a20                msg_inc_ref_count
 .text.msg_dec_ref_count
                0x0000000008004a4c       0x28 build_ak-base-kit-stm32l151-application/message.o
                0x0000000008004a4c                msg_dec_ref_count
 .text.msg_free
                0x0000000008004a74       0x58 build_ak-base-kit-stm32l151-application/message.o
                0x0000000008004a74                msg_free
 .text.ak_malloc
                0x0000000008004acc       0x50 build_ak-base-kit-stm32l151-application/message.o
                0x0000000008004acc                ak_malloc
 .text.ak_free  0x0000000008004b1c        0x4 build_ak-base-kit-stm32l151-application/message.o
                0x0000000008004b1c                ak_free
 .text.get_pure_msg
                0x0000000008004b20       0x5c build_ak-base-kit-stm32l151-application/message.o
                0x0000000008004b20                get_pure_msg
 .text.get_common_msg
                0x0000000008004b7c       0x60 build_ak-base-kit-stm32l151-application/message.o
                0x0000000008004b7c                get_common_msg
 .text.set_data_common_msg
                0x0000000008004bdc       0x4c build_ak-base-kit-stm32l151-application/message.o
                0x0000000008004bdc                set_data_common_msg
 .text.get_data_common_msg
                0x0000000008004c28       0x28 build_ak-base-kit-stm32l151-application/message.o
                0x0000000008004c28                get_data_common_msg
 .text.get_data_len_common_msg
                0x0000000008004c50       0x28 build_ak-base-kit-stm32l151-application/message.o
                0x0000000008004c50                get_data_len_common_msg
 .text.get_dynamic_msg
                0x0000000008004c78       0x64 build_ak-base-kit-stm32l151-application/message.o
                0x0000000008004c78                get_dynamic_msg
 .text.set_data_dynamic_msg
                0x0000000008004cdc       0x3c build_ak-base-kit-stm32l151-application/message.o
                0x0000000008004cdc                set_data_dynamic_msg
 .text.get_data_dynamic_msg
                0x0000000008004d18       0x28 build_ak-base-kit-stm32l151-application/message.o
                0x0000000008004d18                get_data_dynamic_msg
 .text.get_data_len_dynamic_msg
                0x0000000008004d40        0x4 build_ak-base-kit-stm32l151-application/message.o
                0x0000000008004d40                get_data_len_dynamic_msg
 .text.log_queue_init
                0x0000000008004d44       0x2e build_ak-base-kit-stm32l151-application/log_queue.o
                0x0000000008004d44                log_queue_init
 .text.log_queue_len
                0x0000000008004d72        0x4 build_ak-base-kit-stm32l151-application/log_queue.o
                0x0000000008004d72                log_queue_len
 .text.log_queue_put
                0x0000000008004d76       0x5c build_ak-base-kit-stm32l151-application/log_queue.o
                0x0000000008004d76                log_queue_put
 .text.log_queue_get
                0x0000000008004dd2       0x30 build_ak-base-kit-stm32l151-application/log_queue.o
                0x0000000008004dd2                log_queue_get
 .text.fifo_init
                0x0000000008004e02       0x12 build_ak-base-kit-stm32l151-application/fifo.o
                0x0000000008004e02                fifo_init
 .text.fifo_availble
                0x0000000008004e14        0x4 build_ak-base-kit-stm32l151-application/fifo.o
                0x0000000008004e14                fifo_availble
 .text.fifo_is_full
                0x0000000008004e18        0xc build_ak-base-kit-stm32l151-application/fifo.o
                0x0000000008004e18                fifo_is_full
 .text.fifo_put
                0x0000000008004e24       0x54 build_ak-base-kit-stm32l151-application/fifo.o
                0x0000000008004e24                fifo_put
 .text.fifo_get
                0x0000000008004e78       0x50 build_ak-base-kit-stm32l151-application/fifo.o
                0x0000000008004e78                fifo_get
 .text.ring_buffer_char_init
                0x0000000008004ec8        0xc build_ak-base-kit-stm32l151-application/ring_buffer.o
                0x0000000008004ec8                ring_buffer_char_init
 .text.ring_buffer_char_is_empty
                0x0000000008004ed4        0xa build_ak-base-kit-stm32l151-application/ring_buffer.o
                0x0000000008004ed4                ring_buffer_char_is_empty
 .text.ring_buffer_char_put
                0x0000000008004ede       0x36 build_ak-base-kit-stm32l151-application/ring_buffer.o
                0x0000000008004ede                ring_buffer_char_put
 .text.ring_buffer_char_get
                0x0000000008004f14       0x26 build_ak-base-kit-stm32l151-application/ring_buffer.o
                0x0000000008004f14                ring_buffer_char_get
 .text.mem_read
                0x0000000008004f3a       0x18 build_ak-base-kit-stm32l151-application/utils.o
                0x0000000008004f3a                mem_read
 .text.mem_write
                0x0000000008004f52       0x1a build_ak-base-kit-stm32l151-application/utils.o
                0x0000000008004f52                mem_write
 *fill*         0x0000000008004f6c        0x4 
 .text.ilog10   0x0000000008004f70       0xd8 build_ak-base-kit-stm32l151-application/xprintf.o
 .text.i10x     0x0000000008005048       0x78 build_ak-base-kit-stm32l151-application/xprintf.o
 .text.xfputc   0x00000000080050c0       0x30 build_ak-base-kit-stm32l151-application/xprintf.o
                0x00000000080050c0                xfputc
 .text.xputc    0x00000000080050f0       0x10 build_ak-base-kit-stm32l151-application/xprintf.o
                0x00000000080050f0                xputc
 .text.xvfprintf
                0x0000000008005100      0x580 build_ak-base-kit-stm32l151-application/xprintf.o
 .text.xprintf  0x0000000008005680       0x24 build_ak-base-kit-stm32l151-application/xprintf.o
                0x0000000008005680                xprintf
 .text.xsprintf
                0x00000000080056a4       0x2c build_ak-base-kit-stm32l151-application/xprintf.o
                0x00000000080056a4                xsprintf
 .text.cmd_line_parser
                0x00000000080056d0       0x7c build_ak-base-kit-stm32l151-application/cmd_line.o
                0x00000000080056d0                cmd_line_parser
 .text.button_init
                0x000000000800574c       0x34 build_ak-base-kit-stm32l151-application/button.o
                0x000000000800574c                button_init
 .text.button_enable
                0x0000000008005780        0x6 build_ak-base-kit-stm32l151-application/button.o
                0x0000000008005780                button_enable
 .text.button_timer_polling
                0x0000000008005786       0x76 build_ak-base-kit-stm32l151-application/button.o
                0x0000000008005786                button_timer_polling
 .text.flash_wait_to_idle
                0x00000000080057fc       0x32 build_ak-base-kit-stm32l151-application/flash.o
 .text.flash_set_write_enable.constprop.0
                0x000000000800582e       0x14 build_ak-base-kit-stm32l151-application/flash.o
 .text.flash_is_connected
                0x0000000008005842       0x22 build_ak-base-kit-stm32l151-application/flash.o
                0x0000000008005842                flash_is_connected
 .text.flash_read
                0x0000000008005864       0x5e build_ak-base-kit-stm32l151-application/flash.o
                0x0000000008005864                flash_read
 .text.flash_write
                0x00000000080058c2       0x6c build_ak-base-kit-stm32l151-application/flash.o
                0x00000000080058c2                flash_write
 .text.flash_erase_sector
                0x000000000800592e       0x48 build_ak-base-kit-stm32l151-application/flash.o
                0x000000000800592e                flash_erase_sector
 .text.flash_erase_block_64k
                0x0000000008005976       0x46 build_ak-base-kit-stm32l151-application/flash.o
                0x0000000008005976                flash_erase_block_64k
 .text.led_init
                0x00000000080059bc       0x20 build_ak-base-kit-stm32l151-application/led.o
                0x00000000080059bc                led_init
 .text.led_on   0x00000000080059dc        0xc build_ak-base-kit-stm32l151-application/led.o
                0x00000000080059dc                led_on
 .text.led_off  0x00000000080059e8        0xc build_ak-base-kit-stm32l151-application/led.o
                0x00000000080059e8                led_off
 .text.led_toggle
                0x00000000080059f4       0x12 build_ak-base-kit-stm32l151-application/led.o
                0x00000000080059f4                led_toggle
 *fill*         0x0000000008005a06        0x2 
 .text.BUZZER_Init
                0x0000000008005a08       0xe0 build_ak-base-kit-stm32l151-application/buzzer.o
                0x0000000008005a08                BUZZER_Init
 .text.BUZZER_Disable
                0x0000000008005ae8       0x38 build_ak-base-kit-stm32l151-application/buzzer.o
                0x0000000008005ae8                BUZZER_Disable
 .text.BUZZER_Enable
                0x0000000008005b20       0x84 build_ak-base-kit-stm32l151-application/buzzer.o
                0x0000000008005b20                BUZZER_Enable
 .text.buzzer_irq
                0x0000000008005ba4       0x98 build_ak-base-kit-stm32l151-application/buzzer.o
                0x0000000008005ba4                buzzer_irq
 .text.BUZZER_PlayTones
                0x0000000008005c3c        0x2 build_ak-base-kit-stm32l151-application/buzzer.o
                0x0000000008005c3c                BUZZER_PlayTones
 *fill*         0x0000000008005c3e        0x2 
 .text.getModeBits
                0x0000000008005c40       0x30 build_ak-base-kit-stm32l151-application/qrcode.o
 .text.bb_appendBits
                0x0000000008005c70       0x58 build_ak-base-kit-stm32l151-application/qrcode.o
 .text.bb_setBit
                0x0000000008005cc8       0x28 build_ak-base-kit-stm32l151-application/qrcode.o
 .text.bb_getBit
                0x0000000008005cf0       0x1a build_ak-base-kit-stm32l151-application/qrcode.o
 *fill*         0x0000000008005d0a        0x2 
 .text.applyMask
                0x0000000008005d0c      0x110 build_ak-base-kit-stm32l151-application/qrcode.o
 .text.setFunctionModule
                0x0000000008005e1c       0x24 build_ak-base-kit-stm32l151-application/qrcode.o
 .text.drawFinderPattern
                0x0000000008005e40       0x8a build_ak-base-kit-stm32l151-application/qrcode.o
 .text.drawFormatBits
                0x0000000008005eca      0x114 build_ak-base-kit-stm32l151-application/qrcode.o
 *fill*         0x0000000008005fde        0x2 
 .text.getAlphanumeric
                0x0000000008005fe0       0x34 build_ak-base-kit-stm32l151-application/qrcode.o
 .text.qrcode_getBufferSize
                0x0000000008006014        0xe build_ak-base-kit-stm32l151-application/qrcode.o
                0x0000000008006014                qrcode_getBufferSize
 *fill*         0x0000000008006022        0x2 
 .text.qrcode_initBytes
                0x0000000008006024      0x9e0 build_ak-base-kit-stm32l151-application/qrcode.o
                0x0000000008006024                qrcode_initBytes
 .text.qrcode_initText
                0x0000000008006a04       0x2e build_ak-base-kit-stm32l151-application/qrcode.o
                0x0000000008006a04                qrcode_initText
 .text.qrcode_getModule
                0x0000000008006a32       0x28 build_ak-base-kit-stm32l151-application/qrcode.o
                0x0000000008006a32                qrcode_getModule
 *fill*         0x0000000008006a5a        0x2 
 .text.sys_dbg_cpu_dump
                0x0000000008006a5c       0x4c build_ak-base-kit-stm32l151-application/sys_dbg.o
                0x0000000008006a5c                sys_dbg_cpu_dump
 .text.sys_dbg_stack_space_dump
                0x0000000008006aa8       0x30 build_ak-base-kit-stm32l151-application/sys_dbg.o
                0x0000000008006aa8                sys_dbg_stack_space_dump
 .text.sys_dbg_fatal
                0x0000000008006ad8      0x3cc build_ak-base-kit-stm32l151-application/sys_dbg.o
                0x0000000008006ad8                sys_dbg_fatal
 .text.sys_boot_init
                0x0000000008006ea4       0x14 build_ak-base-kit-stm32l151-application/sys_boot.o
                0x0000000008006ea4                sys_boot_init
 .text.sys_boot_get
                0x0000000008006eb8        0xc build_ak-base-kit-stm32l151-application/sys_boot.o
                0x0000000008006eb8                sys_boot_get
 .text.sys_boot_set
                0x0000000008006ec4       0x34 build_ak-base-kit-stm32l151-application/sys_boot.o
                0x0000000008006ec4                sys_boot_set
 .text.eMBExceptionToErrorcode
                0x0000000008006ef8       0x14 build_ak-base-kit-stm32l151-application/mbutils.o
                0x0000000008006ef8                eMBExceptionToErrorcode
 .text.eMBMReleaseHdl
                0x0000000008006f0c       0x58 build_ak-base-kit-stm32l151-application/mbm.o
 .text.bMBMResponseTimeoutCB
                0x0000000008006f64       0x18 build_ak-base-kit-stm32l151-application/mbm.o
 .text.bMBMIsHdlValid
                0x0000000008006f7c       0x18 build_ak-base-kit-stm32l151-application/mbm.o
                0x0000000008006f7c                bMBMIsHdlValid
 .text.vMBMMasterTransactionPolled
                0x0000000008006f94       0xae build_ak-base-kit-stm32l151-application/mbm.o
                0x0000000008006f94                vMBMMasterTransactionPolled
 *fill*         0x0000000008007042        0x2 
 .text.eMBMSerialInitExt
                0x0000000008007044       0xcc build_ak-base-kit-stm32l151-application/mbm.o
                0x0000000008007044                eMBMSerialInitExt
 .text.usMBMCRC16
                0x0000000008007110       0x2c build_ak-base-kit-stm32l151-application/mbmcrc.o
                0x0000000008007110                usMBMCRC16
 .text.bMBMSerialWaitCB
                0x000000000800713c       0x3c build_ak-base-kit-stm32l151-application/mbmrtu.o
 .text.bMBMSerialRTUT35CB
                0x0000000008007178       0x58 build_ak-base-kit-stm32l151-application/mbmrtu.o
 .text.bMBMSerialRTUTransmitterEmptyAPIV1CB
                0x00000000080071d0       0xb2 build_ak-base-kit-stm32l151-application/mbmrtu.o
 .text.bMBMSerialRTUReceiverAPIV1CB
                0x0000000008007282       0xa0 build_ak-base-kit-stm32l151-application/mbmrtu.o
 *fill*         0x0000000008007322        0x2 
 .text.eMBMSerialRTUFrameCloseInternal
                0x0000000008007324       0x90 build_ak-base-kit-stm32l151-application/mbmrtu.o
 .text.eMBMSerialRTUFrameReceive
                0x00000000080073b4       0xc4 build_ak-base-kit-stm32l151-application/mbmrtu.o
 .text.eMBMSerialRTUFrameSend
                0x0000000008007478       0xd0 build_ak-base-kit-stm32l151-application/mbmrtu.o
 .text.eMBMSerialRTUFrameClose
                0x0000000008007548       0x18 build_ak-base-kit-stm32l151-application/mbmrtu.o
 .text.eMBMSerialRTUInit
                0x0000000008007560      0x118 build_ak-base-kit-stm32l151-application/mbmrtu.o
                0x0000000008007560                eMBMSerialRTUInit
 .text.vMBMReadHoldingRegistersPolled
                0x0000000008007678      0x136 build_ak-base-kit-stm32l151-application/mbmfuncholding.o
                0x0000000008007678                vMBMReadHoldingRegistersPolled
 .text.eMBMReadHoldingRegisters
                0x00000000080077ae       0x42 build_ak-base-kit-stm32l151-application/mbmfuncholding.o
                0x00000000080077ae                eMBMReadHoldingRegisters
 .text.vMBMReadCoilsPolled
                0x00000000080077f0      0x114 build_ak-base-kit-stm32l151-application/mbmfunccoils.o
                0x00000000080077f0                vMBMReadCoilsPolled
 .text.eMBMReadCoils
                0x0000000008007904       0x42 build_ak-base-kit-stm32l151-application/mbmfunccoils.o
                0x0000000008007904                eMBMReadCoils
 .text.vMBMReadDiscreteInputsPolled
                0x0000000008007946      0x114 build_ak-base-kit-stm32l151-application/mbmfuncdisc.o
                0x0000000008007946                vMBMReadDiscreteInputsPolled
 .text.eMBMReadDiscreteInputs
                0x0000000008007a5a       0x42 build_ak-base-kit-stm32l151-application/mbmfuncdisc.o
                0x0000000008007a5a                eMBMReadDiscreteInputs
 .text.vMBMReadInputRegistersPolled
                0x0000000008007a9c      0x120 build_ak-base-kit-stm32l151-application/mbmfuncinput.o
                0x0000000008007a9c                vMBMReadInputRegistersPolled
 .text.eMBMReadInputRegisters
                0x0000000008007bbc       0x42 build_ak-base-kit-stm32l151-application/mbmfuncinput.o
                0x0000000008007bbc                eMBMReadInputRegisters
 *fill*         0x0000000008007bfe        0x2 
 .text.eMBPEventCreate
                0x0000000008007c00       0x5c build_ak-base-kit-stm32l151-application/mbportevent.o
                0x0000000008007c00                eMBPEventCreate
 .text.eMBPEventPost
                0x0000000008007c5c       0x2c build_ak-base-kit-stm32l151-application/mbportevent.o
                0x0000000008007c5c                eMBPEventPost
 .text.bMBPEventGet
                0x0000000008007c88       0x34 build_ak-base-kit-stm32l151-application/mbportevent.o
                0x0000000008007c88                bMBPEventGet
 .text.vMBPEventDelete
                0x0000000008007cbc       0x2c build_ak-base-kit-stm32l151-application/mbportevent.o
                0x0000000008007cbc                vMBPEventDelete
 .text.vMBPAssert
                0x0000000008007ce8       0x1c build_ak-base-kit-stm32l151-application/mbportother.o
                0x0000000008007ce8                vMBPAssert
 .text.vMBPEnterCritical
                0x0000000008007d04        0x4 build_ak-base-kit-stm32l151-application/mbportother.o
                0x0000000008007d04                vMBPEnterCritical
 .text.vMBPExitCritical
                0x0000000008007d08        0x4 build_ak-base-kit-stm32l151-application/mbportother.o
                0x0000000008007d08                vMBPExitCritical
 .text.eMBPSerialInit
                0x0000000008007d0c      0x144 build_ak-base-kit-stm32l151-application/mbportserial.o
                0x0000000008007d0c                eMBPSerialInit
 .text.eMBPSerialClose
                0x0000000008007e50       0x58 build_ak-base-kit-stm32l151-application/mbportserial.o
                0x0000000008007e50                eMBPSerialClose
 .text.eMBPSerialTxEnable
                0x0000000008007ea8       0x70 build_ak-base-kit-stm32l151-application/mbportserial.o
                0x0000000008007ea8                eMBPSerialTxEnable
 .text.eMBPSerialRxEnable
                0x0000000008007f18       0x5c build_ak-base-kit-stm32l151-application/mbportserial.o
                0x0000000008007f18                eMBPSerialRxEnable
 .text.vMBPUSART2ISR
                0x0000000008007f74       0xec build_ak-base-kit-stm32l151-application/mbportserial.o
                0x0000000008007f74                vMBPUSART2ISR
 .text.eMBPTimerInit
                0x0000000008008060       0xec build_ak-base-kit-stm32l151-application/mbporttimer.o
                0x0000000008008060                eMBPTimerInit
 .text.vMBPTimerClose
                0x000000000800814c       0x28 build_ak-base-kit-stm32l151-application/mbporttimer.o
                0x000000000800814c                vMBPTimerClose
 .text.eMBPTimerStart
                0x0000000008008174       0x2c build_ak-base-kit-stm32l151-application/mbporttimer.o
                0x0000000008008174                eMBPTimerStart
 .text.eMBPTimerStop
                0x00000000080081a0       0x30 build_ak-base-kit-stm32l151-application/mbporttimer.o
                0x00000000080081a0                eMBPTimerStop
 .text.vMBPTimerISR
                0x00000000080081d0       0x58 build_ak-base-kit-stm32l151-application/mbporttimer.o
                0x00000000080081d0                vMBPTimerISR
 .text.GPIO_Init
                0x0000000008008228       0x78 build_ak-base-kit-stm32l151-application/stm32l1xx_gpio.o
                0x0000000008008228                GPIO_Init
 .text.GPIO_ReadInputDataBit
                0x00000000080082a0        0xc build_ak-base-kit-stm32l151-application/stm32l1xx_gpio.o
                0x00000000080082a0                GPIO_ReadInputDataBit
 .text.GPIO_SetBits
                0x00000000080082ac        0x4 build_ak-base-kit-stm32l151-application/stm32l1xx_gpio.o
                0x00000000080082ac                GPIO_SetBits
 .text.GPIO_ResetBits
                0x00000000080082b0        0x4 build_ak-base-kit-stm32l151-application/stm32l1xx_gpio.o
                0x00000000080082b0                GPIO_ResetBits
 .text.GPIO_PinAFConfig
                0x00000000080082b4       0x24 build_ak-base-kit-stm32l151-application/stm32l1xx_gpio.o
                0x00000000080082b4                GPIO_PinAFConfig
 .text.RCC_HSICmd
                0x00000000080082d8        0xc build_ak-base-kit-stm32l151-application/stm32l1xx_rcc.o
                0x00000000080082d8                RCC_HSICmd
 .text.RCC_GetClocksFreq
                0x00000000080082e4       0x9c build_ak-base-kit-stm32l151-application/stm32l1xx_rcc.o
                0x00000000080082e4                RCC_GetClocksFreq
 .text.RCC_AHBPeriphClockCmd
                0x0000000008008380       0x18 build_ak-base-kit-stm32l151-application/stm32l1xx_rcc.o
                0x0000000008008380                RCC_AHBPeriphClockCmd
 .text.RCC_APB2PeriphClockCmd
                0x0000000008008398       0x18 build_ak-base-kit-stm32l151-application/stm32l1xx_rcc.o
                0x0000000008008398                RCC_APB2PeriphClockCmd
 .text.RCC_APB1PeriphClockCmd
                0x00000000080083b0       0x18 build_ak-base-kit-stm32l151-application/stm32l1xx_rcc.o
                0x00000000080083b0                RCC_APB1PeriphClockCmd
 .text.RCC_APB2PeriphResetCmd
                0x00000000080083c8       0x18 build_ak-base-kit-stm32l151-application/stm32l1xx_rcc.o
                0x00000000080083c8                RCC_APB2PeriphResetCmd
 .text.RCC_APB1PeriphResetCmd
                0x00000000080083e0       0x18 build_ak-base-kit-stm32l151-application/stm32l1xx_rcc.o
                0x00000000080083e0                RCC_APB1PeriphResetCmd
 .text.RCC_GetFlagStatus
                0x00000000080083f8       0x20 build_ak-base-kit-stm32l151-application/stm32l1xx_rcc.o
                0x00000000080083f8                RCC_GetFlagStatus
 .text.USART_DeInit
                0x0000000008008418       0x9c build_ak-base-kit-stm32l151-application/stm32l1xx_usart.o
                0x0000000008008418                USART_DeInit
 .text.USART_Init
                0x00000000080084b4       0xa4 build_ak-base-kit-stm32l151-application/stm32l1xx_usart.o
                0x00000000080084b4                USART_Init
 .text.USART_ClockInit
                0x0000000008008558       0x20 build_ak-base-kit-stm32l151-application/stm32l1xx_usart.o
                0x0000000008008558                USART_ClockInit
 .text.USART_Cmd
                0x0000000008008578       0x18 build_ak-base-kit-stm32l151-application/stm32l1xx_usart.o
                0x0000000008008578                USART_Cmd
 .text.USART_SendData
                0x0000000008008590        0x8 build_ak-base-kit-stm32l151-application/stm32l1xx_usart.o
                0x0000000008008590                USART_SendData
 .text.USART_ReceiveData
                0x0000000008008598        0x8 build_ak-base-kit-stm32l151-application/stm32l1xx_usart.o
                0x0000000008008598                USART_ReceiveData
 .text.USART_ITConfig
                0x00000000080085a0       0x30 build_ak-base-kit-stm32l151-application/stm32l1xx_usart.o
                0x00000000080085a0                USART_ITConfig
 .text.USART_GetFlagStatus
                0x00000000080085d0        0xc build_ak-base-kit-stm32l151-application/stm32l1xx_usart.o
                0x00000000080085d0                USART_GetFlagStatus
 .text.USART_GetITStatus
                0x00000000080085dc       0x3e build_ak-base-kit-stm32l151-application/stm32l1xx_usart.o
                0x00000000080085dc                USART_GetITStatus
 .text.USART_ClearITPendingBit
                0x000000000800861a        0xe build_ak-base-kit-stm32l151-application/stm32l1xx_usart.o
                0x000000000800861a                USART_ClearITPendingBit
 .text.SPI_I2S_DeInit
                0x0000000008008628       0x64 build_ak-base-kit-stm32l151-application/stm32l1xx_spi.o
                0x0000000008008628                SPI_I2S_DeInit
 .text.SPI_Init
                0x000000000800868c       0x3e build_ak-base-kit-stm32l151-application/stm32l1xx_spi.o
                0x000000000800868c                SPI_Init
 .text.SPI_Cmd  0x00000000080086ca       0x18 build_ak-base-kit-stm32l151-application/stm32l1xx_spi.o
                0x00000000080086ca                SPI_Cmd
 .text.SPI_I2S_ReceiveData
                0x00000000080086e2        0x6 build_ak-base-kit-stm32l151-application/stm32l1xx_spi.o
                0x00000000080086e2                SPI_I2S_ReceiveData
 .text.SPI_I2S_SendData
                0x00000000080086e8        0x4 build_ak-base-kit-stm32l151-application/stm32l1xx_spi.o
                0x00000000080086e8                SPI_I2S_SendData
 .text.SPI_I2S_GetFlagStatus
                0x00000000080086ec        0xc build_ak-base-kit-stm32l151-application/stm32l1xx_spi.o
                0x00000000080086ec                SPI_I2S_GetFlagStatus
 .text.NVIC_PriorityGroupConfig
                0x00000000080086f8       0x14 build_ak-base-kit-stm32l151-application/misc.o
                0x00000000080086f8                NVIC_PriorityGroupConfig
 .text.NVIC_Init
                0x000000000800870c       0x58 build_ak-base-kit-stm32l151-application/misc.o
                0x000000000800870c                NVIC_Init
 .text.EXTI_GetFlagStatus
                0x0000000008008764       0x14 build_ak-base-kit-stm32l151-application/stm32l1xx_exti.o
                0x0000000008008764                EXTI_GetFlagStatus
 .text.EXTI_GetITStatus
                0x0000000008008778        0x4 build_ak-base-kit-stm32l151-application/stm32l1xx_exti.o
                0x0000000008008778                EXTI_GetITStatus
 .text.EXTI_ClearITPendingBit
                0x000000000800877c        0xc build_ak-base-kit-stm32l151-application/stm32l1xx_exti.o
                0x000000000800877c                EXTI_ClearITPendingBit
 .text.TIM_DeInit
                0x0000000008008788       0xe4 build_ak-base-kit-stm32l151-application/stm32l1xx_tim.o
                0x0000000008008788                TIM_DeInit
 .text.TIM_TimeBaseInit
                0x000000000800886c       0x58 build_ak-base-kit-stm32l151-application/stm32l1xx_tim.o
                0x000000000800886c                TIM_TimeBaseInit
 .text.TIM_ARRPreloadConfig
                0x00000000080088c4       0x18 build_ak-base-kit-stm32l151-application/stm32l1xx_tim.o
                0x00000000080088c4                TIM_ARRPreloadConfig
 .text.TIM_Cmd  0x00000000080088dc       0x18 build_ak-base-kit-stm32l151-application/stm32l1xx_tim.o
                0x00000000080088dc                TIM_Cmd
 .text.TIM_OC3Init
                0x00000000080088f4       0x3c build_ak-base-kit-stm32l151-application/stm32l1xx_tim.o
                0x00000000080088f4                TIM_OC3Init
 .text.TIM_OC3PreloadConfig
                0x0000000008008930       0x10 build_ak-base-kit-stm32l151-application/stm32l1xx_tim.o
                0x0000000008008930                TIM_OC3PreloadConfig
 .text.TIM_ITConfig
                0x0000000008008940       0x12 build_ak-base-kit-stm32l151-application/stm32l1xx_tim.o
                0x0000000008008940                TIM_ITConfig
 .text.TIM_GetITStatus
                0x0000000008008952       0x16 build_ak-base-kit-stm32l151-application/stm32l1xx_tim.o
                0x0000000008008952                TIM_GetITStatus
 .text.TIM_ClearITPendingBit
                0x0000000008008968        0x8 build_ak-base-kit-stm32l151-application/stm32l1xx_tim.o
                0x0000000008008968                TIM_ClearITPendingBit
 .text.ADC_Init
                0x0000000008008970       0x4c build_ak-base-kit-stm32l151-application/stm32l1xx_adc.o
                0x0000000008008970                ADC_Init
 .text.ADC_Cmd  0x00000000080089bc       0x12 build_ak-base-kit-stm32l151-application/stm32l1xx_adc.o
                0x00000000080089bc                ADC_Cmd
 *fill*         0x00000000080089ce        0x2 
 .text.ADC_TempSensorVrefintCmd
                0x00000000080089d0       0x18 build_ak-base-kit-stm32l151-application/stm32l1xx_adc.o
                0x00000000080089d0                ADC_TempSensorVrefintCmd
 .text.ADC_RegularChannelConfig
                0x00000000080089e8      0x104 build_ak-base-kit-stm32l151-application/stm32l1xx_adc.o
                0x00000000080089e8                ADC_RegularChannelConfig
 .text.ADC_SoftwareStartConv
                0x0000000008008aec        0xa build_ak-base-kit-stm32l151-application/stm32l1xx_adc.o
                0x0000000008008aec                ADC_SoftwareStartConv
 .text.ADC_GetConversionValue
                0x0000000008008af6        0x6 build_ak-base-kit-stm32l151-application/stm32l1xx_adc.o
                0x0000000008008af6                ADC_GetConversionValue
 .text.ADC_GetFlagStatus
                0x0000000008008afc        0xc build_ak-base-kit-stm32l151-application/stm32l1xx_adc.o
                0x0000000008008afc                ADC_GetFlagStatus
 .text.PWR_UltraLowPowerCmd
                0x0000000008008b08        0xc build_ak-base-kit-stm32l151-application/stm32l1xx_pwr.o
                0x0000000008008b08                PWR_UltraLowPowerCmd
 .text.PWR_EnterSTOPMode
                0x0000000008008b14       0x34 build_ak-base-kit-stm32l151-application/stm32l1xx_pwr.o
                0x0000000008008b14                PWR_EnterSTOPMode
 .text.FLASH_Lock
                0x0000000008008b48       0x10 build_ak-base-kit-stm32l151-application/stm32l1xx_flash.o
                0x0000000008008b48                FLASH_Lock
 .text.DATA_EEPROM_Unlock
                0x0000000008008b58       0x20 build_ak-base-kit-stm32l151-application/stm32l1xx_flash.o
                0x0000000008008b58                DATA_EEPROM_Unlock
 .text.FLASH_Unlock
                0x0000000008008b78       0x2c build_ak-base-kit-stm32l151-application/stm32l1xx_flash.o
                0x0000000008008b78                FLASH_Unlock
 .text.DATA_EEPROM_Lock
                0x0000000008008ba4       0x10 build_ak-base-kit-stm32l151-application/stm32l1xx_flash.o
                0x0000000008008ba4                DATA_EEPROM_Lock
 .text.FLASH_OB_Unlock
                0x0000000008008bb4       0x2c build_ak-base-kit-stm32l151-application/stm32l1xx_flash.o
                0x0000000008008bb4                FLASH_OB_Unlock
 .text.FLASH_OB_Launch
                0x0000000008008be0       0x10 build_ak-base-kit-stm32l151-application/stm32l1xx_flash.o
                0x0000000008008be0                FLASH_OB_Launch
 .text.FLASH_OB_GetBOR
                0x0000000008008bf0       0x10 build_ak-base-kit-stm32l151-application/stm32l1xx_flash.o
                0x0000000008008bf0                FLASH_OB_GetBOR
 .text.FLASH_ClearFlag
                0x0000000008008c00        0xc build_ak-base-kit-stm32l151-application/stm32l1xx_flash.o
                0x0000000008008c00                FLASH_ClearFlag
 .text.FLASH_GetStatus
                0x0000000008008c0c       0x28 build_ak-base-kit-stm32l151-application/stm32l1xx_flash.o
                0x0000000008008c0c                FLASH_GetStatus
 .text.FLASH_WaitForLastOperation
                0x0000000008008c34       0x3c build_ak-base-kit-stm32l151-application/stm32l1xx_flash.o
                0x0000000008008c34                FLASH_WaitForLastOperation
 .text.FLASH_ErasePage
                0x0000000008008c70       0x44 build_ak-base-kit-stm32l151-application/stm32l1xx_flash.o
                0x0000000008008c70                FLASH_ErasePage
 .text.FLASH_FastProgramWord
                0x0000000008008cb4       0x22 build_ak-base-kit-stm32l151-application/stm32l1xx_flash.o
                0x0000000008008cb4                FLASH_FastProgramWord
 .text.DATA_EEPROM_EraseWord
                0x0000000008008cd6       0x16 build_ak-base-kit-stm32l151-application/stm32l1xx_flash.o
                0x0000000008008cd6                DATA_EEPROM_EraseWord
 .text.DATA_EEPROM_FastProgramWord
                0x0000000008008cec       0x30 build_ak-base-kit-stm32l151-application/stm32l1xx_flash.o
                0x0000000008008cec                DATA_EEPROM_FastProgramWord
 .text.DATA_EEPROM_ProgramByte
                0x0000000008008d1c       0x4c build_ak-base-kit-stm32l151-application/stm32l1xx_flash.o
                0x0000000008008d1c                DATA_EEPROM_ProgramByte
 .text.FLASH_OB_BORConfig
                0x0000000008008d68       0x3c build_ak-base-kit-stm32l151-application/stm32l1xx_flash.o
                0x0000000008008d68                FLASH_OB_BORConfig
 .text.IWDG_WriteAccessCmd
                0x0000000008008da4        0xc build_ak-base-kit-stm32l151-application/stm32l1xx_iwdg.o
                0x0000000008008da4                IWDG_WriteAccessCmd
 .text.IWDG_SetPrescaler
                0x0000000008008db0        0xc build_ak-base-kit-stm32l151-application/stm32l1xx_iwdg.o
                0x0000000008008db0                IWDG_SetPrescaler
 .text.IWDG_SetReload
                0x0000000008008dbc        0xc build_ak-base-kit-stm32l151-application/stm32l1xx_iwdg.o
                0x0000000008008dbc                IWDG_SetReload
 .text.IWDG_ReloadCounter
                0x0000000008008dc8       0x10 build_ak-base-kit-stm32l151-application/stm32l1xx_iwdg.o
                0x0000000008008dc8                IWDG_ReloadCounter
 .text.IWDG_Enable
                0x0000000008008dd8       0x10 build_ak-base-kit-stm32l151-application/stm32l1xx_iwdg.o
                0x0000000008008dd8                IWDG_Enable
 .text.I2C_SendData
                0x0000000008008de8        0x4 build_ak-base-kit-stm32l151-application/stm32l1xx_i2c.o
                0x0000000008008de8                I2C_SendData
 .text.I2C_CheckEvent
                0x0000000008008dec       0x18 build_ak-base-kit-stm32l151-application/stm32l1xx_i2c.o
                0x0000000008008dec                I2C_CheckEvent
 .text.disable_interrupts
                0x0000000008008e04       0x10 build_ak-base-kit-stm32l151-application/platform.o
                0x0000000008008e04                disable_interrupts
 .text.entry_critical
                0x0000000008008e14       0x14 build_ak-base-kit-stm32l151-application/platform.o
                0x0000000008008e14                entry_critical
 .text.exit_critical
                0x0000000008008e28       0x30 build_ak-base-kit-stm32l151-application/platform.o
                0x0000000008008e28                exit_critical
 .text.default_handler
                0x0000000008008e58       0x1c build_ak-base-kit-stm32l151-application/system.o
                0x0000000008008e58                svc_handler
                0x0000000008008e58                default_handler
                0x0000000008008e58                dg_monitor_handler
                0x0000000008008e58                pendsv_handler
 .text.nmi_handler
                0x0000000008008e74       0x1c build_ak-base-kit-stm32l151-application/system.o
                0x0000000008008e74                nmi_handler
 .text.hard_fault_handler
                0x0000000008008e90       0x1c build_ak-base-kit-stm32l151-application/system.o
                0x0000000008008e90                hard_fault_handler
 .text.mem_manage_handler
                0x0000000008008eac       0x1c build_ak-base-kit-stm32l151-application/system.o
                0x0000000008008eac                mem_manage_handler
 .text.bus_fault_handler
                0x0000000008008ec8       0x1c build_ak-base-kit-stm32l151-application/system.o
                0x0000000008008ec8                bus_fault_handler
 .text.usage_fault_handler
                0x0000000008008ee4       0x1c build_ak-base-kit-stm32l151-application/system.o
                0x0000000008008ee4                usage_fault_handler
 .text.systick_handler
                0x0000000008008f00       0x40 build_ak-base-kit-stm32l151-application/system.o
                0x0000000008008f00                systick_handler
 .text.uart1_irq
                0x0000000008008f40       0x64 build_ak-base-kit-stm32l151-application/system.o
                0x0000000008008f40                uart1_irq
 .text.exti_line1_irq
                0x0000000008008fa4       0x1c build_ak-base-kit-stm32l151-application/system.o
                0x0000000008008fa4                exti_line1_irq
 .text.timer7_irq
                0x0000000008008fc0       0x24 build_ak-base-kit-stm32l151-application/system.o
                0x0000000008008fc0                timer7_irq
 .text.sys_ctrl_delay
                0x0000000008008fe4        0xc build_ak-base-kit-stm32l151-application/system.o
                0x0000000008008fe4                sys_ctrl_delay
 .text.sys_ctrl_millis
                0x0000000008008ff0       0x1c build_ak-base-kit-stm32l151-application/system.o
                0x0000000008008ff0                sys_ctrl_millis
 .text._init    0x000000000800900c        0x2 build_ak-base-kit-stm32l151-application/system.o
                0x000000000800900c                _init
 .text._fini    0x000000000800900e        0x2 build_ak-base-kit-stm32l151-application/system.o
                0x000000000800900e                _fini
 .text.sys_stack_count_init
                0x0000000008009010       0x3c build_ak-base-kit-stm32l151-application/system.o
                0x0000000008009010                sys_stack_count_init
 .text.reset_handler
                0x000000000800904c       0xc8 build_ak-base-kit-stm32l151-application/system.o
                0x000000000800904c                reset_handler
 .text.sys_stack_usage
                0x0000000008009114       0x20 build_ak-base-kit-stm32l151-application/system.o
                0x0000000008009114                sys_stack_usage
 .text.sys_stack_get_size
                0x0000000008009134        0xc build_ak-base-kit-stm32l151-application/system.o
                0x0000000008009134                sys_stack_get_size
 .text.sys_ctrl_shell_put_char_block
                0x0000000008009140       0x2c build_ak-base-kit-stm32l151-application/sys_cfg.o
                0x0000000008009140                sys_ctrl_shell_put_char_block
 .text.sys_cfg_clock
                0x000000000800916c       0x22 build_ak-base-kit-stm32l151-application/sys_cfg.o
                0x000000000800916c                sys_cfg_clock
 *fill*         0x000000000800918e        0x2 
 .text.sys_cfg_tick
                0x0000000008009190       0x50 build_ak-base-kit-stm32l151-application/sys_cfg.o
                0x0000000008009190                sys_cfg_tick
 .text.sys_cfg_svc
                0x00000000080091e0       0x30 build_ak-base-kit-stm32l151-application/sys_cfg.o
                0x00000000080091e0                sys_cfg_svc
 .text.sys_cfg_pendsv
                0x0000000008009210       0x34 build_ak-base-kit-stm32l151-application/sys_cfg.o
                0x0000000008009210                sys_cfg_pendsv
 .text.sys_cfg_update_info
                0x0000000008009244      0x108 build_ak-base-kit-stm32l151-application/sys_cfg.o
                0x0000000008009244                sys_cfg_update_info
 .text.sys_ctrl_shell_sw_to_block
                0x000000000800934c       0x38 build_ak-base-kit-stm32l151-application/sys_cfg.o
                0x000000000800934c                sys_ctrl_shell_sw_to_block
 .text.sys_cfg_console
                0x0000000008009384       0xd8 build_ak-base-kit-stm32l151-application/sys_cfg.o
                0x0000000008009384                sys_cfg_console
 .text.sys_ctrl_shell_get_char
                0x000000000800945c       0x34 build_ak-base-kit-stm32l151-application/sys_cfg.o
                0x000000000800945c                sys_ctrl_shell_get_char
 .text.sys_ctrl_reset
                0x0000000008009490       0x20 build_ak-base-kit-stm32l151-application/sys_cfg.o
                0x0000000008009490                sys_ctrl_reset
 .text.sys_ctrl_delay_us
                0x00000000080094b0       0x58 build_ak-base-kit-stm32l151-application/sys_cfg.o
                0x00000000080094b0                sys_ctrl_delay_us
 .text.sys_ctrl_delay_ms
                0x0000000008009508       0x1e build_ak-base-kit-stm32l151-application/sys_cfg.o
                0x0000000008009508                sys_ctrl_delay_ms
 *fill*         0x0000000008009526        0x2 
 .text.sys_ctr_stop_mcu
                0x0000000008009528       0xa8 build_ak-base-kit-stm32l151-application/sys_cfg.o
                0x0000000008009528                sys_ctr_stop_mcu
 .text.sys_ctrl_independent_watchdog_init
                0x00000000080095d0       0x24 build_ak-base-kit-stm32l151-application/sys_cfg.o
                0x00000000080095d0                sys_ctrl_independent_watchdog_init
 .text.sys_ctrl_independent_watchdog_reset
                0x00000000080095f4       0x12 build_ak-base-kit-stm32l151-application/sys_cfg.o
                0x00000000080095f4                sys_ctrl_independent_watchdog_reset
 *fill*         0x0000000008009606        0x2 
 .text.sys_ctrl_soft_watchdog_init
                0x0000000008009608       0x68 build_ak-base-kit-stm32l151-application/sys_cfg.o
                0x0000000008009608                sys_ctrl_soft_watchdog_init
 .text.sys_ctrl_soft_watchdog_reset
                0x0000000008009670       0x18 build_ak-base-kit-stm32l151-application/sys_cfg.o
                0x0000000008009670                sys_ctrl_soft_watchdog_reset
 .text.sys_ctrl_soft_watchdog_increase_counter
                0x0000000008009688       0x40 build_ak-base-kit-stm32l151-application/sys_cfg.o
                0x0000000008009688                sys_ctrl_soft_watchdog_increase_counter
 .text.sys_ctrl_get_firmware_info
                0x00000000080096c8       0x40 build_ak-base-kit-stm32l151-application/sys_cfg.o
                0x00000000080096c8                sys_ctrl_get_firmware_info
 .text.task_irq_io_entry_trigger
                0x0000000008009708        0x2 build_ak-base-kit-stm32l151-application/sys_cfg.o
                0x0000000008009708                task_irq_io_entry_trigger
 .text.task_irq_io_exit_trigger
                0x000000000800970a        0x2 build_ak-base-kit-stm32l151-application/sys_cfg.o
                0x000000000800970a                task_irq_io_exit_trigger
 .text.io_button_mode_init
                0x000000000800970c       0x28 build_ak-base-kit-stm32l151-application/io_cfg.o
                0x000000000800970c                io_button_mode_init
 .text.io_button_up_init
                0x0000000008009734       0x28 build_ak-base-kit-stm32l151-application/io_cfg.o
                0x0000000008009734                io_button_up_init
 .text.io_button_down_init
                0x000000000800975c       0x28 build_ak-base-kit-stm32l151-application/io_cfg.o
                0x000000000800975c                io_button_down_init
 .text.io_button_mode_read
                0x0000000008009784        0xc build_ak-base-kit-stm32l151-application/io_cfg.o
                0x0000000008009784                io_button_mode_read
 .text.io_button_up_read
                0x0000000008009790       0x10 build_ak-base-kit-stm32l151-application/io_cfg.o
                0x0000000008009790                io_button_up_read
 .text.io_button_down_read
                0x00000000080097a0        0xc build_ak-base-kit-stm32l151-application/io_cfg.o
                0x00000000080097a0                io_button_down_read
 .text.led_life_init
                0x00000000080097ac       0x28 build_ak-base-kit-stm32l151-application/io_cfg.o
                0x00000000080097ac                led_life_init
 .text.led_life_on
                0x00000000080097d4       0x10 build_ak-base-kit-stm32l151-application/io_cfg.o
                0x00000000080097d4                led_life_on
 .text.led_life_off
                0x00000000080097e4       0x10 build_ak-base-kit-stm32l151-application/io_cfg.o
                0x00000000080097e4                led_life_off
 .text.flash_io_ctrl_init
                0x00000000080097f4       0x28 build_ak-base-kit-stm32l151-application/io_cfg.o
                0x00000000080097f4                flash_io_ctrl_init
 .text.flash_cs_low
                0x000000000800981c       0x10 build_ak-base-kit-stm32l151-application/io_cfg.o
                0x000000000800981c                flash_cs_low
 .text.flash_cs_high
                0x000000000800982c       0x10 build_ak-base-kit-stm32l151-application/io_cfg.o
                0x000000000800982c                flash_cs_high
 .text.flash_transfer
                0x000000000800983c       0x98 build_ak-base-kit-stm32l151-application/io_cfg.o
                0x000000000800983c                flash_transfer
 .text.io_cfg_adc1
                0x00000000080098d4       0x48 build_ak-base-kit-stm32l151-application/io_cfg.o
                0x00000000080098d4                io_cfg_adc1
 .text.adc_bat_io_cfg
                0x000000000800991c       0x2c build_ak-base-kit-stm32l151-application/io_cfg.o
                0x000000000800991c                adc_bat_io_cfg
 .text.sys_ctr_get_vbat_voltage
                0x0000000008009948       0x90 build_ak-base-kit-stm32l151-application/io_cfg.o
                0x0000000008009948                sys_ctr_get_vbat_voltage
 .text.sys_ctr_get_mcu_temperature
                0x00000000080099d8       0x6c build_ak-base-kit-stm32l151-application/io_cfg.o
                0x00000000080099d8                sys_ctr_get_mcu_temperature
 .text.ssd1306_clk_input_mode
                0x0000000008009a44       0x28 build_ak-base-kit-stm32l151-application/io_cfg.o
                0x0000000008009a44                ssd1306_clk_input_mode
 .text.ssd1306_clk_output_mode
                0x0000000008009a6c       0x28 build_ak-base-kit-stm32l151-application/io_cfg.o
                0x0000000008009a6c                ssd1306_clk_output_mode
 .text.ssd1306_clk_digital_write_low
                0x0000000008009a94       0x10 build_ak-base-kit-stm32l151-application/io_cfg.o
                0x0000000008009a94                ssd1306_clk_digital_write_low
 .text.ssd1306_clk_digital_write_high
                0x0000000008009aa4       0x10 build_ak-base-kit-stm32l151-application/io_cfg.o
                0x0000000008009aa4                ssd1306_clk_digital_write_high
 .text.ssd1306_data_input_mode
                0x0000000008009ab4       0x28 build_ak-base-kit-stm32l151-application/io_cfg.o
                0x0000000008009ab4                ssd1306_data_input_mode
 .text.ssd1306_data_output_mode
                0x0000000008009adc       0x28 build_ak-base-kit-stm32l151-application/io_cfg.o
                0x0000000008009adc                ssd1306_data_output_mode
 .text.ssd1306_data_digital_write_low
                0x0000000008009b04       0x10 build_ak-base-kit-stm32l151-application/io_cfg.o
                0x0000000008009b04                ssd1306_data_digital_write_low
 .text.ssd1306_data_digital_write_high
                0x0000000008009b14       0x10 build_ak-base-kit-stm32l151-application/io_cfg.o
                0x0000000008009b14                ssd1306_data_digital_write_high
 .text.ssd1306_res_input_mode
                0x0000000008009b24       0x28 build_ak-base-kit-stm32l151-application/io_cfg.o
                0x0000000008009b24                ssd1306_res_input_mode
 .text.ssd1306_res_output_mode
                0x0000000008009b4c       0x28 build_ak-base-kit-stm32l151-application/io_cfg.o
                0x0000000008009b4c                ssd1306_res_output_mode
 .text.ssd1306_res_digital_write_low
                0x0000000008009b74       0x10 build_ak-base-kit-stm32l151-application/io_cfg.o
                0x0000000008009b74                ssd1306_res_digital_write_low
 .text.ssd1306_res_digital_write_high
                0x0000000008009b84       0x10 build_ak-base-kit-stm32l151-application/io_cfg.o
                0x0000000008009b84                ssd1306_res_digital_write_high
 .text.io_eeprom_read
                0x0000000008009b94       0x34 build_ak-base-kit-stm32l151-application/io_cfg.o
                0x0000000008009b94                io_eeprom_read
 .text.io_eeprom_erase
                0x0000000008009bc8       0x4c build_ak-base-kit-stm32l151-application/io_cfg.o
                0x0000000008009bc8                io_eeprom_erase
 .text.internal_flash_unlock
                0x0000000008009c14       0x12 build_ak-base-kit-stm32l151-application/io_cfg.o
                0x0000000008009c14                internal_flash_unlock
 .text.internal_flash_lock
                0x0000000008009c26        0x4 build_ak-base-kit-stm32l151-application/io_cfg.o
                0x0000000008009c26                internal_flash_lock
 .text.internal_flash_erase_pages_cal
                0x0000000008009c2a       0x24 build_ak-base-kit-stm32l151-application/io_cfg.o
                0x0000000008009c2a                internal_flash_erase_pages_cal
 .text.internal_flash_write_cal
                0x0000000008009c4e       0x48 build_ak-base-kit-stm32l151-application/io_cfg.o
                0x0000000008009c4e                internal_flash_write_cal
 *fill*         0x0000000008009c96        0x2 
 .text.io_uart2_cfg
                0x0000000008009c98       0xbc build_ak-base-kit-stm32l151-application/io_cfg.o
                0x0000000008009c98                io_uart2_cfg
 .text.io_uart_rs485_cfg
                0x0000000008009d54       0x78 build_ak-base-kit-stm32l151-application/io_cfg.o
                0x0000000008009d54                io_uart_rs485_cfg
 .text.io_rs485_dir_mode_output
                0x0000000008009dcc       0x30 build_ak-base-kit-stm32l151-application/io_cfg.o
                0x0000000008009dcc                io_rs485_dir_mode_output
 .text.io_rs485_dir_low
                0x0000000008009dfc        0xc build_ak-base-kit-stm32l151-application/io_cfg.o
                0x0000000008009dfc                io_rs485_dir_low
 .text.io_rs485_dir_high
                0x0000000008009e08        0xc build_ak-base-kit-stm32l151-application/io_cfg.o
                0x0000000008009e08                io_rs485_dir_high
 .text.SystemInit
                0x0000000008009e14      0x114 build_ak-base-kit-stm32l151-application/system_stm32l1xx.o
                0x0000000008009e14                SystemInit
 .text.SystemCoreClockUpdate
                0x0000000008009f28       0x88 build_ak-base-kit-stm32l151-application/system_stm32l1xx.o
                0x0000000008009f28                SystemCoreClockUpdate
 .text._Z27scr_es35sw_th_sensor_handleP8ak_msg_t
                0x0000000008009fb0       0xcc build_ak-base-kit-stm32l151-application/scr_es35sw_th_sensor.o
                0x0000000008009fb0                scr_es35sw_th_sensor_handle(ak_msg_t*)
 .text._ZL25view_scr_es35sw_th_sensorv
                0x000000000800a07c      0x16c build_ak-base-kit-stm32l151-application/scr_es35sw_th_sensor.o
 .text._ZL13view_scr_idlev
                0x000000000800a1e8       0x34 build_ak-base-kit-stm32l151-application/scr_idle.o
 .text._ZN4ballC2Ev
                0x000000000800a21c       0x5e build_ak-base-kit-stm32l151-application/scr_idle.o
                0x000000000800a21c                ball::ball()
                0x000000000800a21c                ball::ball()
 *fill*         0x000000000800a27a        0x2 
 .text._ZNSt6vectorI4ballSaIS0_EE17_M_realloc_insertIJRKS0_EEEvN9__gnu_cxx17__normal_iteratorIPS0_S2_EEDpOT_
                0x000000000800a27c      0x110 build_ak-base-kit-stm32l151-application/scr_idle.o
                0x000000000800a27c                void std::vector<ball, std::allocator<ball> >::_M_realloc_insert<ball const&>(__gnu_cxx::__normal_iterator<ball*, std::vector<ball, std::allocator<ball> > >, ball const&)
 .text._ZNSt6vectorI4ballSaIS0_EE9push_backERKS0_
                0x000000000800a38c       0x2c build_ak-base-kit-stm32l151-application/scr_idle.o
                0x000000000800a38c                std::vector<ball, std::allocator<ball> >::push_back(ball const&)
 .text._Z15scr_idle_handleP8ak_msg_t
                0x000000000800a3b8      0x1a0 build_ak-base-kit-stm32l151-application/scr_idle.o
                0x000000000800a3b8                scr_idle_handle(ak_msg_t*)
 .text.startup._GLOBAL__sub_I_dyn_view_idle
                0x000000000800a558       0x10 build_ak-base-kit-stm32l151-application/scr_idle.o
 .text.exit._GLOBAL__sub_D_dyn_view_idle
                0x000000000800a568       0x10 build_ak-base-kit-stm32l151-application/scr_idle.o
 .text._Z15scr_info_handleP8ak_msg_t
                0x000000000800a578       0x60 build_ak-base-kit-stm32l151-application/scr_info.o
                0x000000000800a578                scr_info_handle(ak_msg_t*)
 .text._ZL13view_scr_infov
                0x000000000800a5d8       0x78 build_ak-base-kit-stm32l151-application/scr_info.o
 .text._Z28scr_lhio404_io_device_handleP8ak_msg_t
                0x000000000800a650       0xcc build_ak-base-kit-stm32l151-application/scr_lhio404_io_device.o
                0x000000000800a650                scr_lhio404_io_device_handle(ak_msg_t*)
 .text._ZL26view_scr_lhio404_io_devicev
                0x000000000800a71c      0x140 build_ak-base-kit-stm32l151-application/scr_lhio404_io_device.o
 .text._ZL16view_scr_startupv
                0x000000000800a85c       0x94 build_ak-base-kit-stm32l151-application/scr_startup.o
 .text._Z18scr_startup_handleP8ak_msg_t
                0x000000000800a8f0       0xb4 build_ak-base-kit-stm32l151-application/scr_startup.o
                0x000000000800a8f0                scr_startup_handle(ak_msg_t*)
 .text._Z9ship_drawv
                0x000000000800a9a4       0x64 build_ak-base-kit-stm32l151-application/game_screen.o
                0x000000000800a9a4                ship_draw()
 .text._Z12missile_drawv
                0x000000000800aa08       0x38 build_ak-base-kit-stm32l151-application/game_screen.o
                0x000000000800aa08                missile_draw()
 .text._Z13asteroid_drawv
                0x000000000800aa40       0x80 build_ak-base-kit-stm32l151-application/game_screen.o
                0x000000000800aa40                asteroid_draw()
 .text._Z14explosion_drawv
                0x000000000800aac0       0x74 build_ak-base-kit-stm32l151-application/game_screen.o
                0x000000000800aac0                explosion_draw()
 .text._Z20game_time_tick_setupv
                0x000000000800ab34        0xc build_ak-base-kit-stm32l151-application/game_screen.o
                0x000000000800ab34                game_time_tick_setup()
 .text._Z17game_play_handlerP8ak_msg_t
                0x000000000800ab40       0x7c build_ak-base-kit-stm32l151-application/game_screen.o
                0x000000000800ab40                game_play_handler(ak_msg_t*)
 .text._ZL23space_shooting_gameplayv
                0x000000000800abbc       0x64 build_ak-base-kit-stm32l151-application/game_screen.o
 .text._Z9ship_initv
                0x000000000800ac20       0x24 build_ak-base-kit-stm32l151-application/ship.o
                0x000000000800ac20                ship_init()
 .text._Z11ship_flightv
                0x000000000800ac44       0x18 build_ak-base-kit-stm32l151-application/ship.o
                0x000000000800ac44                ship_flight()
 .text._Z9ship_firev
                0x000000000800ac5c       0x18 build_ak-base-kit-stm32l151-application/ship.o
                0x000000000800ac5c                ship_fire()
 .text._Z12ship_move_upv
                0x000000000800ac74       0x1c build_ak-base-kit-stm32l151-application/ship.o
                0x000000000800ac74                ship_move_up()
 .text._Z14ship_move_downv
                0x000000000800ac90       0x20 build_ak-base-kit-stm32l151-application/ship.o
                0x000000000800ac90                ship_move_down()
 .text._Z10ship_resetv
                0x000000000800acb0        0x8 build_ak-base-kit-stm32l151-application/ship.o
                0x000000000800acb0                ship_reset()
 .text._Z12ship_handlerP8ak_msg_t
                0x000000000800acb8       0x44 build_ak-base-kit-stm32l151-application/ship.o
                0x000000000800acb8                ship_handler(ak_msg_t*)
 .text._Z13missile_inintv
                0x000000000800acfc       0x20 build_ak-base-kit-stm32l151-application/missile.o
                0x000000000800acfc                missile_inint()
 .text._Z8is_armedv
                0x000000000800ad1c       0x10 build_ak-base-kit-stm32l151-application/missile.o
                0x000000000800ad1c                is_armed()
 .text._Z13missile_firedv
                0x000000000800ad2c       0x2c build_ak-base-kit-stm32l151-application/missile.o
                0x000000000800ad2c                missile_fired()
 .text._Z14missile_flightv
                0x000000000800ad58       0x34 build_ak-base-kit-stm32l151-application/missile.o
                0x000000000800ad58                missile_flight()
 .text._Z15missile_handlerP8ak_msg_t
                0x000000000800ad8c       0x26 build_ak-base-kit-stm32l151-application/missile.o
                0x000000000800ad8c                missile_handler(ak_msg_t*)
 *fill*         0x000000000800adb2        0x2 
 .text._Z13asteroid_initv
                0x000000000800adb4       0x50 build_ak-base-kit-stm32l151-application/asteroid.o
                0x000000000800adb4                asteroid_init()
 .text._Z15asteroid_flightv
                0x000000000800ae04       0x5c build_ak-base-kit-stm32l151-application/asteroid.o
                0x000000000800ae04                asteroid_flight()
 .text._Z12asteroid_hitv
                0x000000000800ae60       0xf4 build_ak-base-kit-stm32l151-application/asteroid.o
                0x000000000800ae60                asteroid_hit()
 .text._Z16asteroid_handlerP8ak_msg_t
                0x000000000800af54       0x22 build_ak-base-kit-stm32l151-application/asteroid.o
                0x000000000800af54                asteroid_handler(ak_msg_t*)
 *fill*         0x000000000800af76        0x2 
 .text._Z14explosion_initv
                0x000000000800af78       0x20 build_ak-base-kit-stm32l151-application/explosion.o
                0x000000000800af78                explosion_init()
 .text._Z17explosion_explodev
                0x000000000800af98       0x30 build_ak-base-kit-stm32l151-application/explosion.o
                0x000000000800af98                explosion_explode()
 .text._Z17explosion_handlerP8ak_msg_t
                0x000000000800afc8       0x14 build_ak-base-kit-stm32l151-application/explosion.o
                0x000000000800afc8                explosion_handler(ak_msg_t*)
 .text._Z11task_systemP8ak_msg_t
                0x000000000800afdc       0x44 build_ak-base-kit-stm32l151-application/task_system.o
                0x000000000800afdc                task_system(ak_msg_t*)
 .text.main_app
                0x000000000800b020      0x294 build_ak-base-kit-stm32l151-application/app.o
                0x000000000800b020                main_app
 .text._Z19task_polling_zigbeev
                0x000000000800b2b4        0x2 build_ak-base-kit-stm32l151-application/app.o
                0x000000000800b2b4                task_polling_zigbee()
 *fill*         0x000000000800b2b6        0x2 
 .text._Z20task_polling_consolev
                0x000000000800b2b8       0xd8 build_ak-base-kit-stm32l151-application/app.o
                0x000000000800b2b8                task_polling_console()
 .text.sys_irq_timer_10ms
                0x000000000800b390       0x24 build_ak-base-kit-stm32l151-application/app.o
                0x000000000800b390                sys_irq_timer_10ms
 .text._Z17btn_mode_callbackPv
                0x000000000800b3b4       0x4c build_ak-base-kit-stm32l151-application/app_bsp.o
                0x000000000800b3b4                btn_mode_callback(void*)
 .text._Z15btn_up_callbackPv
                0x000000000800b400       0x4c build_ak-base-kit-stm32l151-application/app_bsp.o
                0x000000000800b400                btn_up_callback(void*)
 .text._Z17btn_down_callbackPv
                0x000000000800b44c       0x4c build_ak-base-kit-stm32l151-application/app_bsp.o
                0x000000000800b44c                btn_down_callback(void*)
 .text._Z22updateDataModbusDeviceP21ModbusDeviceStructure
                0x000000000800b498       0xc4 build_ak-base-kit-stm32l151-application/app_modbus_pull.o
                0x000000000800b498                updateDataModbusDevice(ModbusDeviceStructure*)
 .text._ZL19str_parser_get_attrh
                0x000000000800b55c       0x1c build_ak-base-kit-stm32l151-application/shell.o
 .text._Z9shell_sttPh
                0x000000000800b578        0x4 build_ak-base-kit-stm32l151-application/shell.o
                0x000000000800b578                shell_stt(unsigned char*)
 .text._Z9shell_psvPh
                0x000000000800b57c       0x14 build_ak-base-kit-stm32l151-application/shell.o
                0x000000000800b57c                shell_psv(unsigned char*)
 .text._Z11shell_resetPh
                0x000000000800b590       0x10 build_ak-base-kit-stm32l151-application/shell.o
                0x000000000800b590                shell_reset(unsigned char*)
 .text._Z10shell_helpPh
                0x000000000800b5a0       0x30 build_ak-base-kit-stm32l151-application/shell.o
                0x000000000800b5a0                shell_help(unsigned char*)
 .text._Z9shell_verPh
                0x000000000800b5d0      0x118 build_ak-base-kit-stm32l151-application/shell.o
                0x000000000800b5d0                shell_ver(unsigned char*)
 .text._Z12shell_rebootPh
                0x000000000800b6e8       0x10 build_ak-base-kit-stm32l151-application/shell.o
                0x000000000800b6e8                shell_reboot(unsigned char*)
 .text._ZL10str_parserPc
                0x000000000800b6f8       0x60 build_ak-base-kit-stm32l151-application/shell.o
 .text._Z11shell_fatalPh
                0x000000000800b758      0x2f4 build_ak-base-kit-stm32l151-application/shell.o
                0x000000000800b758                shell_fatal(unsigned char*)
 .text._Z11shell_flashPh
                0x000000000800ba4c      0x150 build_ak-base-kit-stm32l151-application/shell.o
                0x000000000800ba4c                shell_flash(unsigned char*)
 .text._Z9shell_epsPh
                0x000000000800bb9c       0xd0 build_ak-base-kit-stm32l151-application/shell.o
                0x000000000800bb9c                shell_eps(unsigned char*)
 .text._Z9shell_ramPh
                0x000000000800bc6c      0x20c build_ak-base-kit-stm32l151-application/shell.o
                0x000000000800bc6c                shell_ram(unsigned char*)
 .text._Z10shell_bootPh
                0x000000000800be78       0xdc build_ak-base-kit-stm32l151-application/shell.o
                0x000000000800be78                shell_boot(unsigned char*)
 .text._Z9shell_fwuPh
                0x000000000800bf54       0x34 build_ak-base-kit-stm32l151-application/shell.o
                0x000000000800bf54                shell_fwu(unsigned char*)
 .text._Z12shell_buzzerPh
                0x000000000800bf88       0x88 build_ak-base-kit-stm32l151-application/shell.o
                0x000000000800bf88                shell_buzzer(unsigned char*)
 .text._Z9shell_dbgPh
                0x000000000800c010       0x38 build_ak-base-kit-stm32l151-application/shell.o
                0x000000000800c010                shell_dbg(unsigned char*)
 .text._Z12shell_modbusPh
                0x000000000800c048       0xe0 build_ak-base-kit-stm32l151-application/shell.o
                0x000000000800c048                shell_modbus(unsigned char*)
 .text._Z9shell_epiPh
                0x000000000800c128        0x4 build_ak-base-kit-stm32l151-application/shell.o
                0x000000000800c128                shell_epi(unsigned char*)
 .text._Z9shell_lcdPh
                0x000000000800c12c      0x15c build_ak-base-kit-stm32l151-application/shell.o
                0x000000000800c12c                shell_lcd(unsigned char*)
 .text.sys_irq_shell
                0x000000000800c288       0x2c build_ak-base-kit-stm32l151-application/task_shell.o
                0x000000000800c288                sys_irq_shell
 .text._Z10task_shellP8ak_msg_t
                0x000000000800c2b4       0x7c build_ak-base-kit-stm32l151-application/task_shell.o
                0x000000000800c2b4                task_shell(ak_msg_t*)
 .text._Z9task_lifeP8ak_msg_t
                0x000000000800c330       0x20 build_ak-base-kit-stm32l151-application/task_life.o
                0x000000000800c330                task_life(ak_msg_t*)
 .text._Z7task_fwP8ak_msg_t
                0x000000000800c350      0x490 build_ak-base-kit-stm32l151-application/task_fw.o
                0x000000000800c350                task_fw(ak_msg_t*)
 .text._Z12task_displayP8ak_msg_t
                0x000000000800c7e0        0x4 build_ak-base-kit-stm32l151-application/task_display.o
                0x000000000800c7e0                task_display(ak_msg_t*)
 .text._Z7task_ifP8ak_msg_t
                0x000000000800c7e4       0xe4 build_ak-base-kit-stm32l151-application/task_if.o
                0x000000000800c7e4                task_if(ak_msg_t*)
 .text._Z12task_rf24_ifP8ak_msg_t
                0x000000000800c8c8        0x2 build_ak-base-kit-stm32l151-application/task_rf24_if.o
                0x000000000800c8c8                task_rf24_if(ak_msg_t*)
 *fill*         0x000000000800c8ca        0x2 
 .text._Z12task_uart_ifP8ak_msg_t
                0x000000000800c8cc       0xc0 build_ak-base-kit-stm32l151-application/task_uart_if.o
                0x000000000800c8cc                task_uart_if(ak_msg_t*)
 .text._Z8task_dbgP8ak_msg_t
                0x000000000800c98c        0x2 build_ak-base-kit-stm32l151-application/task_dbg.o
                0x000000000800c98c                task_dbg(ak_msg_t*)
 .text._ZL19view_render_dynamicPv
                0x000000000800c98e        0xa build_ak-base-kit-stm32l151-application/view_render.o
 .text._Z22view_render_display_onv
                0x000000000800c998        0xc build_ak-base-kit-stm32l151-application/view_render.o
                0x000000000800c998                view_render_display_on()
 .text.startup._GLOBAL__sub_I_view_render
                0x000000000800c9a4        0xc build_ak-base-kit-stm32l151-application/view_render.o
 .text.exit._GLOBAL__sub_D_view_render
                0x000000000800c9b0        0xc build_ak-base-kit-stm32l151-application/view_render.o
 .text._Z18view_render_screenP13view_screen_t
                0x000000000800c9bc       0x68 build_ak-base-kit-stm32l151-application/view_render.o
                0x000000000800c9bc                view_render_screen(view_screen_t*)
 .text._ZL21view_render_rectanglePv
                0x000000000800ca24       0xe8 build_ak-base-kit-stm32l151-application/view_render.o
 .text._Z12scr_mng_ctorP9scr_mng_tPFvP8ak_msg_tEP13view_screen_t
                0x000000000800cb0c       0x20 build_ak-base-kit-stm32l151-application/screen_manager.o
                0x000000000800cb0c                scr_mng_ctor(scr_mng_t*, void (*)(ak_msg_t*), view_screen_t*)
 .text._Z16scr_mng_dispatchP8ak_msg_t
                0x000000000800cb2c       0x48 build_ak-base-kit-stm32l151-application/screen_manager.o
                0x000000000800cb2c                scr_mng_dispatch(ak_msg_t*)
 .text._Z12scr_mng_tranPFvP8ak_msg_tEP13view_screen_t
                0x000000000800cb74       0x44 build_ak-base-kit-stm32l151-application/screen_manager.o
                0x000000000800cb74                scr_mng_tran(void (*)(ak_msg_t*), view_screen_t*)
 .text._ZN12Adafruit_GFX8drawLineEsssst
                0x000000000800cbb8       0xbe build_ak-base-kit-stm32l151-application/Adafruit_GFX.o
                0x000000000800cbb8                Adafruit_GFX::drawLine(short, short, short, short, unsigned short)
 .text._ZN12Adafruit_GFX8drawRectEsssst
                0x000000000800cc76       0x68 build_ak-base-kit-stm32l151-application/Adafruit_GFX.o
                0x000000000800cc76                Adafruit_GFX::drawRect(short, short, short, short, unsigned short)
 .text._ZN12Adafruit_GFX13drawFastVLineEssst
                0x000000000800ccde       0x1c build_ak-base-kit-stm32l151-application/Adafruit_GFX.o
                0x000000000800ccde                Adafruit_GFX::drawFastVLine(short, short, short, unsigned short)
 .text._ZN12Adafruit_GFX13drawFastHLineEssst
                0x000000000800ccfa       0x1a build_ak-base-kit-stm32l151-application/Adafruit_GFX.o
                0x000000000800ccfa                Adafruit_GFX::drawFastHLine(short, short, short, unsigned short)
 .text._ZN12Adafruit_GFX8fillRectEsssst
                0x000000000800cd14       0x38 build_ak-base-kit-stm32l151-application/Adafruit_GFX.o
                0x000000000800cd14                Adafruit_GFX::fillRect(short, short, short, short, unsigned short)
 .text._ZN12Adafruit_GFX10fillScreenEt
                0x000000000800cd4c       0x1c build_ak-base-kit-stm32l151-application/Adafruit_GFX.o
                0x000000000800cd4c                Adafruit_GFX::fillScreen(unsigned short)
 .text._ZN12Adafruit_GFXC2Ess
                0x000000000800cd68       0x28 build_ak-base-kit-stm32l151-application/Adafruit_GFX.o
                0x000000000800cd68                Adafruit_GFX::Adafruit_GFX(short, short)
                0x000000000800cd68                Adafruit_GFX::Adafruit_GFX(short, short)
 .text._ZN12Adafruit_GFX10drawCircleEssst
                0x000000000800cd90      0x172 build_ak-base-kit-stm32l151-application/Adafruit_GFX.o
                0x000000000800cd90                Adafruit_GFX::drawCircle(short, short, short, unsigned short)
 .text._ZN12Adafruit_GFX16fillCircleHelperEssshst
                0x000000000800cf02      0x124 build_ak-base-kit-stm32l151-application/Adafruit_GFX.o
                0x000000000800cf02                Adafruit_GFX::fillCircleHelper(short, short, short, unsigned char, short, unsigned short)
 .text._ZN12Adafruit_GFX13fillRoundRectEssssst
                0x000000000800d026       0x88 build_ak-base-kit-stm32l151-application/Adafruit_GFX.o
                0x000000000800d026                Adafruit_GFX::fillRoundRect(short, short, short, short, short, unsigned short)
 .text._ZN12Adafruit_GFX10drawBitmapEssPKhsst
                0x000000000800d0ae       0x92 build_ak-base-kit-stm32l151-application/Adafruit_GFX.o
                0x000000000800d0ae                Adafruit_GFX::drawBitmap(short, short, unsigned char const*, short, short, unsigned short)
 .text._ZN12Adafruit_GFX8drawCharEsshtth
                0x000000000800d140      0x108 build_ak-base-kit-stm32l151-application/Adafruit_GFX.o
                0x000000000800d140                Adafruit_GFX::drawChar(short, short, unsigned char, unsigned short, unsigned short, unsigned char)
 .text._ZN12Adafruit_GFX5writeEh
                0x000000000800d248       0x64 build_ak-base-kit-stm32l151-application/Adafruit_GFX.o
                0x000000000800d248                Adafruit_GFX::write(unsigned char)
 .text._ZN12Adafruit_GFX9setCursorEss
                0x000000000800d2ac        0x6 build_ak-base-kit-stm32l151-application/Adafruit_GFX.o
                0x000000000800d2ac                Adafruit_GFX::setCursor(short, short)
 .text._ZN12Adafruit_GFX11setTextSizeEh
                0x000000000800d2b2        0xa build_ak-base-kit-stm32l151-application/Adafruit_GFX.o
                0x000000000800d2b2                Adafruit_GFX::setTextSize(unsigned char)
 .text._ZN12Adafruit_GFX12setTextColorEt
                0x000000000800d2bc        0x6 build_ak-base-kit-stm32l151-application/Adafruit_GFX.o
                0x000000000800d2bc                Adafruit_GFX::setTextColor(unsigned short)
 .text._ZN12Adafruit_GFX5widthEv
                0x000000000800d2c2        0x6 build_ak-base-kit-stm32l151-application/Adafruit_GFX.o
                0x000000000800d2c2                Adafruit_GFX::width()
 .text._ZN12Adafruit_GFX6heightEv
                0x000000000800d2c8        0x6 build_ak-base-kit-stm32l151-application/Adafruit_GFX.o
                0x000000000800d2c8                Adafruit_GFX::height()
 .text._ZN19Adafruit_ssd1306syp9updateRowEii
                0x000000000800d2ce       0x1e build_ak-base-kit-stm32l151-application/Adafruit_ssd1306syp.o
                0x000000000800d2ce                Adafruit_ssd1306syp::updateRow(int, int)
 .text._ZN19Adafruit_ssd1306syp9drawPixelEsst
                0x000000000800d2ec       0x52 build_ak-base-kit-stm32l151-application/Adafruit_ssd1306syp.o
                0x000000000800d2ec                Adafruit_ssd1306syp::drawPixel(short, short, unsigned short)
 *fill*         0x000000000800d33e        0x2 
 .text._ZN19Adafruit_ssd1306sypC2Ev
                0x000000000800d340       0x24 build_ak-base-kit-stm32l151-application/Adafruit_ssd1306syp.o
                0x000000000800d340                Adafruit_ssd1306syp::Adafruit_ssd1306syp()
                0x000000000800d340                Adafruit_ssd1306syp::Adafruit_ssd1306syp()
 .text._ZN19Adafruit_ssd1306sypD2Ev
                0x000000000800d364        0x2 build_ak-base-kit-stm32l151-application/Adafruit_ssd1306syp.o
                0x000000000800d364                Adafruit_ssd1306syp::~Adafruit_ssd1306syp()
                0x000000000800d364                Adafruit_ssd1306syp::~Adafruit_ssd1306syp()
 .text._ZN19Adafruit_ssd1306syp5clearEb
                0x000000000800d366       0x22 build_ak-base-kit-stm32l151-application/Adafruit_ssd1306syp.o
                0x000000000800d366                Adafruit_ssd1306syp::clear(bool)
 .text._ZN19Adafruit_ssd1306syp9writeByteEh
                0x000000000800d388       0x54 build_ak-base-kit-stm32l151-application/Adafruit_ssd1306syp.o
                0x000000000800d388                Adafruit_ssd1306syp::writeByte(unsigned char)
 .text._ZN19Adafruit_ssd1306syp8startIICEv
                0x000000000800d3dc       0x2c build_ak-base-kit-stm32l151-application/Adafruit_ssd1306syp.o
                0x000000000800d3dc                Adafruit_ssd1306syp::startIIC()
 .text._ZN19Adafruit_ssd1306syp7stopIICEv
                0x000000000800d408       0x2c build_ak-base-kit-stm32l151-application/Adafruit_ssd1306syp.o
                0x000000000800d408                Adafruit_ssd1306syp::stopIIC()
 .text._ZN19Adafruit_ssd1306syp12writeCommandEh
                0x000000000800d434       0x2c build_ak-base-kit-stm32l151-application/Adafruit_ssd1306syp.o
                0x000000000800d434                Adafruit_ssd1306syp::writeCommand(unsigned char)
 .text._ZN19Adafruit_ssd1306syp10initializeEv
                0x000000000800d460       0xf4 build_ak-base-kit-stm32l151-application/Adafruit_ssd1306syp.o
                0x000000000800d460                Adafruit_ssd1306syp::initialize()
 .text._ZN19Adafruit_ssd1306syp10display_onEv
                0x000000000800d554        0x6 build_ak-base-kit-stm32l151-application/Adafruit_ssd1306syp.o
                0x000000000800d554                Adafruit_ssd1306syp::display_on()
 .text._ZN19Adafruit_ssd1306syp11display_offEv
                0x000000000800d55a        0x6 build_ak-base-kit-stm32l151-application/Adafruit_ssd1306syp.o
                0x000000000800d55a                Adafruit_ssd1306syp::display_off()
 .text._ZN19Adafruit_ssd1306syp17startDataSequenceEv
                0x000000000800d560       0x1c build_ak-base-kit-stm32l151-application/Adafruit_ssd1306syp.o
                0x000000000800d560                Adafruit_ssd1306syp::startDataSequence()
 .text._ZN19Adafruit_ssd1306syp6updateEv
                0x000000000800d57c       0x70 build_ak-base-kit-stm32l151-application/Adafruit_ssd1306syp.o
                0x000000000800d57c                Adafruit_ssd1306syp::update()
 .text._ZN19Adafruit_ssd1306syp9updateRowEi
                0x000000000800d5ec       0x6c build_ak-base-kit-stm32l151-application/Adafruit_ssd1306syp.o
                0x000000000800d5ec                Adafruit_ssd1306syp::updateRow(int)
 .text.eeprom_read
                0x000000000800d658        0x4 build_ak-base-kit-stm32l151-application/eeprom.o
                0x000000000800d658                eeprom_read
 .text.eeprom_erase
                0x000000000800d65c        0x4 build_ak-base-kit-stm32l151-application/eeprom.o
                0x000000000800d65c                eeprom_erase
 .text._ZL19link_hal_write_byteh
                0x000000000800d660        0x2 build_ak-base-kit-stm32l151-application/link_hal.o
 .text._ZL17link_hal_rev_byteh
                0x000000000800d662        0x4 build_ak-base-kit-stm32l151-application/link_hal.o
 *fill*         0x000000000800d666        0x2 
 .text._Z23link_hal_reg_write_bytePFhhE
                0x000000000800d668       0x28 build_ak-base-kit-stm32l151-application/link_hal.o
                0x000000000800d668                link_hal_reg_write_byte(unsigned char (*)(unsigned char))
 .text._Z21link_hal_reg_rev_bytePFhhE
                0x000000000800d690       0x28 build_ak-base-kit-stm32l151-application/link_hal.o
                0x000000000800d690                link_hal_reg_rev_byte(unsigned char (*)(unsigned char))
 .text._ZL21fsm_link_state_handleP8ak_msg_t
                0x000000000800d6b8      0x2b0 build_ak-base-kit-stm32l151-application/link.o
 .text._ZL19fsm_link_state_initP8ak_msg_t
                0x000000000800d968       0x80 build_ak-base-kit-stm32l151-application/link.o
 .text._Z9task_linkP8ak_msg_t
                0x000000000800d9e8        0xc build_ak-base-kit-stm32l151-application/link.o
                0x000000000800d9e8                task_link(ak_msg_t*)
 .text._Z23link_init_state_machinev
                0x000000000800d9f4       0x2c build_ak-base-kit-stm32l151-application/link.o
                0x000000000800d9f4                link_init_state_machine()
 .text._ZL23link_mac_frame_send_reqv
                0x000000000800da20       0x3c build_ak-base-kit-stm32l151-application/link_mac.o
 .text._ZL23link_mac_frame_send_endv
                0x000000000800da5c       0x34 build_ak-base-kit-stm32l151-application/link_mac.o
 .text._ZL28link_mac_frame_cals_checksumP16link_mac_frame_t.constprop.0
                0x000000000800da90       0x38 build_ak-base-kit-stm32l151-application/link_mac.o
 .text._Z25fsm_link_mac_state_handleP8ak_msg_t
                0x000000000800dac8      0x2b8 build_ak-base-kit-stm32l151-application/link_mac.o
                0x000000000800dac8                fsm_link_mac_state_handle(ak_msg_t*)
 .text._Z13task_link_macP8ak_msg_t
                0x000000000800dd80        0xc build_ak-base-kit-stm32l151-application/link_mac.o
                0x000000000800dd80                task_link_mac(ak_msg_t*)
 .text._Z23fsm_link_mac_state_initP8ak_msg_t
                0x000000000800dd8c       0x88 build_ak-base-kit-stm32l151-application/link_mac.o
                0x000000000800dd8c                fsm_link_mac_state_init(ak_msg_t*)
 .text._ZL26link_phy_frame_write_blockPhm
                0x000000000800de14       0x1c build_ak-base-kit-stm32l151-application/link_phy.o
 .text._ZL20link_phy_frame_writeP16link_phy_frame_t
                0x000000000800de30       0x1c build_ak-base-kit-stm32l151-application/link_phy.o
 .text._ZL28link_phy_frame_cals_checksumP16link_phy_frame_t
                0x000000000800de4c       0x38 build_ak-base-kit-stm32l151-application/link_phy.o
 .text._ZL25link_phy_frame_write_byteh
                0x000000000800de84        0xc build_ak-base-kit-stm32l151-application/link_phy.o
 .text._ZL26ac_link_phy_frame_rev_byteh
                0x000000000800de90      0x100 build_ak-base-kit-stm32l151-application/link_phy.o
 .text._ZL19link_phy_frame_sendv
                0x000000000800df90       0x2c build_ak-base-kit-stm32l151-application/link_phy.o
 .text._Z25fsm_link_phy_state_handleP8ak_msg_t
                0x000000000800dfbc      0x1f0 build_ak-base-kit-stm32l151-application/link_phy.o
                0x000000000800dfbc                fsm_link_phy_state_handle(ak_msg_t*)
 .text._Z13task_link_phyP8ak_msg_t
                0x000000000800e1ac        0xc build_ak-base-kit-stm32l151-application/link_phy.o
                0x000000000800e1ac                task_link_phy(ak_msg_t*)
 .text._Z23fsm_link_phy_state_initP8ak_msg_t
                0x000000000800e1b8       0x90 build_ak-base-kit-stm32l151-application/link_phy.o
                0x000000000800e1b8                fsm_link_phy_state_init(ak_msg_t*)
 .text._Z26link_phy_get_send_frame_tov
                0x000000000800e248       0x10 build_ak-base-kit-stm32l151-application/link_phy.o
                0x000000000800e248                link_phy_get_send_frame_to()
 .text._Z13link_pdu_initv
                0x000000000800e258       0x54 build_ak-base-kit-stm32l151-application/link_data.o
                0x000000000800e258                link_pdu_init()
 .text._Z15link_pdu_mallocv
                0x000000000800e2ac       0x24 build_ak-base-kit-stm32l151-application/link_data.o
                0x000000000800e2ac                link_pdu_malloc()
 .text._Z12link_pdu_getm
                0x000000000800e2d0       0x3c build_ak-base-kit-stm32l151-application/link_data.o
                0x000000000800e2d0                link_pdu_get(unsigned long)
 .text._Z13link_pdu_freem
                0x000000000800e30c       0x4c build_ak-base-kit-stm32l151-application/link_data.o
                0x000000000800e30c                link_pdu_free(unsigned long)
 .text._Z17link_get_src_addrv
                0x000000000800e358       0x18 build_ak-base-kit-stm32l151-application/link_data.o
                0x000000000800e358                link_get_src_addr()
 .text._Z17link_get_des_addrv
                0x000000000800e370       0x18 build_ak-base-kit-stm32l151-application/link_data.o
                0x000000000800e370                link_get_des_addr()
 .text._Z7pinModehh
                0x000000000800e388       0x84 build_ak-base-kit-stm32l151-application/wiring_digital.o
                0x000000000800e388                pinMode(unsigned char, unsigned char)
 .text._Z12digitalWritehh
                0x000000000800e40c       0x78 build_ak-base-kit-stm32l151-application/wiring_digital.o
                0x000000000800e40c                digitalWrite(unsigned char, unsigned char)
 .text._ZN5Print5writeEPKhj
                0x000000000800e484       0x22 build_ak-base-kit-stm32l151-application/Print.o
                0x000000000800e484                Print::write(unsigned char const*, unsigned int)
 .text._ZN5Print5writeEPKc