Archive member included to satisfy reference by file (symbol)

/home/hieutran/game/tools/gcc-arm-none-eabi-10.3-2021.10/arm-none-eabi/lib/thumb/v7-m/nofp/libc.a(lib_a-atof.o)
                              build_ak-base-kit-stm32l151-application/WString.o (atof)
/home/hieutran/game/tools/gcc-arm-none-eabi-10.3-2021.10/arm-none-eabi/lib/thumb/v7-m/nofp/libc.a(lib_a-atol.o)
                              build_ak-base-kit-stm32l151-application/WString.o (atol)
/home/hieutran/game/tools/gcc-arm-none-eabi-10.3-2021.10/arm-none-eabi/lib/thumb/v7-m/nofp/libc.a(lib_a-isspace.o)
                              build_ak-base-kit-stm32l151-application/WString.o (isspace)
/home/hieutran/game/tools/gcc-arm-none-eabi-10.3-2021.10/arm-none-eabi/lib/thumb/v7-m/nofp/libc.a(lib_a-malloc.o)
                              build_ak-base-kit-stm32l151-application/message.o (malloc)
/home/hieutran/game/tools/gcc-arm-none-eabi-10.3-2021.10/arm-none-eabi/lib/thumb/v7-m/nofp/libc.a(lib_a-mallocr.o)
                              /home/hieutran/game/tools/gcc-arm-none-eabi-10.3-2021.10/arm-none-eabi/lib/thumb/v7-m/nofp/libc.a(lib_a-malloc.o) (_malloc_r)
/home/hieutran/game/tools/gcc-arm-none-eabi-10.3-2021.10/arm-none-eabi/lib/thumb/v7-m/nofp/libc.a(lib_a-memcmp.o)
                              build_ak-base-kit-stm32l151-application/mbmfuncfiles.o (memcmp)
/home/hieutran/game/tools/gcc-arm-none-eabi-10.3-2021.10/arm-none-eabi/lib/thumb/v7-m/nofp/libc.a(lib_a-memcpy.o)
                              build_ak-base-kit-stm32l151-application/message.o (memcpy)
/home/hieutran/game/tools/gcc-arm-none-eabi-10.3-2021.10/arm-none-eabi/lib/thumb/v7-m/nofp/libc.a(lib_a-memmove.o)
                              build_ak-base-kit-stm32l151-application/WString.o (memmove)
/home/hieutran/game/tools/gcc-arm-none-eabi-10.3-2021.10/arm-none-eabi/lib/thumb/v7-m/nofp/libc.a(lib_a-memset.o)
                              build_ak-base-kit-stm32l151-application/task.o (memset)
/home/hieutran/game/tools/gcc-arm-none-eabi-10.3-2021.10/arm-none-eabi/lib/thumb/v7-m/nofp/libc.a(lib_a-mlock.o)
                              /home/hieutran/game/tools/gcc-arm-none-eabi-10.3-2021.10/arm-none-eabi/lib/thumb/v7-m/nofp/libc.a(lib_a-mallocr.o) (__malloc_lock)
/home/hieutran/game/tools/gcc-arm-none-eabi-10.3-2021.10/arm-none-eabi/lib/thumb/v7-m/nofp/libc.a(lib_a-rand.o)
                              build_ak-base-kit-stm32l151-application/WMath.o (srand)
/home/hieutran/game/tools/gcc-arm-none-eabi-10.3-2021.10/arm-none-eabi/lib/thumb/v7-m/nofp/libc.a(lib_a-realloc.o)
                              build_ak-base-kit-stm32l151-application/WString.o (realloc)
/home/hieutran/game/tools/gcc-arm-none-eabi-10.3-2021.10/arm-none-eabi/lib/thumb/v7-m/nofp/libc.a(lib_a-reallocr.o)
                              /home/hieutran/game/tools/gcc-arm-none-eabi-10.3-2021.10/arm-none-eabi/lib/thumb/v7-m/nofp/libc.a(lib_a-realloc.o) (_realloc_r)
/home/hieutran/game/tools/gcc-arm-none-eabi-10.3-2021.10/arm-none-eabi/lib/thumb/v7-m/nofp/libc.a(lib_a-sbrkr.o)
                              /home/hieutran/game/tools/gcc-arm-none-eabi-10.3-2021.10/arm-none-eabi/lib/thumb/v7-m/nofp/libc.a(lib_a-mallocr.o) (_sbrk_r)
/home/hieutran/game/tools/gcc-arm-none-eabi-10.3-2021.10/arm-none-eabi/lib/thumb/v7-m/nofp/libc.a(lib_a-strcat.o)
                              build_ak-base-kit-stm32l151-application/dtostrf.o (strcat)
/home/hieutran/game/tools/gcc-arm-none-eabi-10.3-2021.10/arm-none-eabi/lib/thumb/v7-m/nofp/libc.a(lib_a-strchr.o)
                              build_ak-base-kit-stm32l151-application/WString.o (strchr)
/home/hieutran/game/tools/gcc-arm-none-eabi-10.3-2021.10/arm-none-eabi/lib/thumb/v7-m/nofp/libc.a(lib_a-strcmp.o)
                              build_ak-base-kit-stm32l151-application/cmd_line.o (strcmp)
/home/hieutran/game/tools/gcc-arm-none-eabi-10.3-2021.10/arm-none-eabi/lib/thumb/v7-m/nofp/libc.a(lib_a-strcpy.o)
                              build_ak-base-kit-stm32l151-application/sys_dbg.o (strcpy)
/home/hieutran/game/tools/gcc-arm-none-eabi-10.3-2021.10/arm-none-eabi/lib/thumb/v7-m/nofp/libc.a(lib_a-strlen-stub.o)
                              build_ak-base-kit-stm32l151-application/xprintf.o (strlen)
/home/hieutran/game/tools/gcc-arm-none-eabi-10.3-2021.10/arm-none-eabi/lib/thumb/v7-m/nofp/libc.a(lib_a-strncmp.o)
                              build_ak-base-kit-stm32l151-application/WString.o (strncmp)
/home/hieutran/game/tools/gcc-arm-none-eabi-10.3-2021.10/arm-none-eabi/lib/thumb/v7-m/nofp/libc.a(lib_a-strncpy.o)
                              build_ak-base-kit-stm32l151-application/WString.o (strncpy)
/home/hieutran/game/tools/gcc-arm-none-eabi-10.3-2021.10/arm-none-eabi/lib/thumb/v7-m/nofp/libc.a(lib_a-strrchr.o)
                              build_ak-base-kit-stm32l151-application/WString.o (strrchr)
/home/hieutran/game/tools/gcc-arm-none-eabi-10.3-2021.10/arm-none-eabi/lib/thumb/v7-m/nofp/libc.a(lib_a-strstr.o)
[...]
Memory Configuration

Name             Origin             Length             Attributes
BSF              0x0000000008002000 0x0000000000001000 xr
FLASH            0x0000000008003000 0x000000000001d000 xr
SRAM             0x0000000020000000 0x0000000000004000 xrw
*default*        0x0000000000000000 0xffffffffffffffff

Linker script and memory map

                0x0000000000000800                HEAP_SIZE = 0x800

.start_boot_share_data_flash
                0x0000000008002000        0x0
                0x0000000008002000                _start_boot_share_data_flash = .

.start_flash    0x0000000008003000        0x0
                0x0000000008003000                _start_flash = .

.isr_vector     0x0000000008003000       0xf4
                0x0000000008003000                _isr_vector = .
 *(.isr_vector)
 .isr_vector    0x0000000008003000       0xf4 build_ak-base-kit-stm32l151-application/system.o
                0x0000000008003000                isr_vector
                0x00000000080030f4                . = ALIGN (0x4)

.text           0x00000000080030f8     0xedc0
                0x00000000080030f8                . = ALIGN (0x4)
 *(.text)
 .text          0x00000000080030f8       0xec /home/hieutran/game/tools/gcc-arm-none-eabi-10.3-2021.10/arm-none-eabi/lib/thumb/v7-m/nofp/libc.a(lib_a-memcpy.o)
                0x00000000080030f8                memcpy
 .text          0x00000000080031e4      0x1bc /home/hieutran/game/tools/gcc-arm-none-eabi-10.3-2021.10/arm-none-eabi/lib/thumb/v7-m/nofp/libc.a(lib_a-strcmp.o)
                0x00000000080031e4                strcmp
 .text          0x00000000080033a0      0x378 /home/hieutran/game/tools/gcc-arm-none-eabi-10.3-2021.10/lib/gcc/arm-none-eabi/10.3.1/thumb/v7-m/nofp/libgcc.a(_arm_addsubdf3.o)
                0x00000000080033a0                __aeabi_drsub
                0x00000000080033a8                __aeabi_dsub
                0x00000000080033a8                __subdf3
                0x00000000080033ac                __adddf3
                0x00000000080033ac                __aeabi_dadd
                0x0000000008003624                __aeabi_ui2d
                0x0000000008003624                __floatunsidf
                0x0000000008003644                __floatsidf
                0x0000000008003644                __aeabi_i2d
                0x0000000008003668                __extendsfdf2
                0x0000000008003668                __aeabi_f2d
                0x00000000080036ac                __aeabi_ul2d
                0x00000000080036ac                __floatundidf
                0x00000000080036bc                __floatdidf
                0x00000000080036bc                __aeabi_l2d
 .text          0x0000000008003718      0x424 /home/hieutran/game/tools/gcc-arm-none-eabi-10.3-2021.10/lib/gcc/arm-none-eabi/10.3.1/thumb/v7-m/nofp/libgcc.a(_arm_muldivdf3.o)
                0x0000000008003718                __aeabi_dmul
                0x0000000008003718                __muldf3
                0x000000000800396c                __aeabi_ddiv
                0x000000000800396c                __divdf3
 .text          0x0000000008003b3c      0x110 /home/hieutran/game/tools/gcc-arm-none-eabi-10.3-2021.10/lib/gcc/arm-none-eabi/10.3.1/thumb/v7-m/nofp/libgcc.a(_arm_cmpdf2.o)
                0x0000000008003b3c                __gtdf2
                0x0000000008003b3c                __gedf2
                0x0000000008003b44                __ltdf2
                0x0000000008003b44                __ledf2
                0x0000000008003b4c                __cmpdf2
                0x0000000008003b4c                __eqdf2
                0x0000000008003b4c                __nedf2
                0x0000000008003bc8                __aeabi_cdrcmple
                0x0000000008003bd8                __aeabi_cdcmple
                0x0000000008003bd8                __aeabi_cdcmpeq
                0x0000000008003be8                __aeabi_dcmpeq
                0x0000000008003bfc                __aeabi_dcmplt
                0x0000000008003c10                __aeabi_dcmple
                0x0000000008003c24                __aeabi_dcmpge
                0x0000000008003c38                __aeabi_dcmpgt
 .text          0x0000000008003c4c       0x2c /home/hieutran/game/tools/gcc-arm-none-eabi-10.3-2021.10/lib/gcc/arm-none-eabi/10.3.1/thumb/v7-m/nofp/libgcc.a(_arm_unorddf2.o)
                0x0000000008003c4c                __aeabi_dcmpun
                0x0000000008003c4c                __unorddf2
 .text          0x0000000008003c78       0x50 /home/hieutran/game/tools/gcc-arm-none-eabi-10.3-2021.10/lib/gcc/arm-none-eabi/10.3.1/thumb/v7-m/nofp/libgcc.a(_arm_fixdfsi.o)
                0x0000000008003c78                __fixdfsi
                0x0000000008003c78                __aeabi_d2iz
 .text          0x0000000008003cc8       0x40 /home/hieutran/game/tools/gcc-arm-none-eabi-10.3-2021.10/lib/gcc/arm-none-eabi/10.3.1/thumb/v7-m/nofp/libgcc.a(_arm_fixunsdfsi.o)
                0x0000000008003cc8                __fixunsdfsi
                0x0000000008003cc8                __aeabi_d2uiz
 .text          0x0000000008003d08      0x21c /home/hieutran/game/tools/gcc-arm-none-eabi-10.3-2021.10/lib/gcc/arm-none-eabi/10.3.1/thumb/v7-m/nofp/libgcc.a(_arm_addsubsf3.o)
                0x0000000008003d08                __aeabi_frsub
                0x0000000008003d10                __subsf3
                0x0000000008003d10                __aeabi_fsub
                0x0000000008003d14                __aeabi_fadd
                0x0000000008003d14                __addsf3
                0x0000000008003e74                __aeabi_ui2f
                0x0000000008003e74                __floatunsisf
                0x0000000008003e7c                __aeabi_i2f
                0x0000000008003e7c                __floatsisf
                0x0000000008003e98                __floatundisf
                0x0000000008003e98                __aeabi_ul2f
                0x0000000008003ea8                __floatdisf
                0x0000000008003ea8                __aeabi_l2f
 .text          0x0000000008003f24       0x30 /home/hieutran/game/tools/gcc-arm-none-eabi-10.3-2021.10/lib/gcc/arm-none-eabi/10.3.1/thumb/v7-m/nofp/libgcc.a(_aeabi_uldivmod.o)
                0x0000000008003f24                __aeabi_uldivmod
 .text          0x0000000008003f54      0x2d4 /home/hieutran/game/tools/gcc-arm-none-eabi-10.3-2021.10/lib/gcc/arm-none-eabi/10.3.1/thumb/v7-m/nofp/libgcc.a(_udivmoddi4.o)
                0x0000000008003f54                __udivmoddi4
 .text          0x0000000008004228        0x4 /home/hieutran/game/tools/gcc-arm-none-eabi-10.3-2021.10/lib/gcc/arm-none-eabi/10.3.1/thumb/v7-m/nofp/libgcc.a(_dvmd_tls.o)
                0x0000000008004228                __aeabi_ldiv0
                0x0000000008004228                __aeabi_idiv0
 *(.text*)
 .text.fsm_dispatch
                0x000000000800422c        0x6 build_ak-base-kit-stm32l151-application/fsm.o
                0x000000000800422c                fsm_dispatch
 *fill*         0x0000000008004232        0x2 
 .text.task_create
                0x0000000008004234       0x3c build_ak-base-kit-stm32l151-application/task.o
                0x0000000008004234                task_create
 .text.task_polling_create
                0x0000000008004270       0x34 build_ak-base-kit-stm32l151-application/task.o
                0x0000000008004270                task_polling_create
 .text.task_post
                0x00000000080042a4       0x84 build_ak-base-kit-stm32l151-application/task.o
                0x00000000080042a4                task_post
 .text.task_remove_msg
                0x0000000008004328       0xb4 build_ak-base-kit-stm32l151-application/task.o
                0x0000000008004328                task_remove_msg
 .text.task_post_pure_msg
                0x00000000080043dc       0x18 build_ak-base-kit-stm32l151-application/task.o
                0x00000000080043dc                task_post_pure_msg
 .text.task_post_common_msg
                0x00000000080043f4       0x2a build_ak-base-kit-stm32l151-application/task.o
                0x00000000080043f4                task_post_common_msg
 *fill*         0x000000000800441e        0x2 
 .text.task_entry_interrupt
                0x0000000008004420       0x1c build_ak-base-kit-stm32l151-application/task.o
                0x0000000008004420                task_entry_interrupt
 .text.task_exit_interrupt
                0x000000000800443c       0x24 build_ak-base-kit-stm32l151-application/task.o
                0x000000000800443c                task_exit_interrupt
 .text.task_init
                0x0000000008004460       0x40 build_ak-base-kit-stm32l151-application/task.o
                0x0000000008004460                task_init
 .text.task_polling_run
                0x00000000080044a0       0x34 build_ak-base-kit-stm32l151-application/task.o
                0x00000000080044a0                task_polling_run
 .text.task_run
                0x00000000080044d4      0x138 build_ak-base-kit-stm32l151-application/task.o
                0x00000000080044d4                task_run
 .text.get_current_task_id
                0x000000000800460c        0xc build_ak-base-kit-stm32l151-application/task.o
                0x000000000800460c                get_current_task_id
 .text.get_current_task_info
                0x0000000008004618        0x8 build_ak-base-kit-stm32l151-application/task.o
                0x0000000008004618                get_current_task_info
 .text.get_current_active_object
                0x0000000008004620        0x8 build_ak-base-kit-stm32l151-application/task.o
                0x0000000008004620                get_current_active_object
 .text.timer_remove_msg
                0x0000000008004628       0x64 build_ak-base-kit-stm32l151-application/timer.o
 .text.task_timer_tick
                0x000000000800468c       0x7c build_ak-base-kit-stm32l151-application/timer.o
                0x000000000800468c                task_timer_tick
 .text.timer_init
                0x0000000008004708       0x6c build_ak-base-kit-stm32l151-application/timer.o
                0x0000000008004708                timer_init
 .text.timer_tick
                0x0000000008004774       0x38 build_ak-base-kit-stm32l151-application/timer.o
                0x0000000008004774                timer_tick
 .text.timer_set
                0x00000000080047ac       0x98 build_ak-base-kit-stm32l151-application/timer.o
                0x00000000080047ac                timer_set
 .text.timer_remove_attr
                0x0000000008004844       0x18 build_ak-base-kit-stm32l151-application/timer.o
                0x0000000008004844                timer_remove_attr
 .text.free_common_msg
                0x000000000800485c       0x28 build_ak-base-kit-stm32l151-application/message.o
 .text.free_pure_msg
                0x0000000008004884       0x28 build_ak-base-kit-stm32l151-application/message.o
 .text.free_dynamic_msg
                0x00000000080048ac       0x30 build_ak-base-kit-stm32l151-application/message.o
 .text.msg_init
                0x00000000080048dc      0x100 build_ak-base-kit-stm32l151-application/message.o
                0x00000000080048dc                msg_init
 .text.msg_force_free
                0x00000000080049dc       0x44 build_ak-base-kit-stm32l151-application/message.o
                0x00000000080049dc                msg_force_free
 .text.msg_inc_ref_count
                0x0000000008004a20       0x2c build_ak-base-kit-stm32l151-application/message.o
                0x0000000008004a20                msg_inc_ref_count
 .text.msg_dec_ref_count
                0x0000000008004a4c       0x28 build_ak-base-kit-stm32l151-application/message.o
                0x0000000008004a4c                msg_dec_ref_count
 .text.msg_free
                0x0000000008004a74       0x58 build_ak-base-kit-stm32l151-application/message.o
                0x0000000008004a74                msg_free
 .text.ak_malloc
                0x0000000008004acc       0x50 build_ak-base-kit-stm32l151-application/message.o
                0x0000000008004acc                ak_malloc
 .text.ak_free  0x0000000008004b1c        0x4 build_ak-base-kit-stm32l151-application/message.o
                0x0000000008004b1c                ak_free
 .text.get_pure_msg
                0x0000000008004b20       0x5c build_ak-base-kit-stm32l151-application/message.o
                0x0000000008004b20                get_pure_msg
 .text.get_common_msg
                0x0000000008004b7c       0x60 build_ak-base-kit-stm32l151-application/message.o
                0x0000000008004b7c                get_common_msg
 .text.set_data_common_msg
                0x0000000008004bdc       0x4c build_ak-base-kit-stm32l151-application/message.o
                0x0000000008004bdc                set_data_common_msg
 .text.get_data_common_msg
                0x0000000008004c28       0x28 build_ak-base-kit-stm32l151-application/message.o
                0x0000000008004c28                get_data_common_msg
 .text.get_data_len_common_msg
                0x0000000008004c50       0x28 build_ak-base-kit-stm32l151-application/message.o
                0x0000000008004c50                get_data_len_common_msg
 .text.get_dynamic_msg
                0x0000000008004c78       0x64 build_ak-base-kit-stm32l151-application/message.o
                0x0000000008004c78                get_dynamic_msg
 .text.set_data_dynamic_msg
                0x0000000008004cdc       0x3c build_ak-base-kit-stm32l151-application/message.o
                0x0000000008004cdc                set_data_dynamic_msg
 .text.get_data_dynamic_msg
                0x0000000008004d18       0x28 build_ak-base-kit-stm32l151-application/message.o
                0x0000000008004d18                get_data_dynamic_msg
 .text.get_data_len_dynamic_msg
                0x0000000008004d40        0x4 build_ak-base-kit-stm32l151-application/message.o
                0x0000000008004d40                get_data_len_dynamic_msg
 .text.log_queue_init
                0x0000000008004d44       0x2e build_ak-base-kit-stm32l151-application/log_queue.o
                0x0000000008004d44                log_queue_init
 .text.log_queue_len
                0x0000000008004d72        0x4 build_ak-base-kit-stm32l151-application/log_queue.o
                0x0000000008004d72                log_queue_len
 .text.log_queue_put
                0x0000000008004d76       0x5c build_ak-base-kit-stm32l151-application/log_queue.o
                0x0000000008004d76                log_queue_put
 .text.log_queue_get
                0x0000000008004dd2       0x30 build_ak-base-kit-stm32l151-application/log_queue.o
                0x0000000008004dd2                log_queue_get
 .text.fifo_init
                0x0000000008004e02       0x12 build_ak-base-kit-stm32l151-application/fifo.o
                0x0000000008004e02                fifo_init
 .text.fifo_availble
                0x0000000008004e14        0x4 build_ak-base-kit-stm32l151-application/fifo.o
                0x0000000008004e14                fifo_availble
 .text.fifo_is_full
                0x0000000008004e18        0xc build_ak-base-kit-stm32l151-application/fifo.o
                0x0000000008004e18                fifo_is_full
 .text.fifo_put
                0x0000000008004e24       0x54 build_ak-base-kit-stm32l151-application/fifo.o
                0x0000000008004e24                fifo_put
 .text.fifo_get
                0x0000000008004e78       0x50 build_ak-base-kit-stm32l151-application/fifo.o
                0x0000000008004e78                fifo_get
 .text.ring_buffer_char_init
                0x0000000008004ec8        0xc build_ak-base-kit-stm32l151-application/ring_buffer.o
                0x0000000008004ec8                ring_buffer_char_init
 .text.ring_buffer_char_is_empty
                0x0000000008004ed4        0xa build_ak-base-kit-stm32l151-application/ring_buffer.o
                0x0000000008004ed4                ring_buffer_char_is_empty
 .text.ring_buffer_char_put
                0x0000000008004ede       0x36 build_ak-base-kit-stm32l151-application/ring_buffer.o
                0x0000000008004ede                ring_buffer_char_put
 .text.ring_buffer_char_get
                0x0000000008004f14       0x26 build_ak-base-kit-stm32l151-application/ring_buffer.o
                0x0000000008004f14                ring_buffer_char_get
 .text.mem_read
                0x0000000008004f3a       0x18 build_ak-base-kit-stm32l151-application/utils.o
                0x0000000008004f3a                mem_read
 .text.mem_write
                0x0000000008004f52       0x1a build_ak-base-kit-stm32l151-application/utils.o
                0x0000000008004f52                mem_write
 *fill*         0x0000000008004f6c        0x4 
 .text.ilog10   0x0000000008004f70       0xd8 build_ak-base-kit-stm32l151-application/xprintf.o
 .text.i10x     0x0000000008005048       0x78 build_ak-base-kit-stm32l151-application/xprintf.o
 .text.xfputc   0x00000000080050c0       0x30 build_ak-base-kit-stm32l151-application/xprintf.o
                0x00000000080050c0                xfputc
 .text.xputc    0x00000000080050f0       0x10 build_ak-base-kit-stm32l151-application/xprintf.o
                0x00000000080050f0                xputc
 .text.xvfprintf
                0x0000000008005100      0x580 build_ak-base-kit-stm32l151-application/xprintf.o
 .text.xprintf  0x0000000008005680       0x24 build_ak-base-kit-stm32l151-application/xprintf.o
                0x0000000008005680                xprintf
 .text.cmd_line_parser
                0x00000000080056a4       0x7c build_ak-base-kit-stm32l151-application/cmd_line.o
                0x00000000080056a4                cmd_line_parser
 .text.button_init
                0x0000000008005720       0x34 build_ak-base-kit-stm32l151-application/button.o
                0x0000000008005720                button_init
 .text.button_enable
                0x0000000008005754        0x6 build_ak-base-kit-stm32l151-application/button.o
                0x0000000008005754                button_enable
 .text.button_timer_polling
                0x000000000800575a       0x76 build_ak-base-kit-stm32l151-application/button.o
                0x000000000800575a                button_timer_polling
 .text.flash_wait_to_idle
                0x00000000080057d0       0x32 build_ak-base-kit-stm32l151-application/flash.o
 .text.flash_set_write_enable.constprop.0
                0x0000000008005802       0x14 build_ak-base-kit-stm32l151-application/flash.o
 .text.flash_is_connected
                0x0000000008005816       0x22 build_ak-base-kit-stm32l151-application/flash.o
                0x0000000008005816                flash_is_connected
 .text.flash_read
                0x0000000008005838       0x5e build_ak-base-kit-stm32l151-application/flash.o
                0x0000000008005838                flash_read
 .text.flash_write
                0x0000000008005896       0x6c build_ak-base-kit-stm32l151-application/flash.o
                0x0000000008005896                flash_write
 .text.flash_erase_sector
                0x0000000008005902       0x48 build_ak-base-kit-stm32l151-application/flash.o
                0x0000000008005902                flash_erase_sector
 .text.flash_erase_block_64k
                0x000000000800594a       0x46 build_ak-base-kit-stm32l151-application/flash.o
                0x000000000800594a                flash_erase_block_64k
 .text.led_init
                0x0000000008005990       0x20 build_ak-base-kit-stm32l151-application/led.o
                0x0000000008005990                led_init
 .text.led_on   0x00000000080059b0        0xc build_ak-base-kit-stm32l151-application/led.o
                0x00000000080059b0                led_on
 .text.led_off  0x00000000080059bc        0xc build_ak-base-kit-stm32l151-application/led.o
                0x00000000080059bc                led_off
 .text.led_toggle
                0x00000000080059c8       0x12 build_ak-base-kit-stm32l151-application/led.o
                0x00000000080059c8                led_toggle
 *fill*         0x00000000080059da        0x2 
 .text.BUZZER_Init
                0x00000000080059dc       0xe0 build_ak-base-kit-stm32l151-application/buzzer.o
                0x00000000080059dc                BUZZER_Init
 .text.BUZZER_Disable
                0x0000000008005abc       0x38 build_ak-base-kit-stm32l151-application/buzzer.o
                0x0000000008005abc                BUZZER_Disable
 .text.BUZZER_Enable
                0x0000000008005af4       0x84 build_ak-base-kit-stm32l151-application/buzzer.o
                0x0000000008005af4                BUZZER_Enable
 .text.buzzer_irq
                0x0000000008005b78       0x98 build_ak-base-kit-stm32l151-application/buzzer.o
                0x0000000008005b78                buzzer_irq
 .text.BUZZER_PlayTones
                0x0000000008005c10        0x2 build_ak-base-kit-stm32l151-application/buzzer.o
                0x0000000008005c10                BUZZER_PlayTones
 *fill*         0x0000000008005c12        0x2 
 .text.getModeBits
                0x0000000008005c14       0x30 build_ak-base-kit-stm32l151-application/qrcode.o
 .text.bb_appendBits
                0x0000000008005c44       0x58 build_ak-base-kit-stm32l151-application/qrcode.o
 .text.bb_setBit
                0x0000000008005c9c       0x28 build_ak-base-kit-stm32l151-application/qrcode.o
 .text.bb_getBit
                0x0000000008005cc4       0x1a build_ak-base-kit-stm32l151-application/qrcode.o
 *fill*         0x0000000008005cde        0x2 
 .text.applyMask
                0x0000000008005ce0      0x110 build_ak-base-kit-stm32l151-application/qrcode.o
 .text.setFunctionModule
                0x0000000008005df0       0x24 build_ak-base-kit-stm32l151-application/qrcode.o
 .text.drawFinderPattern
                0x0000000008005e14       0x8a build_ak-base-kit-stm32l151-application/qrcode.o
 .text.drawFormatBits
                0x0000000008005e9e      0x114 build_ak-base-kit-stm32l151-application/qrcode.o
 *fill*         0x0000000008005fb2        0x2 
 .text.getAlphanumeric
                0x0000000008005fb4       0x34 build_ak-base-kit-stm32l151-application/qrcode.o
 .text.qrcode_getBufferSize
                0x0000000008005fe8        0xe build_ak-base-kit-stm32l151-application/qrcode.o
                0x0000000008005fe8                qrcode_getBufferSize
 *fill*         0x0000000008005ff6        0x2 
 .text.qrcode_initBytes
                0x0000000008005ff8      0x9e0 build_ak-base-kit-stm32l151-application/qrcode.o
                0x0000000008005ff8                qrcode_initBytes
 .text.qrcode_initText
                0x00000000080069d8       0x2e build_ak-base-kit-stm32l151-application/qrcode.o
                0x00000000080069d8                qrcode_initText
 .text.qrcode_getModule
                0x0000000008006a06       0x28 build_ak-base-kit-stm32l151-application/qrcode.o
                0x0000000008006a06                qrcode_getModule
 *fill*         0x0000000008006a2e        0x2 
 .text.sys_dbg_cpu_dump
                0x0000000008006a30       0x4c build_ak-base-kit-stm32l151-application/sys_dbg.o
                0x0000000008006a30                sys_dbg_cpu_dump
 .text.sys_dbg_stack_space_dump
                0x0000000008006a7c       0x30 build_ak-base-kit-stm32l151-application/sys_dbg.o
                0x0000000008006a7c                sys_dbg_stack_space_dump
 .text.sys_dbg_fatal
                0x0000000008006aac      0x3cc build_ak-base-kit-stm32l151-application/sys_dbg.o
                0x0000000008006aac                sys_dbg_fatal
 .text.sys_boot_init
                0x0000000008006e78       0x14 build_ak-base-kit-stm32l151-application/sys_boot.o
                0x0000000008006e78                sys_boot_init
 .text.sys_boot_get
                0x0000000008006e8c        0xc build_ak-base-kit-stm32l151-application/sys_boot.o
                0x0000000008006e8c                sys_boot_get
 .text.sys_boot_set
                0x0000000008006e98       0x34 build_ak-base-kit-stm32l151-application/sys_boot.o
                0x0000000008006e98                sys_boot_set
 .text.eMBExceptionToErrorcode
                0x0000000008006ecc       0x14 build_ak-base-kit-stm32l151-application/mbutils.o
                0x0000000008006ecc                eMBExceptionToErrorcode
 .text.eMBMReleaseHdl
                0x0000000008006ee0       0x58 build_ak-base-kit-stm32l151-application/mbm.o
 .text.bMBMResponseTimeoutCB
                0x0000000008006f38       0x18 build_ak-base-kit-stm32l151-application/mbm.o
 .text.bMBMIsHdlValid
                0x0000000008006f50       0x18 build_ak-base-kit-stm32l151-application/mbm.o
                0x0000000008006f50                bMBMIsHdlValid
 .text.vMBMMasterTransactionPolled
                0x0000000008006f68       0xae build_ak-base-kit-stm32l151-application/mbm.o
                0x0000000008006f68                vMBMMasterTransactionPolled
 *fill*         0x0000000008007016        0x2 
 .text.eMBMSerialInitExt
                0x0000000008007018       0xcc build_ak-base-kit-stm32l151-application/mbm.o
                0x0000000008007018                eMBMSerialInitExt
 .text.usMBMCRC16
                0x00000000080070e4       0x2c build_ak-base-kit-stm32l151-application/mbmcrc.o
                0x00000000080070e4                usMBMCRC16
 .text.bMBMSerialWaitCB
                0x0000000008007110       0x3c build_ak-base-kit-stm32l151-application/mbmrtu.o
 .text.bMBMSerialRTUT35CB
                0x000000000800714c       0x58 build_ak-base-kit-stm32l151-application/mbmrtu.o
 .text.bMBMSerialRTUTransmitterEmptyAPIV1CB
                0x00000000080071a4       0xb2 build_ak-base-kit-stm32l151-application/mbmrtu.o
 .text.bMBMSerialRTUReceiverAPIV1CB
                0x0000000008007256       0xa0 build_ak-base-kit-stm32l151-application/mbmrtu.o
 *fill*         0x00000000080072f6        0x2 
 .text.eMBMSerialRTUFrameCloseInternal
                0x00000000080072f8       0x90 build_ak-base-kit-stm32l151-application/mbmrtu.o
 .text.eMBMSerialRTUFrameReceive
                0x0000000008007388       0xc4 build_ak-base-kit-stm32l151-application/mbmrtu.o
 .text.eMBMSerialRTUFrameSend
                0x000000000800744c       0xd0 build_ak-base-kit-stm32l151-application/mbmrtu.o
 .text.eMBMSerialRTUFrameClose
                0x000000000800751c       0x18 build_ak-base-kit-stm32l151-application/mbmrtu.o
 .text.eMBMSerialRTUInit
                0x0000000008007534      0x118 build_ak-base-kit-stm32l151-application/mbmrtu.o
                0x0000000008007534                eMBMSerialRTUInit
 .text.vMBMReadHoldingRegistersPolled
                0x000000000800764c      0x136 build_ak-base-kit-stm32l151-application/mbmfuncholding.o
                0x000000000800764c                vMBMReadHoldingRegistersPolled
 .text.eMBMReadHoldingRegisters
                0x0000000008007782       0x42 build_ak-base-kit-stm32l151-application/mbmfuncholding.o
                0x0000000008007782                eMBMReadHoldingRegisters
 .text.vMBMReadCoilsPolled
                0x00000000080077c4      0x114 build_ak-base-kit-stm32l151-application/mbmfunccoils.o
                0x00000000080077c4                vMBMReadCoilsPolled
 .text.eMBMReadCoils
                0x00000000080078d8       0x42 build_ak-base-kit-stm32l151-application/mbmfunccoils.o
                0x00000000080078d8                eMBMReadCoils
 .text.vMBMReadDiscreteInputsPolled
                0x000000000800791a      0x114 build_ak-base-kit-stm32l151-application/mbmfuncdisc.o
                0x000000000800791a                vMBMReadDiscreteInputsPolled
 .text.eMBMReadDiscreteInputs
                0x0000000008007a2e       0x42 build_ak-base-kit-stm32l151-application/mbmfuncdisc.o
                0x0000000008007a2e                eMBMReadDiscreteInputs
 .text.vMBMReadInputRegistersPolled
                0x0000000008007a70      0x120 build_ak-base-kit-stm32l151-application/mbmfuncinput.o
                0x0000000008007a70                vMBMReadInputRegistersPolled
 .text.eMBMReadInputRegisters
                0x0000000008007b90       0x42 build_ak-base-kit-stm32l151-application/mbmfuncinput.o
                0x0000000008007b90                eMBMReadInputRegisters
 *fill*         0x0000000008007bd2        0x2 
 .text.eMBPEventCreate
                0x0000000008007bd4       0x5c build_ak-base-kit-stm32l151-application/mbportevent.o
                0x0000000008007bd4                eMBPEventCreate
 .text.eMBPEventPost
                0x0000000008007c30       0x2c build_ak-base-kit-stm32l151-application/mbportevent.o
                0x0000000008007c30                eMBPEventPost
 .text.bMBPEventGet
                0x0000000008007c5c       0x34 build_ak-base-kit-stm32l151-application/mbportevent.o
                0x0000000008007c5c                bMBPEventGet
 .text.vMBPEventDelete
                0x0000000008007c90       0x2c build_ak-base-kit-stm32l151-application/mbportevent.o
                0x0000000008007c90                vMBPEventDelete
 .text.vMBPAssert
                0x0000000008007cbc       0x1c build_ak-base-kit-stm32l151-application/mbportother.o
                0x0000000008007cbc                vMBPAssert
 .text.vMBPEnterCritical
                0x0000000008007cd8        0x4 build_ak-base-kit-stm32l151-application/mbportother.o
                0x0000000008007cd8                vMBPEnterCritical
 .text.vMBPExitCritical
                0x0000000008007cdc        0x4 build_ak-base-kit-stm32l151-application/mbportother.o
                0x0000000008007cdc                vMBPExitCritical
 .text.eMBPSerialInit
                0x0000000008007ce0      0x144 build_ak-base-kit-stm32l151-application/mbportserial.o
                0x0000000008007ce0                eMBPSerialInit
 .text.eMBPSerialClose
                0x0000000008007e24       0x58 build_ak-base-kit-stm32l151-application/mbportserial.o
                0x0000000008007e24                eMBPSerialClose
 .text.eMBPSerialTxEnable
                0x0000000008007e7c       0x70 build_ak-base-kit-stm32l151-application/mbportserial.o
                0x0000000008007e7c                eMBPSerialTxEnable
 .text.eMBPSerialRxEnable
                0x0000000008007eec       0x5c build_ak-base-kit-stm32l151-application/mbportserial.o
                0x0000000008007eec                eMBPSerialRxEnable
 .text.vMBPUSART2ISR
                0x0000000008007f48       0xec build_ak-base-kit-stm32l151-application/mbportserial.o
                0x0000000008007f48                vMBPUSART2ISR
 .text.eMBPTimerInit
                0x0000000008008034       0xec build_ak-base-kit-stm32l151-application/mbporttimer.o
                0x0000000008008034                eMBPTimerInit
 .text.vMBPTimerClose
                0x0000000008008120       0x28 build_ak-base-kit-stm32l151-application/mbporttimer.o
                0x0000000008008120                vMBPTimerClose
 .text.eMBPTimerStart
                0x0000000008008148       0x2c build_ak-base-kit-stm32l151-application/mbporttimer.o
                0x0000000008008148                eMBPTimerStart
 .text.eMBPTimerStop
                0x0000000008008174       0x30 build_ak-base-kit-stm32l151-application/mbporttimer.o
                0x0000000008008174                eMBPTimerStop
 .text.vMBPTimerISR
                0x00000000080081a4       0x58 build_ak-base-kit-stm32l151-application/mbporttimer.o
                0x00000000080081a4                vMBPTimerISR
 .text.GPIO_Init
                0x00000000080081fc       0x78 build_ak-base-kit-stm32l151-application/stm32l1xx_gpio.o
                0x00000000080081fc                GPIO_Init
 .text.GPIO_ReadInputDataBit
                0x0000000008008274        0xc build_ak-base-kit-stm32l151-application/stm32l1xx_gpio.o
                0x0000000008008274                GPIO_ReadInputDataBit
 .text.GPIO_SetBits
                0x0000000008008280        0x4 build_ak-base-kit-stm32l151-application/stm32l1xx_gpio.o
                0x0000000008008280                GPIO_SetBits
 .text.GPIO_ResetBits
                0x0000000008008284        0x4 build_ak-base-kit-stm32l151-application/stm32l1xx_gpio.o
                0x0000000008008284                GPIO_ResetBits
 .text.GPIO_PinAFConfig
                0x0000000008008288       0x24 build_ak-base-kit-stm32l151-application/stm32l1xx_gpio.o
                0x0000000008008288                GPIO_PinAFConfig
 .text.RCC_HSICmd
                0x00000000080082ac        0xc build_ak-base-kit-stm32l151-application/stm32l1xx_rcc.o
                0x00000000080082ac                RCC_HSICmd
 .text.RCC_GetClocksFreq
                0x00000000080082b8       0x9c build_ak-base-kit-stm32l151-application/stm32l1xx_rcc.o
                0x00000000080082b8                RCC_GetClocksFreq
 .text.RCC_AHBPeriphClockCmd
                0x0000000008008354       0x18 build_ak-base-kit-stm32l151-application/stm32l1xx_rcc.o
                0x0000000008008354                RCC_AHBPeriphClockCmd
 .text.RCC_APB2PeriphClockCmd
                0x000000000800836c       0x18 build_ak-base-kit-stm32l151-application/stm32l1xx_rcc.o
                0x000000000800836c                RCC_APB2PeriphClockCmd
 .text.RCC_APB1PeriphClockCmd
                0x0000000008008384       0x18 build_ak-base-kit-stm32l151-application/stm32l1xx_rcc.o
                0x0000000008008384                RCC_APB1PeriphClockCmd
 .text.RCC_APB2PeriphResetCmd
                0x000000000800839c       0x18 build_ak-base-kit-stm32l151-application/stm32l1xx_rcc.o
                0x000000000800839c                RCC_APB2PeriphResetCmd
 .text.RCC_APB1PeriphResetCmd
                0x00000000080083b4       0x18 build_ak-base-kit-stm32l151-application/stm32l1xx_rcc.o
                0x00000000080083b4                RCC_APB1PeriphResetCmd
 .text.RCC_GetFlagStatus
                0x00000000080083cc       0x20 build_ak-base-kit-stm32l151-application/stm32l1xx_rcc.o
                0x00000000080083cc                RCC_GetFlagStatus
 .text.USART_DeInit
                0x00000000080083ec       0x9c build_ak-base-kit-stm32l151-application/stm32l1xx_usart.o
                0x00000000080083ec                USART_DeInit
 .text.USART_Init
                0x0000000008008488       0xa4 build_ak-base-kit-stm32l151-application/stm32l1xx_usart.o
                0x0000000008008488                USART_Init
 .text.USART_ClockInit
                0x000000000800852c       0x20 build_ak-base-kit-stm32l151-application/stm32l1xx_usart.o
                0x000000000800852c                USART_ClockInit
 .text.USART_Cmd
                0x000000000800854c       0x18 build_ak-base-kit-stm32l151-application/stm32l1xx_usart.o
                0x000000000800854c                USART_Cmd
 .text.USART_SendData
                0x0000000008008564        0x8 build_ak-base-kit-stm32l151-application/stm32l1xx_usart.o
                0x0000000008008564                USART_SendData
 .text.USART_ReceiveData
                0x000000000800856c        0x8 build_ak-base-kit-stm32l151-application/stm32l1xx_usart.o
                0x000000000800856c                USART_ReceiveData
 .text.USART_ITConfig
                0x0000000008008574       0x30 build_ak-base-kit-stm32l151-application/stm32l1xx_usart.o
                0x0000000008008574                USART_ITConfig
 .text.USART_GetFlagStatus
                0x00000000080085a4        0xc build_ak-base-kit-stm32l151-application/stm32l1xx_usart.o
                0x00000000080085a4                USART_GetFlagStatus
 .text.USART_GetITStatus
                0x00000000080085b0       0x3e build_ak-base-kit-stm32l151-application/stm32l1xx_usart.o
                0x00000000080085b0                USART_GetITStatus
 .text.USART_ClearITPendingBit
                0x00000000080085ee        0xe build_ak-base-kit-stm32l151-application/stm32l1xx_usart.o
                0x00000000080085ee                USART_ClearITPendingBit
 .text.SPI_I2S_DeInit
                0x00000000080085fc       0x64 build_ak-base-kit-stm32l151-application/stm32l1xx_spi.o
                0x00000000080085fc                SPI_I2S_DeInit
 .text.SPI_Init
                0x0000000008008660       0x3e build_ak-base-kit-stm32l151-application/stm32l1xx_spi.o
                0x0000000008008660                SPI_Init
 .text.SPI_Cmd  0x000000000800869e       0x18 build_ak-base-kit-stm32l151-application/stm32l1xx_spi.o
                0x000000000800869e                SPI_Cmd
 .text.SPI_I2S_ReceiveData
                0x00000000080086b6        0x6 build_ak-base-kit-stm32l151-application/stm32l1xx_spi.o
                0x00000000080086b6                SPI_I2S_ReceiveData
 .text.SPI_I2S_SendData
                0x00000000080086bc        0x4 build_ak-base-kit-stm32l151-application/stm32l1xx_spi.o
                0x00000000080086bc                SPI_I2S_SendData
 .text.SPI_I2S_GetFlagStatus
                0x00000000080086c0        0xc build_ak-base-kit-stm32l151-application/stm32l1xx_spi.o
                0x00000000080086c0                SPI_I2S_GetFlagStatus
 .text.NVIC_PriorityGroupConfig
                0x00000000080086cc       0x14 build_ak-base-kit-stm32l151-application/misc.o
                0x00000000080086cc                NVIC_PriorityGroupConfig
 .text.NVIC_Init
                0x00000000080086e0       0x58 build_ak-base-kit-stm32l151-application/misc.o
                0x00000000080086e0                NVIC_Init
 .text.EXTI_GetFlagStatus
                0x0000000008008738       0x14 build_ak-base-kit-stm32l151-application/stm32l1xx_exti.o
                0x0000000008008738                EXTI_GetFlagStatus
 .text.EXTI_GetITStatus
                0x000000000800874c        0x4 build_ak-base-kit-stm32l151-application/stm32l1xx_exti.o
                0x000000000800874c                EXTI_GetITStatus
 .text.EXTI_ClearITPendingBit
                0x0000000008008750        0xc build_ak-base-kit-stm32l151-application/stm32l1xx_exti.o
                0x0000000008008750                EXTI_ClearITPendingBit
 .text.TIM_DeInit
                0x000000000800875c       0xe4 build_ak-base-kit-stm32l151-application/stm32l1xx_tim.o
                0x000000000800875c                TIM_DeInit
 .text.TIM_TimeBaseInit
                0x0000000008008840       0x58 build_ak-base-kit-stm32l151-application/stm32l1xx_tim.o
                0x0000000008008840                TIM_TimeBaseInit
 .text.TIM_ARRPreloadConfig
                0x0000000008008898       0x18 build_ak-base-kit-stm32l151-application/stm32l1xx_tim.o
                0x0000000008008898                TIM_ARRPreloadConfig
 .text.TIM_Cmd  0x00000000080088b0       0x18 build_ak-base-kit-stm32l151-application/stm32l1xx_tim.o
                0x00000000080088b0                TIM_Cmd
 .text.TIM_OC3Init
                0x00000000080088c8       0x3c build_ak-base-kit-stm32l151-application/stm32l1xx_tim.o
                0x00000000080088c8                TIM_OC3Init
 .text.TIM_OC3PreloadConfig
                0x0000000008008904       0x10 build_ak-base-kit-stm32l151-application/stm32l1xx_tim.o
                0x0000000008008904                TIM_OC3PreloadConfig
 .text.TIM_ITConfig
                0x0000000008008914       0x12 build_ak-base-kit-stm32l151-application/stm32l1xx_tim.o
                0x0000000008008914                TIM_ITConfig
 .text.TIM_GetITStatus
                0x0000000008008926       0x16 build_ak-base-kit-stm32l151-application/stm32l1xx_tim.o
                0x0000000008008926                TIM_GetITStatus
 .text.TIM_ClearITPendingBit
                0x000000000800893c        0x8 build_ak-base-kit-stm32l151-application/stm32l1xx_tim.o
                0x000000000800893c                TIM_ClearITPendingBit
 .text.ADC_Init
                0x0000000008008944       0x4c build_ak-base-kit-stm32l151-application/stm32l1xx_adc.o
                0x0000000008008944                ADC_Init
 .text.ADC_Cmd  0x0000000008008990       0x12 build_ak-base-kit-stm32l151-application/stm32l1xx_adc.o
                0x0000000008008990                ADC_Cmd
 *fill*         0x00000000080089a2        0x2 
 .text.ADC_TempSensorVrefintCmd
                0x00000000080089a4       0x18 build_ak-base-kit-stm32l151-application/stm32l1xx_adc.o
                0x00000000080089a4                ADC_TempSensorVrefintCmd
 .text.ADC_RegularChannelConfig
                0x00000000080089bc      0x104 build_ak-base-kit-stm32l151-application/stm32l1xx_adc.o
                0x00000000080089bc                ADC_RegularChannelConfig
 .text.ADC_SoftwareStartConv
                0x0000000008008ac0        0xa build_ak-base-kit-stm32l151-application/stm32l1xx_adc.o
                0x0000000008008ac0                ADC_SoftwareStartConv
 .text.ADC_GetConversionValue
                0x0000000008008aca        0x6 build_ak-base-kit-stm32l151-application/stm32l1xx_adc.o
                0x0000000008008aca                ADC_GetConversionValue
 .text.ADC_GetFlagStatus
                0x0000000008008ad0        0xc build_ak-base-kit-stm32l151-application/stm32l1xx_adc.o
                0x0000000008008ad0                ADC_GetFlagStatus
 .text.PWR_UltraLowPowerCmd
                0x0000000008008adc        0xc build_ak-base-kit-stm32l151-application/stm32l1xx_pwr.o
                0x0000000008008adc                PWR_UltraLowPowerCmd
 .text.PWR_EnterSTOPMode
                0x0000000008008ae8       0x34 build_ak-base-kit-stm32l151-application/stm32l1xx_pwr.o
                0x0000000008008ae8                PWR_EnterSTOPMode
 .text.FLASH_Lock
                0x0000000008008b1c       0x10 build_ak-base-kit-stm32l151-application/stm32l1xx_flash.o
                0x0000000008008b1c                FLASH_Lock
 .text.DATA_EEPROM_Unlock
                0x0000000008008b2c       0x20 build_ak-base-kit-stm32l151-application/stm32l1xx_flash.o
                0x0000000008008b2c                DATA_EEPROM_Unlock
 .text.FLASH_Unlock
                0x0000000008008b4c       0x2c build_ak-base-kit-stm32l151-application/stm32l1xx_flash.o
                0x0000000008008b4c                FLASH_Unlock
 .text.DATA_EEPROM_Lock
                0x0000000008008b78       0x10 build_ak-base-kit-stm32l151-application/stm32l1xx_flash.o
                0x0000000008008b78                DATA_EEPROM_Lock
 .text.FLASH_OB_Unlock
                0x0000000008008b88       0x2c build_ak-base-kit-stm32l151-application/stm32l1xx_flash.o
                0x0000000008008b88                FLASH_OB_Unlock
 .text.FLASH_OB_Launch
                0x0000000008008bb4       0x10 build_ak-base-kit-stm32l151-application/stm32l1xx_flash.o
                0x0000000008008bb4                FLASH_OB_Launch
 .text.FLASH_OB_GetBOR
                0x0000000008008bc4       0x10 build_ak-base-kit-stm32l151-application/stm32l1xx_flash.o
                0x0000000008008bc4                FLASH_OB_GetBOR
 .text.FLASH_ClearFlag
                0x0000000008008bd4        0xc build_ak-base-kit-stm32l151-application/stm32l1xx_flash.o
                0x0000000008008bd4                FLASH_ClearFlag
 .text.FLASH_GetStatus
                0x0000000008008be0       0x28 build_ak-base-kit-stm32l151-application/stm32l1xx_flash.o
                0x0000000008008be0                FLASH_GetStatus
 .text.FLASH_WaitForLastOperation
                0x0000000008008c08       0x3c build_ak-base-kit-stm32l151-application/stm32l1xx_flash.o
                0x0000000008008c08                FLASH_WaitForLastOperation
 .text.FLASH_ErasePage
                0x0000000008008c44       0x44 build_ak-base-kit-stm32l151-application/stm32l1xx_flash.o
                0x0000000008008c44                FLASH_ErasePage
 .text.FLASH_FastProgramWord
                0x0000000008008c88       0x22 build_ak-base-kit-stm32l151-application/stm32l1xx_flash.o
                0x0000000008008c88                FLASH_FastProgramWord
 .text.DATA_EEPROM_EraseWord
                0x0000000008008caa       0x16 build_ak-base-kit-stm32l151-application/stm32l1xx_flash.o
                0x0000000008008caa                DATA_EEPROM_EraseWord
 .text.DATA_EEPROM_FastProgramWord
                0x0000000008008cc0       0x30 build_ak-base-kit-stm32l151-application/stm32l1xx_flash.o
                0x0000000008008cc0                DATA_EEPROM_FastProgramWord
 .text.DATA_EEPROM_ProgramByte
                0x0000000008008cf0       0x4c build_ak-base-kit-stm32l151-application/stm32l1xx_flash.o
                0x0000000008008cf0                DATA_EEPROM_ProgramByte
 .text.FLASH_OB_BORConfig
                0x0000000008008d3c       0x3c build_ak-base-kit-stm32l151-application/stm32l1xx_flash.o
                0x0000000008008d3c                FLASH_OB_BORConfig
 .text.IWDG_WriteAccessCmd
                0x0000000008008d78        0xc build_ak-base-kit-stm32l151-application/stm32l1xx_iwdg.o
                0x0000000008008d78                IWDG_WriteAccessCmd
 .text.IWDG_SetPrescaler
                0x0000000008008d84        0xc build_ak-base-kit-stm32l151-application/stm32l1xx_iwdg.o
                0x0000000008008d84                IWDG_SetPrescaler
 .text.IWDG_SetReload
                0x0000000008008d90        0xc build_ak-base-kit-stm32l151-application/stm32l1xx_iwdg.o
                0x0000000008008d90                IWDG_SetReload
 .text.IWDG_ReloadCounter
                0x0000000008008d9c       0x10 build_ak-base-kit-stm32l151-application/stm32l1xx_iwdg.o
                0x0000000008008d9c                IWDG_ReloadCounter
 .text.IWDG_Enable
                0x0000000008008dac       0x10 build_ak-base-kit-stm32l151-application/stm32l1xx_iwdg.o
                0x0000000008008dac                IWDG_Enable
 .text.I2C_SendData
                0x0000000008008dbc        0x4 build_ak-base-kit-stm32l151-application/stm32l1xx_i2c.o
                0x0000000008008dbc                I2C_SendData
 .text.I2C_CheckEvent
                0x0000000008008dc0       0x18 build_ak-base-kit-stm32l151-application/stm32l1xx_i2c.o
                0x0000000008008dc0                I2C_CheckEvent
 .text.disable_interrupts
                0x0000000008008dd8       0x10 build_ak-base-kit-stm32l151-application/platform.o
                0x0000000008008dd8                disable_interrupts
 .text.entry_critical
                0x0000000008008de8       0x14 build_ak-base-kit-stm32l151-application/platform.o
                0x0000000008008de8                entry_critical
 .text.exit_critical
                0x0000000008008dfc       0x30 build_ak-base-kit-stm32l151-application/platform.o
                0x0000000008008dfc                exit_critical
 .text.default_handler
                0x0000000008008e2c       0x1c build_ak-base-kit-stm32l151-application/system.o
                0x0000000008008e2c                svc_handler
                0x0000000008008e2c                default_handler
                0x0000000008008e2c                dg_monitor_handler
                0x0000000008008e2c                pendsv_handler
 .text.nmi_handler
                0x0000000008008e48       0x1c build_ak-base-kit-stm32l151-application/system.o
                0x0000000008008e48                nmi_handler
 .text.hard_fault_handler
                0x0000000008008e64       0x1c build_ak-base-kit-stm32l151-application/system.o
                0x0000000008008e64                hard_fault_handler
 .text.mem_manage_handler
                0x0000000008008e80       0x1c build_ak-base-kit-stm32l151-application/system.o
                0x0000000008008e80                mem_manage_handler
 .text.bus_fault_handler
                0x0000000008008e9c       0x1c build_ak-base-kit-stm32l151-application/system.o
                0x0000000008008e9c                bus_fault_handler
 .text.usage_fault_handler
                0x0000000008008eb8       0x1c build_ak-base-kit-stm32l151-application/system.o
                0x0000000008008eb8                usage_fault_handler
 .text.systick_handler
                0x0000000008008ed4       0x40 build_ak-base-kit-stm32l151-application/system.o
                0x0000000008008ed4                systick_handler
 .text.uart1_irq
                0x0000000008008f14       0x64 build_ak-base-kit-stm32l151-application/system.o
                0x0000000008008f14                uart1_irq
 .text.exti_line1_irq
                0x0000000008008f78       0x1c build_ak-base-kit-stm32l151-application/system.o
                0x0000000008008f78                exti_line1_irq
 .text.timer7_irq
                0x0000000008008f94       0x24 build_ak-base-kit-stm32l151-application/system.o
                0x0000000008008f94                timer7_irq
 .text.sys_ctrl_delay
                0x0000000008008fb8        0xc build_ak-base-kit-stm32l151-application/system.o
                0x0000000008008fb8                sys_ctrl_delay
 .text.sys_ctrl_millis
                0x0000000008008fc4       0x1c build_ak-base-kit-stm32l151-application/system.o
                0x0000000008008fc4                sys_ctrl_millis
 .text._init    0x0000000008008fe0        0x2 build_ak-base-kit-stm32l151-application/system.o
                0x0000000008008fe0                _init
 .text._fini    0x0000000008008fe2        0x2 build_ak-base-kit-stm32l151-application/system.o
                0x0000000008008fe2                _fini
 .text.sys_stack_count_init
                0x0000000008008fe4       0x3c build_ak-base-kit-stm32l151-application/system.o
                0x0000000008008fe4                sys_stack_count_init
 .text.reset_handler
                0x0000000008009020       0xc8 build_ak-base-kit-stm32l151-application/system.o
                0x0000000008009020                reset_handler
 .text.sys_stack_usage
                0x00000000080090e8       0x20 build_ak-base-kit-stm32l151-application/system.o
                0x00000000080090e8                sys_stack_usage
 .text.sys_stack_get_size
                0x0000000008009108        0xc build_ak-base-kit-stm32l151-application/system.o
                0x0000000008009108                sys_stack_get_size
 .text.sys_ctrl_shell_put_char_block
                0x0000000008009114       0x2c build_ak-base-kit-stm32l151-application/sys_cfg.o
                0x0000000008009114                sys_ctrl_shell_put_char_block
 .text.sys_cfg_clock
                0x0000000008009140       0x22 build_ak-base-kit-stm32l151-application/sys_cfg.o
                0x0000000008009140                sys_cfg_clock
 *fill*         0x0000000008009162        0x2 
 .text.sys_cfg_tick
                0x0000000008009164       0x50 build_ak-base-kit-stm32l151-application/sys_cfg.o
                0x0000000008009164                sys_cfg_tick
 .text.sys_cfg_svc
                0x00000000080091b4       0x30 build_ak-base-kit-stm32l151-application/sys_cfg.o
                0x00000000080091b4                sys_cfg_svc
 .text.sys_cfg_pendsv
                0x00000000080091e4       0x34 build_ak-base-kit-stm32l151-application/sys_cfg.o
                0x00000000080091e4                sys_cfg_pendsv
 .text.sys_cfg_update_info
                0x0000000008009218      0x108 build_ak-base-kit-stm32l151-application/sys_cfg.o
                0x0000000008009218                sys_cfg_update_info
 .text.sys_ctrl_shell_sw_to_block
                0x0000000008009320       0x38 build_ak-base-kit-stm32l151-application/sys_cfg.o
                0x0000000008009320                sys_ctrl_shell_sw_to_block
 .text.sys_cfg_console
                0x0000000008009358       0xd8 build_ak-base-kit-stm32l151-application/sys_cfg.o
                0x0000000008009358                sys_cfg_console
 .text.sys_ctrl_shell_get_char
                0x0000000008009430       0x34 build_ak-base-kit-stm32l151-application/sys_cfg.o
                0x0000000008009430                sys_ctrl_shell_get_char
 .text.sys_ctrl_reset
                0x0000000008009464       0x20 build_ak-base-kit-stm32l151-application/sys_cfg.o
                0x0000000008009464                sys_ctrl_reset
 .text.sys_ctrl_delay_us
                0x0000000008009484       0x58 build_ak-base-kit-stm32l151-application/sys_cfg.o
                0x0000000008009484                sys_ctrl_delay_us
 .text.sys_ctrl_delay_ms
                0x00000000080094dc       0x1e build_ak-base-kit-stm32l151-application/sys_cfg.o
                0x00000000080094dc                sys_ctrl_delay_ms
 *fill*         0x00000000080094fa        0x2 
 .text.sys_ctr_stop_mcu
                0x00000000080094fc       0xa8 build_ak-base-kit-stm32l151-application/sys_cfg.o
                0x00000000080094fc                sys_ctr_stop_mcu
 .text.sys_ctrl_independent_watchdog_init
                0x00000000080095a4       0x24 build_ak-base-kit-stm32l151-application/sys_cfg.o
                0x00000000080095a4                sys_ctrl_independent_watchdog_init
 .text.sys_ctrl_independent_watchdog_reset
                0x00000000080095c8       0x12 build_ak-base-kit-stm32l151-application/sys_cfg.o
                0x00000000080095c8                sys_ctrl_independent_watchdog_reset
 *fill*         0x00000000080095da        0x2 
 .text.sys_ctrl_soft_watchdog_init
                0x00000000080095dc       0x68 build_ak-base-kit-stm32l151-application/sys_cfg.o
                0x00000000080095dc                sys_ctrl_soft_watchdog_init
 .text.sys_ctrl_soft_watchdog_reset
                0x0000000008009644       0x18 build_ak-base-kit-stm32l151-application/sys_cfg.o
                0x0000000008009644                sys_ctrl_soft_watchdog_reset
 .text.sys_ctrl_soft_watchdog_increase_counter
                0x000000000800965c       0x40 build_ak-base-kit-stm32l151-application/sys_cfg.o
                0x000000000800965c                sys_ctrl_soft_watchdog_increase_counter
 .text.sys_ctrl_get_firmware_info
                0x000000000800969c       0x40 build_ak-base-kit-stm32l151-application/sys_cfg.o
                0x000000000800969c                sys_ctrl_get_firmware_info
 .text.task_irq_io_entry_trigger
                0x00000000080096dc        0x2 build_ak-base-kit-stm32l151-application/sys_cfg.o
                0x00000000080096dc                task_irq_io_entry_trigger
 .text.task_irq_io_exit_trigger
                0x00000000080096de        0x2 build_ak-base-kit-stm32l151-application/sys_cfg.o
                0x00000000080096de                task_irq_io_exit_trigger
 .text.io_button_mode_init
                0x00000000080096e0       0x28 build_ak-base-kit-stm32l151-application/io_cfg.o
                0x00000000080096e0                io_button_mode_init
 .text.io_button_up_init
                0x0000000008009708       0x28 build_ak-base-kit-stm32l151-application/io_cfg.o
                0x0000000008009708                io_button_up_init
 .text.io_button_down_init
                0x0000000008009730       0x28 build_ak-base-kit-stm32l151-application/io_cfg.o
                0x0000000008009730                io_button_down_init
 .text.io_button_mode_read
                0x0000000008009758        0xc build_ak-base-kit-stm32l151-application/io_cfg.o
                0x0000000008009758                io_button_mode_read
 .text.io_button_up_read
                0x0000000008009764       0x10 build_ak-base-kit-stm32l151-application/io_cfg.o
                0x0000000008009764                io_button_up_read
 .text.io_button_down_read
                0x0000000008009774        0xc build_ak-base-kit-stm32l151-application/io_cfg.o
                0x0000000008009774                io_button_down_read
 .text.led_life_init
                0x0000000008009780       0x28 build_ak-base-kit-stm32l151-application/io_cfg.o
                0x0000000008009780                led_life_init
 .text.led_life_on
                0x00000000080097a8       0x10 build_ak-base-kit-stm32l151-application/io_cfg.o
                0x00000000080097a8                led_life_on
 .text.led_life_off
                0x00000000080097b8       0x10 build_ak-base-kit-stm32l151-application/io_cfg.o
                0x00000000080097b8                led_life_off
 .text.flash_io_ctrl_init
                0x00000000080097c8       0x28 build_ak-base-kit-stm32l151-application/io_cfg.o
                0x00000000080097c8                flash_io_ctrl_init
 .text.flash_cs_low
                0x00000000080097f0       0x10 build_ak-base-kit-stm32l151-application/io_cfg.o
                0x00000000080097f0                flash_cs_low
 .text.flash_cs_high
                0x0000000008009800       0x10 build_ak-base-kit-stm32l151-application/io_cfg.o
                0x0000000008009800                flash_cs_high
 .text.flash_transfer
                0x0000000008009810       0x98 build_ak-base-kit-stm32l151-application/io_cfg.o
                0x0000000008009810                flash_transfer
 .text.io_cfg_adc1
                0x00000000080098a8       0x48 build_ak-base-kit-stm32l151-application/io_cfg.o
                0x00000000080098a8                io_cfg_adc1
 .text.adc_bat_io_cfg
                0x00000000080098f0       0x2c build_ak-base-kit-stm32l151-application/io_cfg.o
                0x00000000080098f0                adc_bat_io_cfg
 *fill*         0x000000000800991c        0x4 
 .text.sys_ctr_get_vbat_voltage
                0x0000000008009920       0x90 build_ak-base-kit-stm32l151-application/io_cfg.o
                0x0000000008009920                sys_ctr_get_vbat_voltage
 .text.sys_ctr_get_mcu_temperature
                0x00000000080099b0       0x6c build_ak-base-kit-stm32l151-application/io_cfg.o
                0x00000000080099b0                sys_ctr_get_mcu_temperature
 .text.ssd1306_clk_input_mode
                0x0000000008009a1c       0x28 build_ak-base-kit-stm32l151-application/io_cfg.o
                0x0000000008009a1c                ssd1306_clk_input_mode
 .text.ssd1306_clk_output_mode
                0x0000000008009a44       0x28 build_ak-base-kit-stm32l151-application/io_cfg.o
                0x0000000008009a44                ssd1306_clk_output_mode
 .text.ssd1306_clk_digital_write_low
                0x0000000008009a6c       0x10 build_ak-base-kit-stm32l151-application/io_cfg.o
                0x0000000008009a6c                ssd1306_clk_digital_write_low
 .text.ssd1306_clk_digital_write_high
                0x0000000008009a7c       0x10 build_ak-base-kit-stm32l151-application/io_cfg.o
                0x0000000008009a7c                ssd1306_clk_digital_write_high
 .text.ssd1306_data_input_mode
                0x0000000008009a8c       0x28 build_ak-base-kit-stm32l151-application/io_cfg.o
                0x0000000008009a8c                ssd1306_data_input_mode
 .text.ssd1306_data_output_mode
                0x0000000008009ab4       0x28 build_ak-base-kit-stm32l151-application/io_cfg.o
                0x0000000008009ab4                ssd1306_data_output_mode
 .text.ssd1306_data_digital_write_low
                0x0000000008009adc       0x10 build_ak-base-kit-stm32l151-application/io_cfg.o
                0x0000000008009adc                ssd1306_data_digital_write_low
 .text.ssd1306_data_digital_write_high
                0x0000000008009aec       0x10 build_ak-base-kit-stm32l151-application/io_cfg.o
                0x0000000008009aec                ssd1306_data_digital_write_high
 .text.ssd1306_res_input_mode
                0x0000000008009afc       0x28 build_ak-base-kit-stm32l151-application/io_cfg.o
                0x0000000008009afc                ssd1306_res_input_mode
 .text.ssd1306_res_output_mode
                0x0000000008009b24       0x28 build_ak-base-kit-stm32l151-application/io_cfg.o
                0x0000000008009b24                ssd1306_res_output_mode
 .text.ssd1306_res_digital_write_low
                0x0000000008009b4c       0x10 build_ak-base-kit-stm32l151-application/io_cfg.o
                0x0000000008009b4c                ssd1306_res_digital_write_low
 .text.ssd1306_res_digital_write_high
                0x0000000008009b5c       0x10 build_ak-base-kit-stm32l151-application/io_cfg.o
                0x0000000008009b5c                ssd1306_res_digital_write_high
 .text.io_eeprom_read
                0x0000000008009b6c       0x34 build_ak-base-kit-stm32l151-application/io_cfg.o
                0x0000000008009b6c                io_eeprom_read
 .text.io_eeprom_erase
                0x0000000008009ba0       0x4c build_ak-base-kit-stm32l151-application/io_cfg.o
                0x0000000008009ba0                io_eeprom_erase
 .text.internal_flash_unlock
                0x0000000008009bec       0x12 build_ak-base-kit-stm32l151-application/io_cfg.o
                0x0000000008009bec                internal_flash_unlock
 .text.internal_flash_lock
                0x0000000008009bfe        0x4 build_ak-base-kit-stm32l151-application/io_cfg.o
                0x0000000008009bfe                internal_flash_lock
 .text.internal_flash_erase_pages_cal
                0x0000000008009c02       0x24 build_ak-base-kit-stm32l151-application/io_cfg.o
                0x0000000008009c02                internal_flash_erase_pages_cal
 .text.internal_flash_write_cal
                0x0000000008009c26       0x48 build_ak-base-kit-stm32l151-application/io_cfg.o
                0x0000000008009c26                internal_flash_write_cal
 *fill*         0x0000000008009c6e        0x2 
 .text.io_uart2_cfg
                0x0000000008009c70       0xbc build_ak-base-kit-stm32l151-application/io_cfg.o
                0x0000000008009c70                io_uart2_cfg
 .text.io_uart_rs485_cfg
                0x0000000008009d2c       0x78 build_ak-base-kit-stm32l151-application/io_cfg.o
                0x0000000008009d2c                io_uart_rs485_cfg
 .text.io_rs485_dir_mode_output
                0x0000000008009da4       0x30 build_ak-base-kit-stm32l151-application/io_cfg.o
                0x0000000008009da4                io_rs485_dir_mode_output
 .text.io_rs485_dir_low
                0x0000000008009dd4        0xc build_ak-base-kit-stm32l151-application/io_cfg.o
                0x0000000008009dd4                io_rs485_dir_low
 .text.io_rs485_dir_high
                0x0000000008009de0        0xc build_ak-base-kit-stm32l151-application/io_cfg.o
                0x0000000008009de0                io_rs485_dir_high
 .text.SystemInit
                0x0000000008009dec      0x114 build_ak-base-kit-stm32l151-application/system_stm32l1xx.o
                0x0000000008009dec                SystemInit
 .text.SystemCoreClockUpdate
                0x0000000008009f00       0x88 build_ak-base-kit-stm32l151-application/system_stm32l1xx.o
                0x0000000008009f00                SystemCoreClockUpdate
 .text._ZL13view_scr_idlev
                0x0000000008009f88       0x34 build_ak-base-kit-stm32l151-application/scr_idle.o
 .text._ZN4ballC2Ev
                0x0000000008009fbc       0x5e build_ak-base-kit-stm32l151-application/scr_idle.o
                0x0000000008009fbc                ball::ball()
                0x0000000008009fbc                ball::ball()
 *fill*         0x000000000800a01a        0x2 
 .text._ZNSt6vectorI4ballSaIS0_EE17_M_realloc_insertIJRKS0_EEEvN9__gnu_cxx17__normal_iteratorIPS0_S2_EEDpOT_
                0x000000000800a01c      0x110 build_ak-base-kit-stm32l151-application/scr_idle.o
                0x000000000800a01c                void std::vector<ball, std::allocator<ball> >::_M_realloc_insert<ball const&>(__gnu_cxx::__normal_iterator<ball*, std::vector<ball, std::allocator<ball> > >, ball const&)
 .text._ZNSt6vectorI4ballSaIS0_EE9push_backERKS0_
                0x000000000800a12c       0x2c build_ak-base-kit-stm32l151-application/scr_idle.o
                0x000000000800a12c                std::vector<ball, std::allocator<ball> >::push_back(ball const&)
 .text._Z15scr_idle_handleP8ak_msg_t
                0x000000000800a158      0x1a8 build_ak-base-kit-stm32l151-application/scr_idle.o
                0x000000000800a158                scr_idle_handle(ak_msg_t*)
 .text.startup._GLOBAL__sub_I_dyn_view_idle
                0x000000000800a300       0x10 build_ak-base-kit-stm32l151-application/scr_idle.o
 .text.exit._GLOBAL__sub_D_dyn_view_idle
                0x000000000800a310       0x10 build_ak-base-kit-stm32l151-application/scr_idle.o
 .text._Z15scr_info_handleP8ak_msg_t
                0x000000000800a320       0x48 build_ak-base-kit-stm32l151-application/scr_info.o
                0x000000000800a320                scr_info_handle(ak_msg_t*)
 .text._ZL13view_scr_infov
                0x000000000800a368       0x78 build_ak-base-kit-stm32l151-application/scr_info.o
 .text._ZL16view_scr_startupv
                0x000000000800a3e0       0x94 build_ak-base-kit-stm32l151-application/scr_startup.o
 .text._Z18scr_startup_handleP8ak_msg_t
                0x000000000800a474       0x58 build_ak-base-kit-stm32l151-application/scr_startup.o
                0x000000000800a474                scr_startup_handle(ak_msg_t*)
 .text._Z9ship_drawv
                0x000000000800a4cc       0x64 build_ak-base-kit-stm32l151-application/game_screen.o
                0x000000000800a4cc                ship_draw()
 .text._Z12missile_drawv
                0x000000000800a530       0x38 build_ak-base-kit-stm32l151-application/game_screen.o
                0x000000000800a530                missile_draw()
 .text._Z13asteroid_drawv
                0x000000000800a568       0x80 build_ak-base-kit-stm32l151-application/game_screen.o
                0x000000000800a568                asteroid_draw()
 .text._Z14explosion_drawv
                0x000000000800a5e8       0x74 build_ak-base-kit-stm32l151-application/game_screen.o
                0x000000000800a5e8                explosion_draw()
 .text._Z20game_time_tick_setupv
                0x000000000800a65c        0xc build_ak-base-kit-stm32l151-application/game_screen.o
                0x000000000800a65c                game_time_tick_setup()
 .text._Z17game_play_handlerP8ak_msg_t
                0x000000000800a668       0xc8 build_ak-base-kit-stm32l151-application/game_screen.o
                0x000000000800a668                game_play_handler(ak_msg_t*)
 .text._ZL23space_shooting_gameplayv
                0x000000000800a730       0x64 build_ak-base-kit-stm32l151-application/game_screen.o
 .text._Z11menu_cursorv
                0x000000000800a794       0x40 build_ak-base-kit-stm32l151-application/game_menu.o
                0x000000000800a794                menu_cursor()
 .text._Z17menu_cursor_focusv
                0x000000000800a7d4       0x30 build_ak-base-kit-stm32l151-application/game_menu.o
                0x000000000800a7d4                menu_cursor_focus()
 .text.startup._GLOBAL__sub_I_screen_menu
                0x000000000800a804        0xc build_ak-base-kit-stm32l151-application/game_menu.o
 .text._ZL11menu_renderv
                0x000000000800a810       0x80 build_ak-base-kit-stm32l151-application/game_menu.o
 .text._Z17game_menu_handlerP8ak_msg_t
                0x000000000800a890       0xec build_ak-base-kit-stm32l151-application/game_menu.o
                0x000000000800a890                game_menu_handler(ak_msg_t*)
 .text._Z9ship_initv
                0x000000000800a97c       0x24 build_ak-base-kit-stm32l151-application/ship.o
                0x000000000800a97c                ship_init()
 .text._Z11ship_flightv
                0x000000000800a9a0       0x18 build_ak-base-kit-stm32l151-application/ship.o
                0x000000000800a9a0                ship_flight()
 .text._Z9ship_firev
                0x000000000800a9b8       0x18 build_ak-base-kit-stm32l151-application/ship.o
                0x000000000800a9b8                ship_fire()
 .text._Z12ship_move_upv
                0x000000000800a9d0       0x1c build_ak-base-kit-stm32l151-application/ship.o
                0x000000000800a9d0                ship_move_up()
 .text._Z14ship_move_downv
                0x000000000800a9ec       0x20 build_ak-base-kit-stm32l151-application/ship.o
                0x000000000800a9ec                ship_move_down()
 .text._Z10ship_resetv
                0x000000000800aa0c       0x24 build_ak-base-kit-stm32l151-application/ship.o
                0x000000000800aa0c                ship_reset()
 .text._Z12ship_handlerP8ak_msg_t
                0x000000000800aa30       0x44 build_ak-base-kit-stm32l151-application/ship.o
                0x000000000800aa30                ship_handler(ak_msg_t*)
 .text._Z13missile_inintv
                0x000000000800aa74       0x20 build_ak-base-kit-stm32l151-application/missile.o
                0x000000000800aa74                missile_inint()
 .text._Z8is_armedv
                0x000000000800aa94       0x10 build_ak-base-kit-stm32l151-application/missile.o
                0x000000000800aa94                is_armed()
 .text._Z13missile_firedv
                0x000000000800aaa4       0x2c build_ak-base-kit-stm32l151-application/missile.o
                0x000000000800aaa4                missile_fired()
 .text._Z14missile_flightv
                0x000000000800aad0       0x34 build_ak-base-kit-stm32l151-application/missile.o
                0x000000000800aad0                missile_flight()
 .text._Z13missile_resetv
                0x000000000800ab04       0x1c build_ak-base-kit-stm32l151-application/missile.o
                0x000000000800ab04                missile_reset()
 .text._Z15missile_handlerP8ak_msg_t
                0x000000000800ab20       0x24 build_ak-base-kit-stm32l151-application/missile.o
                0x000000000800ab20                missile_handler(ak_msg_t*)
 .text._Z13asteroid_initv
                0x000000000800ab44       0x4c build_ak-base-kit-stm32l151-application/asteroid.o
                0x000000000800ab44                asteroid_init()
 .text._Z22asteroid_out_of_screenh
                0x000000000800ab90       0x10 build_ak-base-kit-stm32l151-application/asteroid.o
                0x000000000800ab90                asteroid_out_of_screen(unsigned char)
 .text._Z15asteroid_flightv
                0x000000000800aba0       0x64 build_ak-base-kit-stm32l151-application/asteroid.o
                0x000000000800aba0                asteroid_flight()
 .text._Z12asteroid_hitv
                0x000000000800ac04       0xe0 build_ak-base-kit-stm32l151-application/asteroid.o
                0x000000000800ac04                asteroid_hit()
 .text._Z14asteroid_resetv
                0x000000000800ace4       0x50 build_ak-base-kit-stm32l151-application/asteroid.o
                0x000000000800ace4                asteroid_reset()
 .text._Z16asteroid_handlerP8ak_msg_t
                0x000000000800ad34       0x26 build_ak-base-kit-stm32l151-application/asteroid.o
                0x000000000800ad34                asteroid_handler(ak_msg_t*)
 *fill*         0x000000000800ad5a        0x2 
 .text._Z14explosion_initv
                0x000000000800ad5c       0x20 build_ak-base-kit-stm32l151-application/explosion.o
                0x000000000800ad5c                explosion_init()
 .text._Z17explosion_explodev
                0x000000000800ad7c       0x30 build_ak-base-kit-stm32l151-application/explosion.o
                0x000000000800ad7c                explosion_explode()
 .text._Z15explosion_resetv
                0x000000000800adac       0x1c build_ak-base-kit-stm32l151-application/explosion.o
                0x000000000800adac                explosion_reset()
 .text._Z17explosion_handlerP8ak_msg_t
                0x000000000800adc8       0x1c build_ak-base-kit-stm32l151-application/explosion.o
                0x000000000800adc8                explosion_handler(ak_msg_t*)
 .text._Z11task_systemP8ak_msg_t
                0x000000000800ade4       0x44 build_ak-base-kit-stm32l151-application/task_system.o
                0x000000000800ade4                task_system(ak_msg_t*)
 .text.main_app
                0x000000000800ae28      0x294 build_ak-base-kit-stm32l151-application/app.o
                0x000000000800ae28                main_app
 .text._Z19task_polling_zigbeev
                0x000000000800b0bc        0x2 build_ak-base-kit-stm32l151-application/app.o
                0x000000000800b0bc                task_polling_zigbee()
 *fill*         0x000000000800b0be        0x2 
 .text._Z20task_polling_consolev
                0x000000000800b0c0       0xd8 build_ak-base-kit-stm32l151-application/app.o
                0x000000000800b0c0                task_polling_console()
 .text.sys_irq_timer_10ms
                0x000000000800b198       0x24 build_ak-base-kit-stm32l151-application/app.o
                0x000000000800b198                sys_irq_timer_10ms
 .text._Z17btn_mode_callbackPv
                0x000000000800b1bc       0x50 build_ak-base-kit-stm32l151-application/app_bsp.o
                0x000000000800b1bc                btn_mode_callback(void*)
 .text._Z15btn_up_callbackPv
                0x000000000800b20c       0x50 build_ak-base-kit-stm32l151-application/app_bsp.o
                0x000000000800b20c                btn_up_callback(void*)
 .text._Z17btn_down_callbackPv
                0x000000000800b25c       0x50 build_ak-base-kit-stm32l151-application/app_bsp.o
                0x000000000800b25c                btn_down_callback(void*)
 .text._Z22updateDataModbusDeviceP21ModbusDeviceStructure
                0x000000000800b2ac       0xc4 build_ak-base-kit-stm32l151-application/app_modbus_pull.o
                0x000000000800b2ac                updateDataModbusDevice(ModbusDeviceStructure*)
 .text._ZL19str_parser_get_attrh
                0x000000000800b370       0x1c build_ak-base-kit-stm32l151-application/shell.o
 .text._Z9shell_sttPh
                0x000000000800b38c        0x4 build_ak-base-kit-stm32l151-application/shell.o
                0x000000000800b38c                shell_stt(unsigned char*)
 .text._Z9shell_psvPh
                0x000000000800b390       0x14 build_ak-base-kit-stm32l151-application/shell.o
                0x000000000800b390                shell_psv(unsigned char*)
 .text._Z11shell_resetPh
                0x000000000800b3a4       0x10 build_ak-base-kit-stm32l151-application/shell.o
                0x000000000800b3a4                shell_reset(unsigned char*)
 .text._Z10shell_helpPh
                0x000000000800b3b4       0x30 build_ak-base-kit-stm32l151-application/shell.o
                0x000000000800b3b4                shell_help(unsigned char*)
 .text._Z9shell_verPh
                0x000000000800b3e4      0x118 build_ak-base-kit-stm32l151-application/shell.o
                0x000000000800b3e4                shell_ver(unsigned char*)
 .text._Z12shell_rebootPh
                0x000000000800b4fc       0x10 build_ak-base-kit-stm32l151-application/shell.o
                0x000000000800b4fc                shell_reboot(unsigned char*)
 .text._ZL10str_parserPc
                0x000000000800b50c       0x60 build_ak-base-kit-stm32l151-application/shell.o
 .text._Z11shell_fatalPh
                0x000000000800b56c      0x2f4 build_ak-base-kit-stm32l151-application/shell.o
                0x000000000800b56c                shell_fatal(unsigned char*)
 .text._Z11shell_flashPh
                0x000000000800b860      0x150 build_ak-base-kit-stm32l151-application/shell.o
                0x000000000800b860                shell_flash(unsigned char*)
 .text._Z9shell_epsPh
                0x000000000800b9b0       0xd0 build_ak-base-kit-stm32l151-application/shell.o
                0x000000000800b9b0                shell_eps(unsigned char*)
 .text._Z9shell_ramPh
                0x000000000800ba80      0x20c build_ak-base-kit-stm32l151-application/shell.o
                0x000000000800ba80                shell_ram(unsigned char*)
 .text._Z10shell_bootPh
                0x000000000800bc8c       0xdc build_ak-base-kit-stm32l151-application/shell.o
                0x000000000800bc8c                shell_boot(unsigned char*)
 .text._Z9shell_fwuPh
                0x000000000800bd68       0x34 build_ak-base-kit-stm32l151-application/shell.o
                0x000000000800bd68                shell_fwu(unsigned char*)
 .text._Z12shell_buzzerPh
                0x000000000800bd9c       0x88 build_ak-base-kit-stm32l151-application/shell.o
                0x000000000800bd9c                shell_buzzer(unsigned char*)
 .text._Z9shell_dbgPh
                0x000000000800be24       0x38 build_ak-base-kit-stm32l151-application/shell.o
                0x000000000800be24                shell_dbg(unsigned char*)
 .text._Z12shell_modbusPh
                0x000000000800be5c       0xe0 build_ak-base-kit-stm32l151-application/shell.o
                0x000000000800be5c                shell_modbus(unsigned char*)
 .text._Z9shell_epiPh
                0x000000000800bf3c        0x4 build_ak-base-kit-stm32l151-application/shell.o
                0x000000000800bf3c                shell_epi(unsigned char*)
 .text._Z9shell_lcdPh
                0x000000000800bf40      0x15c build_ak-base-kit-stm32l151-application/shell.o
                0x000000000800bf40                shell_lcd(unsigned char*)
 .text.sys_irq_shell
                0x000000000800c09c       0x2c build_ak-base-kit-stm32l151-application/task_shell.o
                0x000000000800c09c                sys_irq_shell
 .text._Z10task_shellP8ak_msg_t
                0x000000000800c0c8       0x7c build_ak-base-kit-stm32l151-application/task_shell.o
                0x000000000800c0c8                task_shell(ak_msg_t*)
 .text._Z9task_lifeP8ak_msg_t
                0x000000000800c144       0x20 build_ak-base-kit-stm32l151-application/task_life.o
                0x000000000800c144                task_life(ak_msg_t*)
 .text._Z7task_fwP8ak_msg_t
                0x000000000800c164      0x490 build_ak-base-kit-stm32l151-application/task_fw.o
                0x000000000800c164                task_fw(ak_msg_t*)
 .text._Z12task_displayP8ak_msg_t
                0x000000000800c5f4        0x4 build_ak-base-kit-stm32l151-application/task_display.o
                0x000000000800c5f4                task_display(ak_msg_t*)
 .text._Z7task_ifP8ak_msg_t
                0x000000000800c5f8       0xe4 build_ak-base-kit-stm32l151-application/task_if.o
                0x000000000800c5f8                task_if(ak_msg_t*)
 .text._Z12task_rf24_ifP8ak_msg_t
                0x000000000800c6dc        0x2 build_ak-base-kit-stm32l151-application/task_rf24_if.o
                0x000000000800c6dc                task_rf24_if(ak_msg_t*)
 *fill*         0x000000000800c6de        0x2 
 .text._Z12task_uart_ifP8ak_msg_t
                0x000000000800c6e0       0xc0 build_ak-base-kit-stm32l151-application/task_uart_if.o
                0x000000000800c6e0                task_uart_if(ak_msg_t*)
 .text._Z8task_dbgP8ak_msg_t
                0x000000000800c7a0        0x2 build_ak-base-kit-stm32l151-application/task_dbg.o
                0x000000000800c7a0                task_dbg(ak_msg_t*)
 .text._ZL19view_render_dynamicPv
                0x000000000800c7a2        0xa build_ak-base-kit-stm32l151-application/view_render.o
 .text._Z22view_render_display_onv
                0x000000000800c7ac        0xc build_ak-base-kit-stm32l151-application/view_render.o
                0x000000000800c7ac                view_render_display_on()
 .text.startup._GLOBAL__sub_I_view_render
                0x000000000800c7b8        0xc build_ak-base-kit-stm32l151-application/view_render.o
 .text.exit._GLOBAL__sub_D_view_render
                0x000000000800c7c4        0xc build_ak-base-kit-stm32l151-application/view_render.o
 .text._Z18view_render_screenP13view_screen_t
                0x000000000800c7d0       0x68 build_ak-base-kit-stm32l151-application/view_render.o
                0x000000000800c7d0                view_render_screen(view_screen_t*)
 .text._ZL21view_render_rectanglePv
                0x000000000800c838       0xe8 build_ak-base-kit-stm32l151-application/view_render.o
 .text._Z12scr_mng_ctorP9scr_mng_tPFvP8ak_msg_tEP13view_screen_t
                0x000000000800c920       0x20 build_ak-base-kit-stm32l151-application/screen_manager.o
                0x000000000800c920                scr_mng_ctor(scr_mng_t*, void (*)(ak_msg_t*), view_screen_t*)
 .text._Z16scr_mng_dispatchP8ak_msg_t
                0x000000000800c940       0x48 build_ak-base-kit-stm32l151-application/screen_manager.o
                0x000000000800c940                scr_mng_dispatch(ak_msg_t*)
 .text._Z12scr_mng_tranPFvP8ak_msg_tEP13view_screen_t
                0x000000000800c988       0x44 build_ak-base-kit-stm32l151-application/screen_manager.o
                0x000000000800c988                scr_mng_tran(void (*)(ak_msg_t*), view_screen_t*)
 .text._ZN12Adafruit_GFX8drawLineEsssst
                0x000000000800c9cc       0xbe build_ak-base-kit-stm32l151-application/Adafruit_GFX.o
                0x000000000800c9cc                Adafruit_GFX::drawLine(short, short, short, short, unsigned short)
 .text._ZN12Adafruit_GFX8drawRectEsssst
                0x000000000800ca8a       0x68 build_ak-base-kit-stm32l151-application/Adafruit_GFX.o
                0x000000000800ca8a                Adafruit_GFX::drawRect(short, short, short, short, unsigned short)
 .text._ZN12Adafruit_GFX13drawFastVLineEssst
                0x000000000800caf2       0x1c build_ak-base-kit-stm32l151-application/Adafruit_GFX.o
                0x000000000800caf2                Adafruit_GFX::drawFastVLine(short, short, short, unsigned short)
 .text._ZN12Adafruit_GFX13drawFastHLineEssst
                0x000000000800cb0e       0x1a build_ak-base-kit-stm32l151-application/Adafruit_GFX.o
                0x000000000800cb0e                Adafruit_GFX::drawFastHLine(short, short, short, unsigned short)
 .text._ZN12Adafruit_GFX8fillRectEsssst
                0x000000000800cb28       0x38 build_ak-base-kit-stm32l151-application/Adafruit_GFX.o
                0x000000000800cb28                Adafruit_GFX::fillRect(short, short, short, short, unsigned short)
 .text._ZN12Adafruit_GFX10fillScreenEt
                0x000000000800cb60       0x1c build_ak-base-kit-stm32l151-application/Adafruit_GFX.o
                0x000000000800cb60                Adafruit_GFX::fillScreen(unsigned short)
 .text._ZN12Adafruit_GFXC2Ess
                0x000000000800cb7c       0x28 build_ak-base-kit-stm32l151-application/Adafruit_GFX.o
                0x000000000800cb7c                Adafruit_GFX::Adafruit_GFX(short, short)
                0x000000000800cb7c                Adafruit_GFX::Adafruit_GFX(short, short)
 .text._ZN12Adafruit_GFX10drawCircleEssst
                0x000000000800cba4      0x172 build_ak-base-kit-stm32l151-application/Adafruit_GFX.o
                0x000000000800cba4                Adafruit_GFX::drawCircle(short, short, short, unsigned short)
 .text._ZN12Adafruit_GFX10drawBitmapEssPKhsst
                0x000000000800cd16       0x92 build_ak-base-kit-stm32l151-application/Adafruit_GFX.o
                0x000000000800cd16                Adafruit_GFX::drawBitmap(short, short, unsigned char const*, short, short, unsigned short)
 .text._ZN12Adafruit_GFX8drawCharEsshtth
                0x000000000800cda8      0x108 build_ak-base-kit-stm32l151-application/Adafruit_GFX.o
                0x000000000800cda8                Adafruit_GFX::drawChar(short, short, unsigned char, unsigned short, unsigned short, unsigned char)
 .text._ZN12Adafruit_GFX5writeEh
                0x000000000800ceb0       0x64 build_ak-base-kit-stm32l151-application/Adafruit_GFX.o
                0x000000000800ceb0                Adafruit_GFX::write(unsigned char)
 .text._ZN12Adafruit_GFX9setCursorEss
                0x000000000800cf14        0x6 build_ak-base-kit-stm32l151-application/Adafruit_GFX.o
                0x000000000800cf14                Adafruit_GFX::setCursor(short, short)
 .text._ZN12Adafruit_GFX11setTextSizeEh
                0x000000000800cf1a        0xa build_ak-base-kit-stm32l151-application/Adafruit_GFX.o
                0x000000000800cf1a                Adafruit_GFX::setTextSize(unsigned char)
 .text._ZN12Adafruit_GFX12setTextColorEt
                0x000000000800cf24        0x6 build_ak-base-kit-stm32l151-application/Adafruit_GFX.o
                0x000000000800cf24                Adafruit_GFX::setTextColor(unsigned short)
 .text._ZN12Adafruit_GFX5widthEv
                0x000000000800cf2a        0x6 build_ak-base-kit-stm32l151-application/Adafruit_GFX.o
                0x000000000800cf2a                Adafruit_GFX::width()
 .text._ZN12Adafruit_GFX6heightEv
                0x000000000800cf30        0x6 build_ak-base-kit-stm32l151-application/Adafruit_GFX.o
                0x000000000800cf30                Adafruit_GFX::height()
 .text._ZN19Adafruit_ssd1306syp9updateRowEii
                0x000000000800cf36       0x1e build_ak-base-kit-stm32l151-application/Adafruit_ssd1306syp.o
                0x000000000800cf36                Adafruit_ssd1306syp::updateRow(int, int)
 .text._ZN19Adafruit_ssd1306syp9drawPixelEsst
                0x000000000800cf54       0x52 build_ak-base-kit-stm32l151-application/Adafruit_ssd1306syp.o
                0x000000000800cf54                Adafruit_ssd1306syp::drawPixel(short, short, unsigned short)
 *fill*         0x000000000800cfa6        0x2 
 .text._ZN19Adafruit_ssd1306sypC2Ev
                0x000000000800cfa8       0x24 build_ak-base-kit-stm32l151-application/Adafruit_ssd1306syp.o
                0x000000000800cfa8                Adafruit_ssd1306syp::Adafruit_ssd1306syp()
                0x000000000800cfa8                Adafruit_ssd1306syp::Adafruit_ssd1306syp()
 .text._ZN19Adafruit_ssd1306sypD2Ev
                0x000000000800cfcc        0x2 build_ak-base-kit-stm32l151-application/Adafruit_ssd1306syp.o
                0x000000000800cfcc                Adafruit_ssd1306syp::~Adafruit_ssd1306syp()
                0x000000000800cfcc                Adafruit_ssd1306syp::~Adafruit_ssd1306syp()
 .text._ZN19Adafruit_ssd1306syp5clearEb
                0x000000000800cfce       0x22 build_ak-base-kit-stm32l151-application/Adafruit_ssd1306syp.o
                0x000000000800cfce                Adafruit_ssd1306syp::clear(bool)
 .text._ZN19Adafruit_ssd1306syp9writeByteEh
                0x000000000800cff0       0x54 build_ak-base-kit-stm32l151-application/Adafruit_ssd1306syp.o
                0x000000000800cff0                Adafruit_ssd1306syp::writeByte(unsigned char)
 .text._ZN19Adafruit_ssd1306syp8startIICEv
                0x000000000800d044       0x2c build_ak-base-kit-stm32l151-application/Adafruit_ssd1306syp.o
                0x000000000800d044                Adafruit_ssd1306syp::startIIC()
 .text._ZN19Adafruit_ssd1306syp7stopIICEv
                0x000000000800d070       0x2c build_ak-base-kit-stm32l151-application/Adafruit_ssd1306syp.o
                0x000000000800d070                Adafruit_ssd1306syp::stopIIC()
 .text._ZN19Adafruit_ssd1306syp12writeCommandEh
                0x000000000800d09c       0x2c build_ak-base-kit-stm32l151-application/Adafruit_ssd1306syp.o
                0x000000000800d09c                Adafruit_ssd1306syp::writeCommand(unsigned char)
 .text._ZN19Adafruit_ssd1306syp10initializeEv
                0x000000000800d0c8       0xf4 build_ak-base-kit-stm32l151-application/Adafruit_ssd1306syp.o
                0x000000000800d0c8                Adafruit_ssd1306syp::initialize()
 .text._ZN19Adafruit_ssd1306syp10display_onEv
                0x000000000800d1bc        0x6 build_ak-base-kit-stm32l151-application/Adafruit_ssd1306syp.o
                0x000000000800d1bc                Adafruit_ssd1306syp::display_on()
 .text._ZN19Adafruit_ssd1306syp11display_offEv
                0x000000000800d1c2        0x6 build_ak-base-kit-stm32l151-application/Adafruit_ssd1306syp.o
                0x000000000800d1c2                Adafruit_ssd1306syp::display_off()
 .text._ZN19Adafruit_ssd1306syp17startDataSequenceEv
                0x000000000800d1c8       0x1c build_ak-base-kit-stm32l151-application/Adafruit_ssd1306syp.o
                0x000000000800d1c8                Adafruit_ssd1306syp::startDataSequence()
 .text._ZN19Adafruit_ssd1306syp6updateEv
                0x000000000800d1e4       0x70 build_ak-base-kit-stm32l151-application/Adafruit_ssd1306syp.o
                0x000000000800d1e4                Adafruit_ssd1306syp::update()
 .text._ZN19Adafruit_ssd1306syp9updateRowEi
                0x000000000800d254       0x6c build_ak-base-kit-stm32l151-application/Adafruit_ssd1306syp.o
                0x000000000800d254                Adafruit_ssd1306syp::updateRow(int)
 .text.eeprom_read
                0x000000000800d2c0        0x4 build_ak-base-kit-stm32l151-application/eeprom.o
                0x000000000800d2c0                eeprom_read
 .text.eeprom_erase
                0x000000000800d2c4        0x4 build_ak-base-kit-stm32l151-application/eeprom.o
                0x000000000800d2c4                eeprom_erase
 .text._ZL19link_hal_write_byteh
                0x000000000800d2c8        0x2 build_ak-base-kit-stm32l151-application/link_hal.o
 .text._ZL17link_hal_rev_byteh
                0x000000000800d2ca        0x4 build_ak-base-kit-stm32l151-application/link_hal.o
 *fill*         0x000000000800d2ce        0x2 
 .text._Z23link_hal_reg_write_bytePFhhE
                0x000000000800d2d0       0x28 build_ak-base-kit-stm32l151-application/link_hal.o
                0x000000000800d2d0                link_hal_reg_write_byte(unsigned char (*)(unsigned char))
 .text._Z21link_hal_reg_rev_bytePFhhE
                0x000000000800d2f8       0x28 build_ak-base-kit-stm32l151-application/link_hal.o
                0x000000000800d2f8                link_hal_reg_rev_byte(unsigned char (*)(unsigned char))
 .text._ZL21fsm_link_state_handleP8ak_msg_t
                0x000000000800d320      0x2b0 build_ak-base-kit-stm32l151-application/link.o
 .text._ZL19fsm_link_state_initP8ak_msg_t
                0x000000000800d5d0       0x80 build_ak-base-kit-stm32l151-application/link.o
 .text._Z9task_linkP8ak_msg_t
                0x000000000800d650        0xc build_ak-base-kit-stm32l151-application/link.o
                0x000000000800d650                task_link(ak_msg_t*)
 .text._Z23link_init_state_machinev
                0x000000000800d65c       0x2c build_ak-base-kit-stm32l151-application/link.o
                0x000000000800d65c                link_init_state_machine()
 .text._ZL23link_mac_frame_send_reqv
                0x000000000800d688       0x3c build_ak-base-kit-stm32l151-application/link_mac.o
 .text._ZL23link_mac_frame_send_endv
                0x000000000800d6c4       0x34 build_ak-base-kit-stm32l151-application/link_mac.o
 .text._ZL28link_mac_frame_cals_checksumP16link_mac_frame_t.constprop.0
                0x000000000800d6f8       0x38 build_ak-base-kit-stm32l151-application/link_mac.o
 .text._Z25fsm_link_mac_state_handleP8ak_msg_t
                0x000000000800d730      0x2b8 build_ak-base-kit-stm32l151-application/link_mac.o
                0x000000000800d730                fsm_link_mac_state_handle(ak_msg_t*)
 .text._Z13task_link_macP8ak_msg_t
                0x000000000800d9e8        0xc build_ak-base-kit-stm32l151-application/link_mac.o
                0x000000000800d9e8                task_link_mac(ak_msg_t*)
 .text._Z23fsm_link_mac_state_initP8ak_msg_t
                0x000000000800d9f4       0x88 build_ak-base-kit-stm32l151-application/link_mac.o
                0x000000000800d9f4                fsm_link_mac_state_init(ak_msg_t*)
 .text._ZL26link_phy_frame_write_blockPhm
                0x000000000800da7c       0x1c build_ak-base-kit-stm32l151-application/link_phy.o
 .text._ZL20link_phy_frame_writeP16link_phy_frame_t
                0x000000000800da98       0x1c build_ak-base-kit-stm32l151-application/link_phy.o
 .text._ZL28link_phy_frame_cals_checksumP16link_phy_frame_t
                0x000000000800dab4       0x38 build_ak-base-kit-stm32l151-application/link_phy.o
 .text._ZL25link_phy_frame_write_byteh
                0x000000000800daec        0xc build_ak-base-kit-stm32l151-application/link_phy.o
 .text._ZL26ac_link_phy_frame_rev_byteh
                0x000000000800daf8      0x100 build_ak-base-kit-stm32l151-application/link_phy.o
 .text._ZL19link_phy_frame_sendv
                0x000000000800dbf8       0x2c build_ak-base-kit-stm32l151-application/link_phy.o
 .text._Z25fsm_link_phy_state_handleP8ak_msg_t
                0x000000000800dc24      0x1f0 build_ak-base-kit-stm32l151-application/link_phy.o
                0x000000000800dc24                fsm_link_phy_state_handle(ak_msg_t*)
 .text._Z13task_link_phyP8ak_msg_t
                0x000000000800de14        0xc build_ak-base-kit-stm32l151-application/link_phy.o
                0x000000000800de14                task_link_phy(ak_msg_t*)
 .text._Z23fsm_link_phy_state_initP8ak_msg_t
                0x000000000800de20       0x90 build_ak-base-kit-stm32l151-application/link_phy.o
                0x000000000800de20                fsm_link_phy_state_init(ak_msg_t*)
 .text._Z26link_phy_get_send_frame_tov
                0x000000000800deb0       0x10 build_ak-base-kit-stm32l151-application/link_phy.o
                0x000000000800deb0                link_phy_get_send_frame_to()
 .text._Z13link_pdu_initv
                0x000000000800dec0       0x54 build_ak-base-kit-stm32l151-application/link_data.o
                0x000000000800dec0                link_pdu_init()
 .text._Z15link_pdu_mallocv
                0x000000000800df14       0x24 build_ak-base-kit-stm32l151-application/link_data.o
                0x000000000800df14                link_pdu_malloc()
 .text._Z12link_pdu_getm
                0x000000000800df38       0x3c build_ak-base-kit-stm32l151-application/link_data.o
                0x000000000800df38                link_pdu_get(unsigned long)
 .text._Z13link_pdu_freem
                0x000000000800df74       0x4c build_ak-base-kit-stm32l151-application/link_data.o
                0x000000000800df74                link_pdu_free(unsigned long)
 .text._Z17link_get_src_addrv
                0x000000000800dfc0       0x18 build_ak-base-kit-stm32l151-application/link_data.o
                0x000000000800dfc0                link_get_src_addr()
 .text._Z17link_get_des_addrv
                0x000000000800dfd8       0x18 build_ak-base-kit-stm32l151-application/link_data.o
                0x000000000800dfd8                link_get_des_addr()
 .text._Z7pinModehh
                0x000000000800dff0       0x84 build_ak-base-kit-stm32l151-application/wiring_digital.o
                0x000000000800dff0                pinMode(unsigned char, unsigned char)
 .text._Z12digitalWritehh
                0x000000000800e074       0x78 build_ak-base-kit-stm32l151-application/wiring_digital.o
                0x000000000800e074                digitalWrite(unsigned char, unsigned char)
 .text._ZN5Print5writeEPKhj
                0x000000000800e0ec       0x22 build_ak-base-kit-stm32l151-application/Print.o