sources/app/game/space_shooter/asteroid.cpp:15:6:void asteroid_init()	24	static
sources/app/game/space_shooter/asteroid.cpp:41:6:bool asteroid_out_of_screen(uint8_t)	0	static
sources/app/game/space_shooter/asteroid.cpp:63:6:void asteroid_flight()	24	static
sources/app/game/space_shooter/asteroid.cpp:100:6:bool asteroid_missile_collision(uint8_t)	8	static
sources/app/game/space_shooter/asteroid.cpp:118:6:bool asteroid_ship_collision(uint8_t)	8	static
sources/app/game/space_shooter/asteroid.cpp:136:6:void asteroid_hit()	32	static
sources/app/game/space_shooter/asteroid.cpp:195:6:void asteroid_reset()	24	static
sources/app/game/space_shooter/asteroid.cpp:220:6:void asteroid_handler(ak_msg_t*)	0	static
