sources/app/game/game_scr/game_screen.cpp:5:6:void info_screen_draw()	0	static
sources/app/game/game_scr/game_screen.cpp:14:6:void ship_draw()	24	static
sources/app/game/game_scr/game_screen.cpp:42:6:void missile_draw()	24	static
sources/app/game/game_scr/game_screen.cpp:60:6:void asteroid_draw()	40	static
sources/app/game/game_scr/game_screen.cpp:87:6:void explosion_draw()	24	static
sources/app/game/game_scr/game_screen.cpp:158:6:void game_time_tick_setup()	0	static
sources/app/game/game_scr/game_screen.cpp:163:6:void game_play_handler(ak_msg_t*)	8	static
sources/app/game/game_scr/game_screen.cpp:138:6:void space_shooting_gameplay()	8	static
